<html>
<body>
<pre>
<h1>µVision Build Log</h1>
<h2>Tool Versions:</h2>
IDE-Version: ¦ÌVision V5.14.0.0
Copyright (C) 2015 ARM Ltd and ARM Germany GmbH. All rights reserved.
License Information: Rocky Rocky, DSZ, LIC=S5III-TMZ6M-SE5H0-BEH3D-BYKS0-L6VNL
 
Tool Versions:
Toolchain:       MDK-ARM Professional  Version: 5.14.0.0
Toolchain Path:  d:\Keil_v5\ARM\ARMCC\Bin
C Compiler:      Armcc.exe V5.05 update 1 (build 106)
Assembler:       Armasm.exe V5.05 update 1 (build 106)
Linker/Locator:  ArmLink.exe V5.05 update 1 (build 106)
Library Manager: ArmAr.exe V5.05 update 1 (build 106)
Hex Converter:   FromElf.exe V5.05 update 1 (build 106)
CPU DLL:         SARM.DLL V5.14.0.0
Dialog DLL:      DARMATS9.DLL V1.19
Target DLL:      Segger\JLTAgdi.dll V1.59.0.0
Dialog DLL:      TARMATS9.DLL V1.19
 
<h2>Project:</h2>
F:\git Item\LCD DEMO\LCD-DEMO\FreeRTOS\KEIL\RTOSDemo.uvproj
Project File Date:  02/15/2020

<h2>Output:</h2>
Build target 'RTOSDemo_ARM'
compiling Board_bsp.c...
..\app\src\Board_bsp.c(39): warning:  #177-D: variable "uart" was declared but never referenced
        WB_UART_T uart;
..\app\src\Board_bsp.c(40): warning:  #177-D: variable "sInitTime" was declared but never referenced
        RTC_TIME_DATA_T sInitTime;
..\app\src\Board_bsp.c(41): warning:  #177-D: variable "lcdformatex" was declared but never referenced
        LCDFORMATEX lcdformatex;
..\app\src\Board_bsp.c(42): warning:  #177-D: variable "osdFormat" was declared but never referenced
        OSDFORMATEX osdFormat;
..\app\src\Board_bsp.c: 4 warnings, 0 errors
linking...
Program Size: Code=458096 RO-data=804844 RW-data=11008 ZI-data=20861896  
After Build - User command #1: fromelf.exe --bin --output output\conprog.bin Objects\lcd_project.axf
".\Objects\lcd_project.axf" - 0 Error(s), 4 Warning(s).
</pre>
</body>
</html>
