Component: ARM Compiler 5.05 update 1 (build 106) Tool: armlink [4d0efa]

==============================================================================

Section Cross References

    wb_init.o(WB_INIT) refers to portasm.o(PORT_ASM) for vPortYieldProcessor
    wb_init.o(WB_INIT) refers to __main.o(!!!main) for __main
    standalone.o(.text) refers (Special) to heapauxi.o(.text) for __use_two_region_memory
    multithread.o(.text) refers to queue.o(.text) for xQueueGenericCreate
    multithread.o(.text) refers to tasks.o(.text) for xTaskGetSchedulerState
    main.o(.text) refers to pollq_n329.o(.text) for xArePollingQueuesStillRunning
    main.o(.text) refers to blockq_n329.o(.text) for xAreBlockingQueuesStillRunning
    main.o(.text) refers to semtest_n329.o(.text) for xAreSemaphoreTasksStillRunning
    main.o(.text) refers to dynamic_n329.o(.text) for xAreDynamicPriorityTasksStillRunning
    main.o(.text) refers to tasks.o(.text) for vTaskDelay
    main.o(.text) refers to wb_cache.o(.text) for sysEnableCache
    main.o(.text) refers to wb_uart.o(.text) for sysUartPort
    main.o(.text) refers to wb_config.o(.text) for sysGetExternalClock
    main.o(.text) refers to wb_aic.o(.text) for sysSetLocalInterrupt
    pollq_n329.o(.text) refers to queue.o(.text) for xQueueGenericSend
    pollq_n329.o(.text) refers to tasks.o(.text) for pcTaskGetTaskName
    pollq_n329.o(.text) refers to wb_uart.o(.text) for sysprintf
    pollq_n329.o(.text) refers to port.o(.text) for vPortEnterCritical
    pollq_n329.o(.text) refers to pollq_n329.o(.data) for xPollingProducerCount
    blockq_n329.o(.text) refers to queue.o(.text) for xQueueGenericReceive
    blockq_n329.o(.text) refers to tasks.o(.text) for pcTaskGetTaskName
    blockq_n329.o(.text) refers to wb_uart.o(.text) for sysprintf
    blockq_n329.o(.text) refers to heap_4.o(.text) for pvPortMalloc
    blockq_n329.o(.text) refers to blockq_n329.o(.data) for sBlockingConsumerCount
    semtest_n329.o(.text) refers to port.o(.text) for vPortEnterCritical
    semtest_n329.o(.text) refers to queue.o(.text) for xQueueGenericReceive
    semtest_n329.o(.text) refers to tasks.o(.text) for pcTaskGetTaskName
    semtest_n329.o(.text) refers to wb_uart.o(.text) for sysprintf
    semtest_n329.o(.text) refers to portasm.o(PORT_ASM) for vPortYield
    semtest_n329.o(.text) refers to heap_4.o(.text) for pvPortMalloc
    semtest_n329.o(.text) refers to semtest_n329.o(.data) for sNextCheckVariable
    dynamic_n329.o(.text) refers to tasks.o(.text) for vTaskSuspendAll
    dynamic_n329.o(.text) refers to queue.o(.text) for xQueueGenericReceive
    dynamic_n329.o(.text) refers to wb_uart.o(.text) for sysprintf
    dynamic_n329.o(.text) refers to port.o(.text) for vPortEnterCritical
    dynamic_n329.o(.text) refers to dynamic_n329.o(.data) for xSuspendedTestQueue
    tasks.o(.text) refers to list.o(.text) for vListInitialise
    tasks.o(.text) refers to heap_4.o(.text) for pvPortMalloc
    tasks.o(.text) refers to aeabi_memset.o(.text) for __aeabi_memset
    tasks.o(.text) refers to port.o(.text) for pxPortInitialiseStack
    tasks.o(.text) refers to portasm.o(PORT_ASM) for vPortYield
    tasks.o(.text) refers to tasks.o(.bss) for pxReadyTasksLists
    tasks.o(.text) refers to tasks.o(.data) for pxDelayedTaskList
    queue.o(.text) refers to port.o(.text) for vPortEnterCritical
    queue.o(.text) refers to tasks.o(.text) for xTaskRemoveFromEventList
    queue.o(.text) refers to portasm.o(PORT_ASM) for vPortYield
    queue.o(.text) refers to list.o(.text) for vListInitialise
    queue.o(.text) refers to heap_4.o(.text) for pvPortMalloc
    queue.o(.text) refers to rt_memcpy.o(.text) for __aeabi_memcpy
    queue.o(.text) refers to queue.o(.bss) for xQueueRegistry
    port.o(.text) refers to wb_aic.o(.text) for sysEnableInterrupt
    port.o(.text) refers to portasm.o(PORT_ASM) for vPortStartFirstTask
    port.o(.text) refers to port.o(.data) for ulCriticalNesting
    portasm.o(PORT_ASM) refers to tasks.o(.data) for pxCurrentTCB
    portasm.o(PORT_ASM) refers to port.o(.data) for ulCriticalNesting
    portasm.o(PORT_ASM) refers to tasks.o(.text) for vTaskSwitchContext
    portasm.o(PORT_ASM) refers to wb_aic.o(.text) for sysIrqHandler
    heap_4.o(.text) refers to tasks.o(.text) for vTaskSuspendAll
    heap_4.o(.text) refers to heap_4.o(.data) for xStart
    heap_4.o(.text) refers to heap_4.o(.bss) for ucHeap
    wb_aic.o(.text) refers to wb_cache.o(.text) for sysGetCacheState
    wb_aic.o(.text) refers to wb_aic.o(.data) for sysIrqHandlerTable
    wb_aic.o(.data) refers to wb_aic.o(.text) for WB_Interrupt_Shell
    wb_cache.o(.text) refers to wb_mmu.o(.text) for sysInitMMUTable
    wb_cache.o(.text) refers to wb_cache.o(.emb_text) for sys_flush_and_clean_dcache
    wb_cache.o(.text) refers to wb_cache.o(.data) for _sys_IsCacheOn
    wb_config.o(.text) refers to rt_memcpy.o(.text) for __aeabi_memcpy
    wb_config.o(.text) refers to aeabi_sdiv.o(.text_udiv) for __aeabi_uidivmod
    wb_config.o(.text) refers to wb_power.o(.bss) for _tmp_buf
    wb_config.o(.text) refers to wb_config.o(.data) for bIsCheckPllConstraint
    wb_config.o(.text) refers to wb_config.o(.constdata) for .constdata
    wb_config.o(.text) refers to wb_uart.o(.text) for sysGetChipVersion
    wb_config.o(.text) refers to aeabi_sdiv.o(.text) for __aeabi_idivmod
    wb_config.o(.text) refers to wb_timer.o(.text) for sysDelay
    wb_uart.o(.text) refers to aeabi_sdiv.o(.text_udiv) for __aeabi_uidivmod
    wb_uart.o(.text) refers to wb_aic.o(.text) for sysInstallISR
    wb_uart.o(.text) refers to strlen.o(.text) for strlen
    wb_uart.o(.text) refers to wb_config.o(.text) for sysGetExternalClock
    wb_uart.o(.text) refers to wb_uart.o(.data) for u32UartPort
    wb_uart.o(.text) refers to wb_uart.o(.bss) for pfnUartIntHandlerTable
    wb_uart.o(.data) refers to wb_uart.o(.text) for UartPort
    wb_mmu.o(.text) refers to wb_mmu.o(.emb_text) for sysSetupCP15
    wb_mmu.o(.text) refers to wb_mmu.o(.data) for .data
    wb_mmu.o(.text) refers to wb_mmu.o(.bss) for .bss
    wb_power.o(.text) refers to wb_aic.o(.text) for sysGetIBitState
    wb_power.o(.text) refers to rt_memcpy.o(.text) for __aeabi_memcpy
    wb_power.o(.text) refers to memcmp.o(.text) for memcmp
    wb_power.o(.text) refers to wb_uart.o(.text) for sysprintf
    wb_power.o(.text) refers to wb_cache.o(.text) for sysFlushCache
    wb_power.o(.text) refers to wb_power.o(.bss) for _tmp_buf
    wb_timer.o(.text) refers to wb_aic.o(.text) for sysInstallISR
    wb_timer.o(.text) refers to aeabi_sdiv.o(.text_udiv) for __aeabi_uidivmod
    wb_timer.o(.text) refers to wb_timer.o(.data) for _sys_uTimer0Count
    wb_timer.o(.text) refers to wb_timer.o(.bss) for tTime0Event
    rt_memcpy.o(.text) refers to rt_memcpy_w.o(.text) for __aeabi_memcpy4
    aeabi_memset.o(.text) refers to rt_memclr.o(.text) for _memset
    aeabi_sdiv.o(.text_udiv) refers to aeabi_sdiv.o(.text) for __arm_div2
    aeabi_sdiv_div0.o(.text_udiv) refers to aeabi_sdiv_div0.o(.text) for __arm_div2
    __main.o(!!!main) refers to rtentry.o(.ARM.Collect$$rtentry$$00000000) for __rt_entry
    rtentry.o(.ARM.Collect$$rtentry$$00000000) refers (Special) to rtentry2.o(.ARM.Collect$$rtentry$$0000000A) for __rt_entry_li
    rtentry.o(.ARM.Collect$$rtentry$$00000000) refers (Special) to rtentry2.o(.ARM.Collect$$rtentry$$0000000D) for __rt_entry_main
    rtentry.o(.ARM.Collect$$rtentry$$00000000) refers (Special) to rtentry2.o(.ARM.Collect$$rtentry$$0000000C) for __rt_entry_postli_1
    rtentry.o(.ARM.Collect$$rtentry$$00000000) refers (Special) to rtentry2.o(.ARM.Collect$$rtentry$$00000009) for __rt_entry_postsh_1
    rtentry.o(.ARM.Collect$$rtentry$$00000000) refers (Special) to rtentry2.o(.ARM.Collect$$rtentry$$00000002) for __rt_entry_presh_1
    rtentry.o(.ARM.Collect$$rtentry$$00000000) refers (Special) to rtentry4.o(.ARM.Collect$$rtentry$$00000004) for __rt_entry_sh
    aeabi_idiv0_sigfpe.o(.text) refers to rt_div0.o(.text) for __rt_div0
    rt_memclr.o(.text) refers to rt_memclr_w.o(.text) for _memset_w
    rtentry2.o(.ARM.Collect$$rtentry$$00000008) refers to boardinit2.o(.text) for _platform_post_stackheap_init
    rtentry2.o(.ARM.Collect$$rtentry$$0000000A) refers to libinit.o(.ARM.Collect$$libinit$$00000000) for __rt_lib_init
    rtentry2.o(.ARM.Collect$$rtentry$$0000000B) refers to boardinit3.o(.text) for _platform_post_lib_init
    rtentry2.o(.ARM.Collect$$rtentry$$0000000D) refers to exit.o(.text) for exit
    rtentry2.o(.ARM.Collect$$rtentry$$0000000D) refers to main.o(.text) for main
    rtentry2.o(.ARM.exidx) refers to rtentry2.o(.ARM.Collect$$rtentry$$00000001) for .ARM.Collect$$rtentry$$00000001
    rtentry2.o(.ARM.exidx) refers to rtentry2.o(.ARM.Collect$$rtentry$$00000008) for .ARM.Collect$$rtentry$$00000008
    rtentry2.o(.ARM.exidx) refers to rtentry2.o(.ARM.Collect$$rtentry$$0000000A) for .ARM.Collect$$rtentry$$0000000A
    rtentry2.o(.ARM.exidx) refers to rtentry2.o(.ARM.Collect$$rtentry$$0000000B) for .ARM.Collect$$rtentry$$0000000B
    rtentry2.o(.ARM.exidx) refers to rtentry2.o(.ARM.Collect$$rtentry$$0000000D) for .ARM.Collect$$rtentry$$0000000D
    rtentry4.o(.ARM.Collect$$rtentry$$00000004) refers to sys_stackheap_outer.o(.text) for __user_setup_stackheap
    rtentry4.o(.ARM.exidx) refers to rtentry4.o(.ARM.Collect$$rtentry$$00000004) for .ARM.Collect$$rtentry$$00000004
    rt_div0.o(.text) refers to defsig_fpe_outer.o(.text) for __rt_SIGFPE
    sys_stackheap_outer.o(.text) refers to libspace.o(.text) for __user_perproc_libspace
    sys_stackheap_outer.o(.text) refers to standalone.o(.text) for __user_initial_stackheap
    exit.o(.text) refers to rtexit.o(.ARM.Collect$$rtexit$$00000000) for __rt_exit
    defsig_fpe_outer.o(.text) refers to defsig_fpe_inner.o(.text) for __rt_SIGFPE_inner
    defsig_fpe_outer.o(.text) refers to defsig_exit.o(.text) for __sig_exit
    defsig_fpe_formal.o(.text) refers to rt_raise.o(.text) for __rt_raise
    libinit.o(.ARM.Collect$$libinit$$00000000) refers (Special) to libinit2.o(.ARM.Collect$$libinit$$0000002C) for __rt_lib_init_alloca_1
    libinit.o(.ARM.Collect$$libinit$$00000000) refers (Special) to libinit2.o(.ARM.Collect$$libinit$$0000002A) for __rt_lib_init_argv_1
    libinit.o(.ARM.Collect$$libinit$$00000000) refers (Special) to libinit2.o(.ARM.Collect$$libinit$$00000019) for __rt_lib_init_atexit_1
    libinit.o(.ARM.Collect$$libinit$$00000000) refers (Special) to libinit2.o(.ARM.Collect$$libinit$$0000001F) for __rt_lib_init_clock_1
    libinit.o(.ARM.Collect$$libinit$$00000000) refers (Special) to libinit2.o(.ARM.Collect$$libinit$$00000030) for __rt_lib_init_cpp_1
    libinit.o(.ARM.Collect$$libinit$$00000000) refers (Special) to libinit2.o(.ARM.Collect$$libinit$$0000002E) for __rt_lib_init_exceptions_1
    libinit.o(.ARM.Collect$$libinit$$00000000) refers (Special) to libinit2.o(.ARM.Collect$$libinit$$00000002) for __rt_lib_init_fp_1
    libinit.o(.ARM.Collect$$libinit$$00000000) refers (Special) to libinit2.o(.ARM.Collect$$libinit$$0000001D) for __rt_lib_init_fp_trap_1
    libinit.o(.ARM.Collect$$libinit$$00000000) refers (Special) to libinit2.o(.ARM.Collect$$libinit$$00000021) for __rt_lib_init_getenv_1
    libinit.o(.ARM.Collect$$libinit$$00000000) refers (Special) to libinit2.o(.ARM.Collect$$libinit$$00000008) for __rt_lib_init_heap_1
    libinit.o(.ARM.Collect$$libinit$$00000000) refers (Special) to libinit2.o(.ARM.Collect$$libinit$$0000000F) for __rt_lib_init_lc_collate_1
    libinit.o(.ARM.Collect$$libinit$$00000000) refers (Special) to libinit2.o(.ARM.Collect$$libinit$$00000011) for __rt_lib_init_lc_ctype_1
    libinit.o(.ARM.Collect$$libinit$$00000000) refers (Special) to libinit2.o(.ARM.Collect$$libinit$$00000013) for __rt_lib_init_lc_monetary_1
    libinit.o(.ARM.Collect$$libinit$$00000000) refers (Special) to libinit2.o(.ARM.Collect$$libinit$$00000015) for __rt_lib_init_lc_numeric_1
    libinit.o(.ARM.Collect$$libinit$$00000000) refers (Special) to libinit2.o(.ARM.Collect$$libinit$$00000017) for __rt_lib_init_lc_time_1
    libinit.o(.ARM.Collect$$libinit$$00000000) refers (Special) to libinit2.o(.ARM.Collect$$libinit$$0000000C) for __rt_lib_init_rand_1
    libinit.o(.ARM.Collect$$libinit$$00000000) refers (Special) to libinit2.o(.ARM.Collect$$libinit$$00000031) for __rt_lib_init_return
    libinit.o(.ARM.Collect$$libinit$$00000000) refers (Special) to libinit2.o(.ARM.Collect$$libinit$$0000001B) for __rt_lib_init_signal_1
    libinit.o(.ARM.Collect$$libinit$$00000000) refers (Special) to libinit2.o(.ARM.Collect$$libinit$$00000023) for __rt_lib_init_stdio_1
    libinit.o(.ARM.Collect$$libinit$$00000000) refers (Special) to libinit2.o(.ARM.Collect$$libinit$$0000000A) for __rt_lib_init_user_alloc_1
    libspace.o(.text) refers to libspace.o(.bss) for __libspace_start
    rtexit.o(.ARM.Collect$$rtexit$$00000000) refers (Special) to rtexit2.o(.ARM.Collect$$rtexit$$00000004) for __rt_exit_exit
    rtexit.o(.ARM.Collect$$rtexit$$00000000) refers (Special) to rtexit2.o(.ARM.Collect$$rtexit$$00000003) for __rt_exit_ls
    rtexit.o(.ARM.Collect$$rtexit$$00000000) refers (Special) to rtexit2.o(.ARM.Collect$$rtexit$$00000002) for __rt_exit_prels_1
    rtexit.o(.ARM.exidx) refers (Special) to rtexit2.o(.ARM.Collect$$rtexit$$00000004) for __rt_exit_exit
    rtexit.o(.ARM.exidx) refers (Special) to rtexit2.o(.ARM.Collect$$rtexit$$00000003) for __rt_exit_ls
    rtexit.o(.ARM.exidx) refers (Special) to rtexit2.o(.ARM.Collect$$rtexit$$00000002) for __rt_exit_prels_1
    rtexit.o(.ARM.exidx) refers to rtexit.o(.ARM.Collect$$rtexit$$00000000) for .ARM.Collect$$rtexit$$00000000
    rt_raise.o(.text) refers to __raise.o(.text) for __raise
    rt_raise.o(.text) refers to standalone.o(.text) for _sys_exit
    defsig_exit.o(.text) refers to standalone.o(.text) for _sys_exit
    defsig_fpe_inner.o(.text) refers to defsig_general.o(.text) for __default_signal_display
    libinit2.o(.ARM.Collect$$libinit$$00000001) refers to fpinit.o(x$fpl$fpinit) for _fp_init
    libinit2.o(.ARM.Collect$$libinit$$0000000E) refers to libinit2.o(.ARM.Collect$$libinit$$0000000D) for .ARM.Collect$$libinit$$0000000D
    libinit2.o(.ARM.Collect$$libinit$$00000010) refers to libinit2.o(.ARM.Collect$$libinit$$0000000D) for .ARM.Collect$$libinit$$0000000D
    libinit2.o(.ARM.Collect$$libinit$$00000012) refers to libinit2.o(.ARM.Collect$$libinit$$0000000D) for .ARM.Collect$$libinit$$0000000D
    libinit2.o(.ARM.Collect$$libinit$$00000014) refers to libinit2.o(.ARM.Collect$$libinit$$0000000D) for .ARM.Collect$$libinit$$0000000D
    libinit2.o(.ARM.Collect$$libinit$$00000016) refers to libinit2.o(.ARM.Collect$$libinit$$0000000D) for .ARM.Collect$$libinit$$0000000D
    libinit2.o(.ARM.Collect$$libinit$$00000024) refers to argv_veneer.o(.emb_text) for __ARM_argv_veneer
    libinit2.o(.ARM.Collect$$libinit$$00000025) refers to argv_veneer.o(.emb_text) for __ARM_argv_veneer
    rtexit2.o(.ARM.Collect$$rtexit$$00000003) refers to libshutdown.o(.ARM.Collect$$libshutdown$$00000000) for __rt_lib_shutdown
    rtexit2.o(.ARM.Collect$$rtexit$$00000004) refers to standalone.o(.text) for _sys_exit
    rtexit2.o(.ARM.exidx) refers to rtexit2.o(.ARM.Collect$$rtexit$$00000001) for .ARM.Collect$$rtexit$$00000001
    rtexit2.o(.ARM.exidx) refers to rtexit2.o(.ARM.Collect$$rtexit$$00000003) for .ARM.Collect$$rtexit$$00000003
    rtexit2.o(.ARM.exidx) refers to rtexit2.o(.ARM.Collect$$rtexit$$00000004) for .ARM.Collect$$rtexit$$00000004
    __raise.o(.text) refers to defsig.o(CL$$defsig) for __default_signal_handler
    defsig_general.o(.text) refers to standalone.o(.text) for _ttywrch
    argv_veneer.o(.emb_text) refers to no_argv.o(.text) for __ARM_get_argv
    defsig.o(CL$$defsig) refers to defsig_fpe_inner.o(.text) for __rt_SIGFPE_inner
    defsig.o(CL$$defsig) refers to defsig_rtmem_inner.o(.text) for __rt_SIGRTMEM_inner
    _get_argv_nomalloc.o(.text) refers (Special) to hrguard.o(.text) for __heap_region$guard
    _get_argv_nomalloc.o(.text) refers to defsig_rtmem_outer.o(.text) for __rt_SIGRTMEM
    _get_argv_nomalloc.o(.text) refers to sys_command.o(.text) for _sys_command_string
    libshutdown.o(.ARM.Collect$$libshutdown$$00000000) refers (Special) to libshutdown2.o(.ARM.Collect$$libshutdown$$00000006) for __rt_lib_shutdown_fp_trap_1
    libshutdown.o(.ARM.Collect$$libshutdown$$00000000) refers (Special) to libshutdown2.o(.ARM.Collect$$libshutdown$$0000000E) for __rt_lib_shutdown_heap_1
    libshutdown.o(.ARM.Collect$$libshutdown$$00000000) refers (Special) to libshutdown2.o(.ARM.Collect$$libshutdown$$0000000F) for __rt_lib_shutdown_return
    libshutdown.o(.ARM.Collect$$libshutdown$$00000000) refers (Special) to libshutdown2.o(.ARM.Collect$$libshutdown$$00000009) for __rt_lib_shutdown_signal_1
    libshutdown.o(.ARM.Collect$$libshutdown$$00000000) refers (Special) to libshutdown2.o(.ARM.Collect$$libshutdown$$00000003) for __rt_lib_shutdown_stdio_1
    libshutdown.o(.ARM.Collect$$libshutdown$$00000000) refers (Special) to libshutdown2.o(.ARM.Collect$$libshutdown$$0000000B) for __rt_lib_shutdown_user_alloc_1
    sys_command.o(.text) refers (Special) to use_no_semi.o(.text) for __I$use$semihosting
    sys_command.o(.text) refers (Special) to indicate_semi.o(.text) for __semihosting_library_function
    defsig_abrt_inner.o(.text) refers to defsig_general.o(.text) for __default_signal_display
    defsig_rtred_inner.o(.text) refers to defsig_general.o(.text) for __default_signal_display
    defsig_rtmem_inner.o(.text) refers to defsig_general.o(.text) for __default_signal_display
    defsig_rtmem_outer.o(.text) refers to defsig_rtmem_inner.o(.text) for __rt_SIGRTMEM_inner
    defsig_rtmem_outer.o(.text) refers to defsig_exit.o(.text) for __sig_exit
    defsig_rtmem_formal.o(.text) refers to rt_raise.o(.text) for __rt_raise
    defsig_stak_inner.o(.text) refers to defsig_general.o(.text) for __default_signal_display
    defsig_pvfn_inner.o(.text) refers to defsig_general.o(.text) for __default_signal_display
    defsig_cppl_inner.o(.text) refers to defsig_general.o(.text) for __default_signal_display
    defsig_segv_inner.o(.text) refers to defsig_general.o(.text) for __default_signal_display
    defsig_other.o(.text) refers to defsig_general.o(.text) for __default_signal_display


==============================================================================

Removing Unused input sections from the image.

    Removing wb_power.o(.text), (1068 bytes).

1 unused section(s) (total 1068 bytes) removed from the image.

==============================================================================

Image Symbol Table

    Local Symbols

    Symbol Name                              Value     Ov Type        Size  Object(Section)

    WB_INIT                                  0x00000000   Section      176  wb_init.o(WB_INIT)
    ../clib/angel/boardlib.s                 0x00000000   Number         0  boardinit3.o ABSOLUTE
    ../clib/angel/boardlib.s                 0x00000000   Number         0  boardinit2.o ABSOLUTE
    ../clib/angel/boardlib.s                 0x00000000   Number         0  boardinit1.o ABSOLUTE
    ../clib/angel/boardlib.s                 0x00000000   Number         0  boardshut.o ABSOLUTE
    ../clib/angel/dczerorl2.s                0x00000000   Number         0  __dczerorl2.o ABSOLUTE
    ../clib/angel/handlers.s                 0x00000000   Number         0  __scatter_zi.o ABSOLUTE
    ../clib/angel/handlers.s                 0x00000000   Number         0  __scatter_copy.o ABSOLUTE
    ../clib/angel/kernel.s                   0x00000000   Number         0  rtexit2.o ABSOLUTE
    ../clib/angel/kernel.s                   0x00000000   Number         0  rtexit.o ABSOLUTE
    ../clib/angel/kernel.s                   0x00000000   Number         0  rtentry4.o ABSOLUTE
    ../clib/angel/kernel.s                   0x00000000   Number         0  rtentry2.o ABSOLUTE
    ../clib/angel/kernel.s                   0x00000000   Number         0  rtentry.o ABSOLUTE
    ../clib/angel/rt.s                       0x00000000   Number         0  aeabi_idiv0.o ABSOLUTE
    ../clib/angel/rt.s                       0x00000000   Number         0  aeabi_idiv0_sigfpe.o ABSOLUTE
    ../clib/angel/rt.s                       0x00000000   Number         0  rt_raise.o ABSOLUTE
    ../clib/angel/rt.s                       0x00000000   Number         0  rt_div0.o ABSOLUTE
    ../clib/angel/scatter.s                  0x00000000   Number         0  __scatter.o ABSOLUTE
    ../clib/angel/startup.s                  0x00000000   Number         0  __main.o ABSOLUTE
    ../clib/angel/sys.s                      0x00000000   Number         0  libspace.o ABSOLUTE
    ../clib/angel/sys.s                      0x00000000   Number         0  use_no_semi.o ABSOLUTE
    ../clib/angel/sys.s                      0x00000000   Number         0  sys_stackheap_outer.o ABSOLUTE
    ../clib/angel/sys.s                      0x00000000   Number         0  indicate_semi.o ABSOLUTE
    ../clib/angel/sysapp.c                   0x00000000   Number         0  sys_command.o ABSOLUTE
    ../clib/armsys.c                         0x00000000   Number         0  _get_argv_nomalloc.o ABSOLUTE
    ../clib/armsys.c                         0x00000000   Number         0  no_argv.o ABSOLUTE
    ../clib/armsys.c                         0x00000000   Number         0  argv_veneer.o ABSOLUTE
    ../clib/armsys.c                         0x00000000   Number         0  argv_veneer.o ABSOLUTE
    ../clib/division.s                       0x00000000   Number         0  aeabi_sdiv_div0.o ABSOLUTE
    ../clib/division.s                       0x00000000   Number         0  aeabi_sdiv.o ABSOLUTE
    ../clib/divrt.s                          0x00000000   Number         0  divrt_9e_div0.o ABSOLUTE
    ../clib/divrt.s                          0x00000000   Number         0  divrt_9e.o ABSOLUTE
    ../clib/heapalloc.c                      0x00000000   Number         0  hrguard.o ABSOLUTE
    ../clib/heapaux.c                        0x00000000   Number         0  heapauxi.o ABSOLUTE
    ../clib/libinit.s                        0x00000000   Number         0  libinit.o ABSOLUTE
    ../clib/libinit.s                        0x00000000   Number         0  libshutdown.o ABSOLUTE
    ../clib/libinit.s                        0x00000000   Number         0  libinit2.o ABSOLUTE
    ../clib/libinit.s                        0x00000000   Number         0  libshutdown2.o ABSOLUTE
    ../clib/memcpset.s                       0x00000000   Number         0  rt_memclr_w.o ABSOLUTE
    ../clib/memcpset.s                       0x00000000   Number         0  rt_memcpy.o ABSOLUTE
    ../clib/memcpset.s                       0x00000000   Number         0  aeabi_memset.o ABSOLUTE
    ../clib/memcpset.s                       0x00000000   Number         0  rt_memcpy_w.o ABSOLUTE
    ../clib/memcpset.s                       0x00000000   Number         0  rt_memclr.o ABSOLUTE
    ../clib/signal.c                         0x00000000   Number         0  defsig_abrt_inner.o ABSOLUTE
    ../clib/signal.c                         0x00000000   Number         0  defsig_general.o ABSOLUTE
    ../clib/signal.c                         0x00000000   Number         0  __raise.o ABSOLUTE
    ../clib/signal.c                         0x00000000   Number         0  defsig_cppl_inner.o ABSOLUTE
    ../clib/signal.c                         0x00000000   Number         0  defsig_rtmem_outer.o ABSOLUTE
    ../clib/signal.c                         0x00000000   Number         0  defsig_rtmem_inner.o ABSOLUTE
    ../clib/signal.c                         0x00000000   Number         0  defsig_fpe_inner.o ABSOLUTE
    ../clib/signal.c                         0x00000000   Number         0  defsig_exit.o ABSOLUTE
    ../clib/signal.c                         0x00000000   Number         0  defsig_fpe_outer.o ABSOLUTE
    ../clib/signal.c                         0x00000000   Number         0  defsig_fpe_formal.o ABSOLUTE
    ../clib/signal.c                         0x00000000   Number         0  defsig_rtred_inner.o ABSOLUTE
    ../clib/signal.c                         0x00000000   Number         0  defsig_other.o ABSOLUTE
    ../clib/signal.c                         0x00000000   Number         0  defsig_segv_inner.o ABSOLUTE
    ../clib/signal.c                         0x00000000   Number         0  defsig_pvfn_inner.o ABSOLUTE
    ../clib/signal.c                         0x00000000   Number         0  defsig_stak_inner.o ABSOLUTE
    ../clib/signal.c                         0x00000000   Number         0  defsig_rtmem_formal.o ABSOLUTE
    ../clib/signal.s                         0x00000000   Number         0  defsig.o ABSOLUTE
    ../clib/stdlib.c                         0x00000000   Number         0  exit.o ABSOLUTE
    ../clib/string.c                         0x00000000   Number         0  strlen.o ABSOLUTE
    ../clib/string.c                         0x00000000   Number         0  memcmp.o ABSOLUTE
    ../fplib/fpinit.s                        0x00000000   Number         0  fpinit.o ABSOLUTE
    ..\..\..\Source\list.c                   0x00000000   Number         0  list.o ABSOLUTE
    ..\..\..\Source\portable\MemMang\heap_4.c 0x00000000   Number         0  heap_4.o ABSOLUTE
    ..\..\..\Source\portable\RVDS\ARM9_N329x\port.c 0x00000000   Number         0  port.o ABSOLUTE
    ..\..\..\Source\portable\RVDS\ARM9_N329x\portASM.s 0x00000000   Number         0  portasm.o ABSOLUTE
    ..\..\..\Source\queue.c                  0x00000000   Number         0  queue.o ABSOLUTE
    ..\..\..\Source\tasks.c                  0x00000000   Number         0  tasks.o ABSOLUTE
    ..\..\wb_aic.c                           0x00000000   Number         0  wb_aic.o ABSOLUTE
    ..\..\wb_cache.c                         0x00000000   Number         0  wb_cache.o ABSOLUTE
    ..\..\wb_config.c                        0x00000000   Number         0  wb_config.o ABSOLUTE
    ..\..\wb_mmu.c                           0x00000000   Number         0  wb_mmu.o ABSOLUTE
    ..\..\wb_power.c                         0x00000000   Number         0  wb_power.o ABSOLUTE
    ..\..\wb_timer.c                         0x00000000   Number         0  wb_timer.o ABSOLUTE
    ..\..\wb_uart.c                          0x00000000   Number         0  wb_uart.o ABSOLUTE
    ..\Demo\BlockQ_n329.c                    0x00000000   Number         0  blockq_n329.o ABSOLUTE
    ..\Demo\PollQ_n329.c                     0x00000000   Number         0  pollq_n329.o ABSOLUTE
    ..\Demo\dynamic_n329.c                   0x00000000   Number         0  dynamic_n329.o ABSOLUTE
    ..\Demo\semtest_n329.c                   0x00000000   Number         0  semtest_n329.o ABSOLUTE
    ..\Startup\main.c                        0x00000000   Number         0  main.o ABSOLUTE
    ..\Startup\multithread.c                 0x00000000   Number         0  multithread.o ABSOLUTE
    ..\Startup\standalone.c                  0x00000000   Number         0  standalone.o ABSOLUTE
    ..\Startup\wb_init.s                     0x00000000   Number         0  wb_init.o ABSOLUTE
    ..\\..\\wb_cache.c                       0x00000000   Number         0  wb_cache.o ABSOLUTE
    ..\\..\\wb_mmu.c                         0x00000000   Number         0  wb_mmu.o ABSOLUTE
    dc.s                                     0x00000000   Number         0  dc.o ABSOLUTE
    Undefined_Handler                        0x00000040   ARM Code       0  wb_init.o(WB_INIT)
    Prefetch_Handler                         0x0000004c   ARM Code       0  wb_init.o(WB_INIT)
    Abort_Handler                            0x00000050   ARM Code       0  wb_init.o(WB_INIT)
    FIQ_Handler                              0x00000058   ARM Code       0  wb_init.o(WB_INIT)
    !!!main                                  0x000000b0   Section        8  __main.o(!!!main)
    !!!scatter                               0x000000b8   Section       60  __scatter.o(!!!scatter)
    !!dczerorl2                              0x000000f4   Section       92  __dczerorl2.o(!!dczerorl2)
    _decompress_loop                         0x000000ff   Thumb Code     0  __dczerorl2.o(!!dczerorl2)
    _decompress_zerolen                      0x0000010d   Thumb Code     0  __dczerorl2.o(!!dczerorl2)
    _decompress_litn                         0x00000115   Thumb Code     0  __dczerorl2.o(!!dczerorl2)
    _decompress_lit                          0x00000119   Thumb Code     0  __dczerorl2.o(!!dczerorl2)
    _decompress_copyorzero                   0x00000125   Thumb Code     0  __dczerorl2.o(!!dczerorl2)
    _decompress_zero                         0x0000012d   Thumb Code     0  __dczerorl2.o(!!dczerorl2)
    _decompress_copyn                        0x00000137   Thumb Code     0  __dczerorl2.o(!!dczerorl2)
    _decompress_copy                         0x0000013f   Thumb Code     0  __dczerorl2.o(!!dczerorl2)
    _decompress_end                          0x0000014b   Thumb Code     0  __dczerorl2.o(!!dczerorl2)
    !!handler_copy                           0x00000150   Section       40  __scatter_copy.o(!!handler_copy)
    !!handler_zi                             0x00000178   Section       44  __scatter_zi.o(!!handler_zi)
    .ARM.Collect$$libinit$$00000000          0x000001a4   Section        2  libinit.o(.ARM.Collect$$libinit$$00000000)
    .ARM.Collect$$libinit$$00000002          0x000001a6   Section        0  libinit2.o(.ARM.Collect$$libinit$$00000002)
    .ARM.Collect$$libinit$$00000008          0x000001a6   Section        0  libinit2.o(.ARM.Collect$$libinit$$00000008)
    .ARM.Collect$$libinit$$0000000A          0x000001a6   Section        0  libinit2.o(.ARM.Collect$$libinit$$0000000A)
    .ARM.Collect$$libinit$$0000000C          0x000001a6   Section        0  libinit2.o(.ARM.Collect$$libinit$$0000000C)
    .ARM.Collect$$libinit$$0000000F          0x000001a6   Section        0  libinit2.o(.ARM.Collect$$libinit$$0000000F)
    .ARM.Collect$$libinit$$00000011          0x000001a6   Section        0  libinit2.o(.ARM.Collect$$libinit$$00000011)
    .ARM.Collect$$libinit$$00000013          0x000001a6   Section        0  libinit2.o(.ARM.Collect$$libinit$$00000013)
    .ARM.Collect$$libinit$$00000015          0x000001a6   Section        0  libinit2.o(.ARM.Collect$$libinit$$00000015)
    .ARM.Collect$$libinit$$00000017          0x000001a6   Section        0  libinit2.o(.ARM.Collect$$libinit$$00000017)
    .ARM.Collect$$libinit$$00000019          0x000001a6   Section        0  libinit2.o(.ARM.Collect$$libinit$$00000019)
    .ARM.Collect$$libinit$$0000001B          0x000001a6   Section        0  libinit2.o(.ARM.Collect$$libinit$$0000001B)
    .ARM.Collect$$libinit$$0000001D          0x000001a6   Section        0  libinit2.o(.ARM.Collect$$libinit$$0000001D)
    .ARM.Collect$$libinit$$0000001F          0x000001a6   Section        0  libinit2.o(.ARM.Collect$$libinit$$0000001F)
    .ARM.Collect$$libinit$$00000021          0x000001a6   Section        0  libinit2.o(.ARM.Collect$$libinit$$00000021)
    .ARM.Collect$$libinit$$00000023          0x000001a6   Section        0  libinit2.o(.ARM.Collect$$libinit$$00000023)
    .ARM.Collect$$libinit$$0000002A          0x000001a6   Section        0  libinit2.o(.ARM.Collect$$libinit$$0000002A)
    .ARM.Collect$$libinit$$0000002C          0x000001a6   Section        0  libinit2.o(.ARM.Collect$$libinit$$0000002C)
    .ARM.Collect$$libinit$$0000002E          0x000001a6   Section        0  libinit2.o(.ARM.Collect$$libinit$$0000002E)
    .ARM.Collect$$libinit$$00000030          0x000001a6   Section        0  libinit2.o(.ARM.Collect$$libinit$$00000030)
    .ARM.Collect$$libinit$$00000031          0x000001a6   Section        2  libinit2.o(.ARM.Collect$$libinit$$00000031)
    .ARM.Collect$$libshutdown$$00000000      0x000001a8   Section        2  libshutdown.o(.ARM.Collect$$libshutdown$$00000000)
    .ARM.Collect$$libshutdown$$00000003      0x000001aa   Section        0  libshutdown2.o(.ARM.Collect$$libshutdown$$00000003)
    .ARM.Collect$$libshutdown$$00000006      0x000001aa   Section        0  libshutdown2.o(.ARM.Collect$$libshutdown$$00000006)
    .ARM.Collect$$libshutdown$$00000009      0x000001aa   Section        0  libshutdown2.o(.ARM.Collect$$libshutdown$$00000009)
    .ARM.Collect$$libshutdown$$0000000B      0x000001aa   Section        0  libshutdown2.o(.ARM.Collect$$libshutdown$$0000000B)
    .ARM.Collect$$libshutdown$$0000000E      0x000001aa   Section        0  libshutdown2.o(.ARM.Collect$$libshutdown$$0000000E)
    .ARM.Collect$$libshutdown$$0000000F      0x000001aa   Section        2  libshutdown2.o(.ARM.Collect$$libshutdown$$0000000F)
    .ARM.Collect$$rtentry$$00000000          0x000001ac   Section        0  rtentry.o(.ARM.Collect$$rtentry$$00000000)
    .ARM.Collect$$rtentry$$00000002          0x000001ac   Section        0  rtentry2.o(.ARM.Collect$$rtentry$$00000002)
    .ARM.Collect$$rtentry$$00000004          0x000001ac   Section        8  rtentry4.o(.ARM.Collect$$rtentry$$00000004)
    .ARM.Collect$$rtentry$$00000009          0x000001b4   Section        0  rtentry2.o(.ARM.Collect$$rtentry$$00000009)
    .ARM.Collect$$rtentry$$0000000A          0x000001b4   Section        4  rtentry2.o(.ARM.Collect$$rtentry$$0000000A)
    .ARM.Collect$$rtentry$$0000000C          0x000001b8   Section        0  rtentry2.o(.ARM.Collect$$rtentry$$0000000C)
    .ARM.Collect$$rtentry$$0000000D          0x000001b8   Section       40  rtentry2.o(.ARM.Collect$$rtentry$$0000000D)
    .ARM.Collect$$rtexit$$00000000           0x000001e0   Section        4  rtexit.o(.ARM.Collect$$rtexit$$00000000)
    .ARM.Collect$$rtexit$$00000002           0x000001e4   Section        0  rtexit2.o(.ARM.Collect$$rtexit$$00000002)
    .ARM.Collect$$rtexit$$00000003           0x000001e4   Section        4  rtexit2.o(.ARM.Collect$$rtexit$$00000003)
    .ARM.Collect$$rtexit$$00000004           0x000001e8   Section        8  rtexit2.o(.ARM.Collect$$rtexit$$00000004)
    .emb_text                                0x000001f0   Section       12  wb_cache.o(.emb_text)
    .emb_text                                0x000001fc   Section       36  wb_mmu.o(.emb_text)
    .text                                    0x00000220   Section        0  standalone.o(.text)
    .text                                    0x00000268   Section        0  multithread.o(.text)
    __tagsym$$used                           0x000002a0   Number         0  multithread.o(.text)
    __tagsym$$used                           0x000002cc   Number         0  multithread.o(.text)
    .text                                    0x000002f8   Section        0  main.o(.text)
    prvCheckOtherTasksAreStillRunning        0x000002f8   ARM Code      80  main.o(.text)
    vErrorChecks                             0x00000348   ARM Code      36  main.o(.text)
    prvSetupHardware                         0x0000036c   ARM Code      96  main.o(.text)
    .text                                    0x0000045c   Section        0  pollq_n329.o(.text)
    vPolledQueueProducer                     0x0000045c   ARM Code     168  pollq_n329.o(.text)
    vPolledQueueConsumer                     0x00000504   ARM Code     176  pollq_n329.o(.text)
    .text                                    0x00000714   Section        0  blockq_n329.o(.text)
    vBlockingQueueConsumer                   0x00000714   ARM Code     148  blockq_n329.o(.text)
    vBlockingQueueProducer                   0x000007a8   ARM Code     140  blockq_n329.o(.text)
    .text                                    0x00000ba0   Section        0  semtest_n329.o(.text)
    prvSemaphoreTest                         0x00000ba0   ARM Code     420  semtest_n329.o(.text)
    .text                                    0x00001020   Section        0  dynamic_n329.o(.text)
    vQueueReceiveWhenSuspendedTask           0x00001020   ARM Code     184  dynamic_n329.o(.text)
    vQueueSendWhenSuspendedTask              0x000010d8   ARM Code     116  dynamic_n329.o(.text)
    vCounterControlTask                      0x0000114c   ARM Code     556  dynamic_n329.o(.text)
    vLimitedIncrementTask                    0x00001378   ARM Code      80  dynamic_n329.o(.text)
    vContinuousIncrementTask                 0x000013c8   ARM Code     120  dynamic_n329.o(.text)
    .text                                    0x00001660   Section        0  tasks.o(.text)
    prvInitialiseTaskLists                   0x00001660   ARM Code     108  tasks.o(.text)
    prvInitialiseTCBVariables                0x000016cc   ARM Code     160  tasks.o(.text)
    prvAllocateTCBAndStack                   0x0000176c   ARM Code     124  tasks.o(.text)
    prvResetNextTaskUnblockTime              0x0000197c   ARM Code      88  tasks.o(.text)
    prvAddCurrentTaskToDelayedList           0x00001d98   ARM Code     116  tasks.o(.text)
    prvTaskIsTaskSuspended                   0x00002258   ARM Code     124  tasks.o(.text)
    prvDeleteTCB                             0x00002418   ARM Code      28  tasks.o(.text)
    prvCheckTasksWaitingTermination          0x00002434   ARM Code     236  tasks.o(.text)
    prvIdleTask                              0x00002520   ARM Code      32  tasks.o(.text)
    prvTaskCheckFreeStackSpace               0x00002634   ARM Code      48  tasks.o(.text)
    prvListTaskWithinSingleList              0x00002664   ARM Code     292  tasks.o(.text)
    .text                                    0x00003348   Section        0  list.o(.text)
    .text                                    0x0000345c   Section        0  queue.o(.text)
    prvUnlockQueue                           0x00003590   ARM Code     228  queue.o(.text)
    prvIsQueueFull                           0x00003674   ARM Code      52  queue.o(.text)
    prvCopyDataToQueue                       0x000036a8   ARM Code     252  queue.o(.text)
    prvIsQueueEmpty                          0x000039f8   ARM Code      48  queue.o(.text)
    prvCopyDataFromQueue                     0x00003a28   ARM Code      84  queue.o(.text)
    .text                                    0x00004098   Section        0  port.o(.text)
    prvSetupTimerInterrupt                   0x00004188   ARM Code     104  port.o(.text)
    .text                                    0x00004290   Section        0  heap_4.o(.text)
    prvInsertBlockIntoFreeList               0x00004290   ARM Code     188  heap_4.o(.text)
    prvHeapInit                              0x0000434c   ARM Code     180  heap_4.o(.text)
    .text                                    0x0000460c   Section        0  wb_aic.o(.text)
    .text                                    0x00004c60   Section        0  wb_cache.o(.text)
    .text                                    0x00005078   Section        0  wb_config.o(.text)
    .text                                    0x00006a2c   Section        0  wb_uart.o(.text)
    sysUartISR                               0x00006b14   ARM Code     768  wb_uart.o(.text)
    sysSetBaudRate                           0x00006e14   ARM Code      56  wb_uart.o(.text)
    sysPutRepChar                            0x000072a0   ARM Code      40  wb_uart.o(.text)
    sysPutStringReverse                      0x000072c8   ARM Code      40  wb_uart.o(.text)
    sysPutNumber                             0x000072f0   ARM Code     412  wb_uart.o(.text)
    FormatItem                               0x0000748c   ARM Code     540  wb_uart.o(.text)
    UartPort                                 0x00007ab4   ARM Code      20  wb_uart.o(.text)
    UartInstallcallback                      0x00007ac8   ARM Code      28  wb_uart.o(.text)
    UartInitialize                           0x00007ae4   ARM Code      28  wb_uart.o(.text)
    UartEnableInt                            0x00007b00   ARM Code      20  wb_uart.o(.text)
    UartTransfer                             0x00007b14   ARM Code      28  wb_uart.o(.text)
    UartPutChar                              0x00007b30   ARM Code      20  wb_uart.o(.text)
    UartGetChar                              0x00007b44   ARM Code      20  wb_uart.o(.text)
    .text                                    0x00007b58   Section        0  wb_mmu.o(.text)
    .text                                    0x00007c18   Section        0  wb_timer.o(.text)
    .text                                    0x00008a60   Section        0  strlen.o(.text)
    .text                                    0x00008aa4   Section      212  rt_memcpy.o(.text)
    .text                                    0x00008b78   Section       16  aeabi_memset.o(.text)
    .text                                    0x00008b88   Section      380  aeabi_sdiv.o(.text)
    __arm_div8                               0x00008bb4   ARM Code       0  aeabi_sdiv.o(.text)
    __arm_div5                               0x00008bd8   ARM Code       0  aeabi_sdiv.o(.text)
    __arm_div2                               0x00008bfc   ARM Code       0  aeabi_sdiv.o(.text)
    __arm_div_large                          0x00008c38   ARM Code       0  aeabi_sdiv.o(.text)
    .text                                    0x00008d04   Section        0  heapauxi.o(.text)
    .text                                    0x00008d0c   Section      100  rt_memcpy_w.o(.text)
    .text                                    0x00008d70   Section       64  rt_memclr.o(.text)
    .text                                    0x00008db0   Section       84  rt_memclr_w.o(.text)
    .text                                    0x00008e04   Section       96  sys_stackheap_outer.o(.text)
    .text                                    0x00008e64   Section        0  exit.o(.text)
    .text                                    0x00008e70   Section       12  libspace.o(.text)
    .text_udiv                               0x00008e7c   Section       36  aeabi_sdiv.o(.text_udiv)
    PORT_ASM                                 0x00008ea0   Section      452  portasm.o(PORT_ASM)
    .constdata                               0x00009064   Section       16  wb_config.o(.constdata)
    .data                                    0x000090a4   Section       12  pollq_n329.o(.data)
    xPollingConsumerCount                    0x000090a4   Data           4  pollq_n329.o(.data)
    xPollingProducerCount                    0x000090a8   Data           4  pollq_n329.o(.data)
    xPolledQueue                             0x000090ac   Data           4  pollq_n329.o(.data)
    .data                                    0x000090b0   Section       24  blockq_n329.o(.data)
    sBlockingConsumerCount                   0x000090b0   Data           6  blockq_n329.o(.data)
    sBlockingProducerCount                   0x000090b6   Data           6  blockq_n329.o(.data)
    sLastBlockingConsumerCount               0x000090bc   Data           6  blockq_n329.o(.data)
    sLastBlockingProducerCount               0x000090c2   Data           6  blockq_n329.o(.data)
    .data                                    0x000090c8   Section       18  semtest_n329.o(.data)
    sCheckVariables                          0x000090c8   Data           8  semtest_n329.o(.data)
    sNextCheckVariable                       0x000090d0   Data           2  semtest_n329.o(.data)
    sLastCheckVariables                      0x000090d2   Data           8  semtest_n329.o(.data)
    .data                                    0x000090dc   Section       44  dynamic_n329.o(.data)
    xContinuousIncrementHandle               0x000090dc   Data           4  dynamic_n329.o(.data)
    xLimitedIncrementHandle                  0x000090e0   Data           4  dynamic_n329.o(.data)
    ulCounter                                0x000090e4   Data           4  dynamic_n329.o(.data)
    usCheckVariable                          0x000090e8   Data           2  dynamic_n329.o(.data)
    xSuspendedQueueSendError                 0x000090ec   Data           4  dynamic_n329.o(.data)
    xSuspendedQueueReceiveError              0x000090f0   Data           4  dynamic_n329.o(.data)
    ulExpectedValue                          0x000090f8   Data           4  dynamic_n329.o(.data)
    ulValueToSend                            0x000090fc   Data           4  dynamic_n329.o(.data)
    usLastTaskCheck                          0x00009100   Data           2  dynamic_n329.o(.data)
    ulLastExpectedValue                      0x00009104   Data           4  dynamic_n329.o(.data)
    .data                                    0x00009108   Section       56  tasks.o(.data)
    pxDelayedTaskList                        0x0000910c   Data           4  tasks.o(.data)
    pxOverflowDelayedTaskList                0x00009110   Data           4  tasks.o(.data)
    uxTasksDeleted                           0x00009114   Data           4  tasks.o(.data)
    uxCurrentNumberOfTasks                   0x00009118   Data           4  tasks.o(.data)
    xTickCount                               0x0000911c   Data           4  tasks.o(.data)
    uxTopReadyPriority                       0x00009120   Data           4  tasks.o(.data)
    xSchedulerRunning                        0x00009124   Data           4  tasks.o(.data)
    uxPendedTicks                            0x00009128   Data           4  tasks.o(.data)
    xYieldPending                            0x0000912c   Data           4  tasks.o(.data)
    xNumOfOverflows                          0x00009130   Data           4  tasks.o(.data)
    uxTaskNumber                             0x00009134   Data           4  tasks.o(.data)
    xNextTaskUnblockTime                     0x00009138   Data           4  tasks.o(.data)
    uxSchedulerSuspended                     0x0000913c   Data           4  tasks.o(.data)
    .data                                    0x00009140   Section        4  port.o(.data)
    .data                                    0x00009144   Section       24  heap_4.o(.data)
    xStart                                   0x00009144   Data           8  heap_4.o(.data)
    pxEnd                                    0x0000914c   Data           4  heap_4.o(.data)
    xFreeBytesRemaining                      0x00009150   Data           4  heap_4.o(.data)
    xMinimumEverFreeBytesRemaining           0x00009154   Data           4  heap_4.o(.data)
    xBlockAllocatedBit                       0x00009158   Data           4  heap_4.o(.data)
    .data                                    0x0000915c   Section      260  wb_aic.o(.data)
    .data                                    0x00009260   Section        8  wb_cache.o(.data)
    .data                                    0x00009268   Section       58  wb_config.o(.data)
    g_u32SysClkSrc                           0x00009268   Data           4  wb_config.o(.data)
    g_u32UpllKHz                             0x0000926c   Data           4  wb_config.o(.data)
    g_u32ApllKHz                             0x00009270   Data           4  wb_config.o(.data)
    g_u32SysKHz                              0x00009274   Data           4  wb_config.o(.data)
    g_u32CpuKHz                              0x00009278   Data           4  wb_config.o(.data)
    g_u32HclkKHz                             0x0000927c   Data           4  wb_config.o(.data)
    g_u32ApbKHz                              0x00009280   Data           4  wb_config.o(.data)
    g_u32REG_APLL                            0x00009284   Data           4  wb_config.o(.data)
    g_u32REG_UPLL                            0x00009288   Data           4  wb_config.o(.data)
    g_u32SysDiv                              0x0000928c   Data           4  wb_config.o(.data)
    g_u32CpuDiv                              0x00009290   Data           4  wb_config.o(.data)
    g_u32ApbDiv                              0x00009294   Data           4  wb_config.o(.data)
    g_u32ExtClk                              0x0000929c   Data           4  wb_config.o(.data)
    .data                                    0x000092a4   Section       61  wb_uart.o(.data)
    _sys_bIsUARTInitial                      0x000092a4   Data           1  wb_uart.o(.data)
    _sys_bIsUseUARTInt                       0x000092a5   Data           1  wb_uart.o(.data)
    _sys_uUARTClockRate                      0x000092a8   Data           4  wb_uart.o(.data)
    rx_cnt                                   0x000092ac   Data           4  wb_uart.o(.data)
    _sys_uUartTxHead                         0x000092b0   Data           4  wb_uart.o(.data)
    _sys_uUartTxTail                         0x000092b4   Data           4  wb_uart.o(.data)
    u32UartPort                              0x000092b8   Data           4  wb_uart.o(.data)
    i32UsedPort                              0x000092bc   Data           4  wb_uart.o(.data)
    u32DbgMessage                            0x000092c0   Data           4  wb_uart.o(.data)
    bIsResetFIFO                             0x000092e0   Data           1  wb_uart.o(.data)
    .data                                    0x000092e1   Section        1  wb_mmu.o(.data)
    _IsInitMMUTable                          0x000092e1   Data           1  wb_mmu.o(.data)
    .data                                    0x000092e4   Section      104  wb_timer.o(.data)
    month_seconds                            0x0000931c   Data          48  wb_timer.o(.data)
    .bss                                     0x0000934c   Section      260  tasks.o(.bss)
    pxReadyTasksLists                        0x0000934c   Data         160  tasks.o(.bss)
    xDelayedTaskList1                        0x000093ec   Data          20  tasks.o(.bss)
    xDelayedTaskList2                        0x00009400   Data          20  tasks.o(.bss)
    xPendingReadyList                        0x00009414   Data          20  tasks.o(.bss)
    xTasksWaitingTermination                 0x00009428   Data          20  tasks.o(.bss)
    xSuspendedTaskList                       0x0000943c   Data          20  tasks.o(.bss)
    .bss                                     0x00009450   Section       80  queue.o(.bss)
    .bss                                     0x000094a0   Section    524288  heap_4.o(.bss)
    ucHeap                                   0x000094a0   Data       524288  heap_4.o(.bss)
    .bss                                     0x000894a0   Section      372  wb_uart.o(.bss)
    uart_rx                                  0x000894b0   Data         100  wb_uart.o(.bss)
    _sys_ucUartTxBuf                         0x00089514   Data         256  wb_uart.o(.bss)
    .bss                                     0x0008c000   Section    16384  wb_mmu.o(.bss)
    .bss                                     0x00090000   Section     8192  wb_power.o(.bss)
    .bss                                     0x00092000   Section      320  wb_timer.o(.bss)
    .bss                                     0x00092140   Section       96  libspace.o(.bss)

    Global Symbols

    Symbol Name                              Value     Ov Type        Size  Object(Section)

    BuildAttributes$$THM_ISAv2$ARM_ISAv5$E$P$J$S$PE$A:L22$X:L11$S22$IEEE1$IW$USESV6$~STKCKD$USESV7$~SHL$OSPACE$ROPI$EBA8$UX$STANDARDLIB$REQ8$EABIv2 0x00000000   Number         0  anon$$obj.o ABSOLUTE
    Vector_Table                             0x00000000   ARM Code       0  wb_init.o(WB_INIT)
    __ARM_use_no_argv                        0x00000000   Number         0  main.o ABSOLUTE
    __ARM_exceptions_init                     - Undefined Weak Reference
    __alloca_initialize                       - Undefined Weak Reference
    __cpp_initialize__aeabi_                  - Undefined Weak Reference
    __cxa_finalize                            - Undefined Weak Reference
    __rt_locale                               - Undefined Weak Reference
    __sigvec_lookup                           - Undefined Weak Reference
    _atexit_init                              - Undefined Weak Reference
    _call_atexit_fns                          - Undefined Weak Reference
    _clock_init                               - Undefined Weak Reference
    _fp_trap_init                             - Undefined Weak Reference
    _fp_trap_shutdown                         - Undefined Weak Reference
    _get_lc_collate                           - Undefined Weak Reference
    _get_lc_ctype                             - Undefined Weak Reference
    _get_lc_monetary                          - Undefined Weak Reference
    _get_lc_numeric                           - Undefined Weak Reference
    _get_lc_time                              - Undefined Weak Reference
    _getenv_init                              - Undefined Weak Reference
    _handle_redirection                       - Undefined Weak Reference
    _init_alloc                               - Undefined Weak Reference
    _init_user_alloc                          - Undefined Weak Reference
    _initio                                   - Undefined Weak Reference
    _rand_init                                - Undefined Weak Reference
    _signal_finish                            - Undefined Weak Reference
    _signal_init                              - Undefined Weak Reference
    _terminate_alloc                          - Undefined Weak Reference
    _terminate_user_alloc                     - Undefined Weak Reference
    _terminateio                              - Undefined Weak Reference
    Reset_Go                                 0x0000005c   ARM Code       0  wb_init.o(WB_INIT)
    __main                                   0x000000b0   ARM Code       8  __main.o(!!!main)
    __scatterload                            0x000000b8   ARM Code       0  __scatter.o(!!!scatter)
    __scatterload_rt2                        0x000000b8   ARM Code      52  __scatter.o(!!!scatter)
    __scatterload_null                       0x000000cc   ARM Code       0  __scatter.o(!!!scatter)
    __decompress                             0x000000f4   ARM Code      92  __dczerorl2.o(!!dczerorl2)
    __decompress1                            0x000000f4   ARM Code       0  __dczerorl2.o(!!dczerorl2)
    __scatterload_copy                       0x00000150   ARM Code      40  __scatter_copy.o(!!handler_copy)
    __scatterload_zeroinit                   0x00000178   ARM Code      44  __scatter_zi.o(!!handler_zi)
    __rt_lib_init                            0x000001a5   Thumb Code     0  libinit.o(.ARM.Collect$$libinit$$00000000)
    __rt_lib_init_alloca_1                   0x000001a7   Thumb Code     0  libinit2.o(.ARM.Collect$$libinit$$0000002C)
    __rt_lib_init_argv_1                     0x000001a7   Thumb Code     0  libinit2.o(.ARM.Collect$$libinit$$0000002A)
    __rt_lib_init_atexit_1                   0x000001a7   Thumb Code     0  libinit2.o(.ARM.Collect$$libinit$$00000019)
    __rt_lib_init_clock_1                    0x000001a7   Thumb Code     0  libinit2.o(.ARM.Collect$$libinit$$0000001F)
    __rt_lib_init_cpp_1                      0x000001a7   Thumb Code     0  libinit2.o(.ARM.Collect$$libinit$$00000030)
    __rt_lib_init_exceptions_1               0x000001a7   Thumb Code     0  libinit2.o(.ARM.Collect$$libinit$$0000002E)
    __rt_lib_init_fp_1                       0x000001a7   Thumb Code     0  libinit2.o(.ARM.Collect$$libinit$$00000002)
    __rt_lib_init_fp_trap_1                  0x000001a7   Thumb Code     0  libinit2.o(.ARM.Collect$$libinit$$0000001D)
    __rt_lib_init_getenv_1                   0x000001a7   Thumb Code     0  libinit2.o(.ARM.Collect$$libinit$$00000021)
    __rt_lib_init_heap_1                     0x000001a7   Thumb Code     0  libinit2.o(.ARM.Collect$$libinit$$00000008)
    __rt_lib_init_lc_collate_1               0x000001a7   Thumb Code     0  libinit2.o(.ARM.Collect$$libinit$$0000000F)
    __rt_lib_init_lc_ctype_1                 0x000001a7   Thumb Code     0  libinit2.o(.ARM.Collect$$libinit$$00000011)
    __rt_lib_init_lc_monetary_1              0x000001a7   Thumb Code     0  libinit2.o(.ARM.Collect$$libinit$$00000013)
    __rt_lib_init_lc_numeric_1               0x000001a7   Thumb Code     0  libinit2.o(.ARM.Collect$$libinit$$00000015)
    __rt_lib_init_lc_time_1                  0x000001a7   Thumb Code     0  libinit2.o(.ARM.Collect$$libinit$$00000017)
    __rt_lib_init_rand_1                     0x000001a7   Thumb Code     0  libinit2.o(.ARM.Collect$$libinit$$0000000C)
    __rt_lib_init_return                     0x000001a7   Thumb Code     0  libinit2.o(.ARM.Collect$$libinit$$00000031)
    __rt_lib_init_signal_1                   0x000001a7   Thumb Code     0  libinit2.o(.ARM.Collect$$libinit$$0000001B)
    __rt_lib_init_stdio_1                    0x000001a7   Thumb Code     0  libinit2.o(.ARM.Collect$$libinit$$00000023)
    __rt_lib_init_user_alloc_1               0x000001a7   Thumb Code     0  libinit2.o(.ARM.Collect$$libinit$$0000000A)
    __rt_lib_shutdown                        0x000001a9   Thumb Code     0  libshutdown.o(.ARM.Collect$$libshutdown$$00000000)
    __rt_lib_shutdown_fp_trap_1              0x000001ab   Thumb Code     0  libshutdown2.o(.ARM.Collect$$libshutdown$$00000006)
    __rt_lib_shutdown_heap_1                 0x000001ab   Thumb Code     0  libshutdown2.o(.ARM.Collect$$libshutdown$$0000000E)
    __rt_lib_shutdown_return                 0x000001ab   Thumb Code     0  libshutdown2.o(.ARM.Collect$$libshutdown$$0000000F)
    __rt_lib_shutdown_signal_1               0x000001ab   Thumb Code     0  libshutdown2.o(.ARM.Collect$$libshutdown$$00000009)
    __rt_lib_shutdown_stdio_1                0x000001ab   Thumb Code     0  libshutdown2.o(.ARM.Collect$$libshutdown$$00000003)
    __rt_lib_shutdown_user_alloc_1           0x000001ab   Thumb Code     0  libshutdown2.o(.ARM.Collect$$libshutdown$$0000000B)
    __rt_entry                               0x000001ac   ARM Code       0  rtentry.o(.ARM.Collect$$rtentry$$00000000)
    __rt_entry_presh_1                       0x000001ac   ARM Code       0  rtentry2.o(.ARM.Collect$$rtentry$$00000002)
    __rt_entry_sh                            0x000001ac   ARM Code       0  rtentry4.o(.ARM.Collect$$rtentry$$00000004)
    __rt_entry_li                            0x000001b4   ARM Code       0  rtentry2.o(.ARM.Collect$$rtentry$$0000000A)
    __rt_entry_postsh_1                      0x000001b4   ARM Code       0  rtentry2.o(.ARM.Collect$$rtentry$$00000009)
    __rt_entry_main                          0x000001b8   ARM Code       0  rtentry2.o(.ARM.Collect$$rtentry$$0000000D)
    __rt_entry_postli_1                      0x000001b8   ARM Code       0  rtentry2.o(.ARM.Collect$$rtentry$$0000000C)
    __rt_exit                                0x000001e0   ARM Code       0  rtexit.o(.ARM.Collect$$rtexit$$00000000)
    __rt_exit_ls                             0x000001e4   ARM Code       0  rtexit2.o(.ARM.Collect$$rtexit$$00000003)
    __rt_exit_prels_1                        0x000001e4   ARM Code       0  rtexit2.o(.ARM.Collect$$rtexit$$00000002)
    __rt_exit_exit                           0x000001e8   ARM Code       0  rtexit2.o(.ARM.Collect$$rtexit$$00000004)
    sys_flush_and_clean_dcache               0x000001f0   ARM Code      12  wb_cache.o(.emb_text)
    sysSetupCP15                             0x000001fc   ARM Code      36  wb_mmu.o(.emb_text)
    _sys_exit                                0x00000220   ARM Code       8  standalone.o(.text)
    _ttywrch                                 0x00000228   ARM Code       8  standalone.o(.text)
    __user_initial_stackheap                 0x00000230   ARM Code      52  standalone.o(.text)
    _mutex_initialize                        0x00000268   ARM Code      56  multithread.o(.text)
    _mutex_acquire                           0x000002a0   ARM Code      44  multithread.o(.text)
    _mutex_release                           0x000002cc   ARM Code      44  multithread.o(.text)
    main                                     0x000003cc   ARM Code     100  main.o(.text)
    vStartPolledQueueTasks                   0x000005b4   ARM Code     132  pollq_n329.o(.text)
    xArePollingQueuesStillRunning            0x00000638   ARM Code      68  pollq_n329.o(.text)
    vStartBlockingQueueTasks                 0x00000834   ARM Code     720  blockq_n329.o(.text)
    xAreBlockingQueuesStillRunning           0x00000b04   ARM Code     148  blockq_n329.o(.text)
    vStartSemaphoreTasks                     0x00000d44   ARM Code     640  semtest_n329.o(.text)
    xAreSemaphoreTasksStillRunning           0x00000fc4   ARM Code      88  semtest_n329.o(.text)
    vStartDynamicPriorityTasks               0x00001440   ARM Code     256  dynamic_n329.o(.text)
    xAreDynamicPriorityTasksStillRunning     0x00001540   ARM Code     288  dynamic_n329.o(.text)
    xTaskGenericCreate                       0x000017e8   ARM Code     404  tasks.o(.text)
    vTaskDelete                              0x000019d4   ARM Code     180  tasks.o(.text)
    xTaskIncrementTick                       0x00001a88   ARM Code     444  tasks.o(.text)
    xTaskResumeAll                           0x00001c44   ARM Code     340  tasks.o(.text)
    vTaskSuspendAll                          0x00001e0c   ARM Code      24  tasks.o(.text)
    vTaskDelayUntil                          0x00001e24   ARM Code     160  tasks.o(.text)
    vTaskDelay                               0x00001ec4   ARM Code      84  tasks.o(.text)
    uxTaskPriorityGet                        0x00001f18   ARM Code      56  tasks.o(.text)
    uxTaskPriorityGetFromISR                 0x00001f50   ARM Code      44  tasks.o(.text)
    vTaskPrioritySet                         0x00001f7c   ARM Code     328  tasks.o(.text)
    vTaskSwitchContext                       0x000020c4   ARM Code     200  tasks.o(.text)
    vTaskSuspend                             0x0000218c   ARM Code     204  tasks.o(.text)
    vTaskResume                              0x000022d4   ARM Code     156  tasks.o(.text)
    xTaskResumeFromISR                       0x00002370   ARM Code     168  tasks.o(.text)
    vTaskStartScheduler                      0x00002540   ARM Code     112  tasks.o(.text)
    vTaskEndScheduler                        0x000025b0   ARM Code      36  tasks.o(.text)
    xTaskGetTickCount                        0x000025d4   ARM Code      28  tasks.o(.text)
    xTaskGetTickCountFromISR                 0x000025f0   ARM Code      16  tasks.o(.text)
    uxTaskGetNumberOfTasks                   0x00002600   ARM Code      12  tasks.o(.text)
    pcTaskGetTaskName                        0x0000260c   ARM Code      40  tasks.o(.text)
    uxTaskGetSystemState                     0x00002788   ARM Code     204  tasks.o(.text)
    vTaskPlaceOnEventList                    0x00002854   ARM Code     104  tasks.o(.text)
    vTaskPlaceOnUnorderedEventList           0x000028bc   ARM Code     124  tasks.o(.text)
    xTaskRemoveFromEventList                 0x00002938   ARM Code     176  tasks.o(.text)
    xTaskRemoveFromUnorderedEventList        0x000029e8   ARM Code     152  tasks.o(.text)
    vTaskSetTimeOutState                     0x00002a80   ARM Code      28  tasks.o(.text)
    xTaskCheckForTimeOut                     0x00002a9c   ARM Code     156  tasks.o(.text)
    vTaskMissedYield                         0x00002b38   ARM Code      16  tasks.o(.text)
    uxTaskGetTaskNumber                      0x00002b48   ARM Code      32  tasks.o(.text)
    vTaskSetTaskNumber                       0x00002b68   ARM Code      20  tasks.o(.text)
    xTaskGetCurrentTaskHandle                0x00002b7c   ARM Code      12  tasks.o(.text)
    xTaskGetSchedulerState                   0x00002b88   ARM Code      56  tasks.o(.text)
    vTaskPriorityInherit                     0x00002bc0   ARM Code     232  tasks.o(.text)
    xTaskPriorityDisinherit                  0x00002ca8   ARM Code     160  tasks.o(.text)
    uxTaskResetEventItemValue                0x00002d48   ARM Code      44  tasks.o(.text)
    pvTaskIncrementMutexHeldCount            0x00002d74   ARM Code      52  tasks.o(.text)
    ulTaskNotifyTake                         0x00002da8   ARM Code     240  tasks.o(.text)
    xTaskNotifyWait                          0x00002e98   ARM Code     280  tasks.o(.text)
    xTaskGenericNotify                       0x00002fb0   ARM Code     296  tasks.o(.text)
    xTaskGenericNotifyFromISR                0x000030d8   ARM Code     344  tasks.o(.text)
    vTaskNotifyGiveFromISR                   0x00003230   ARM Code     192  tasks.o(.text)
    xTaskNotifyStateClear                    0x000032f0   ARM Code      88  tasks.o(.text)
    vListInitialise                          0x00003348   ARM Code      44  list.o(.text)
    vListInitialiseItem                      0x00003374   ARM Code      12  list.o(.text)
    vListInsertEnd                           0x00003380   ARM Code      48  list.o(.text)
    vListInsert                              0x000033b0   ARM Code      96  list.o(.text)
    uxListRemove                             0x00003410   ARM Code      76  list.o(.text)
    xQueueGenericReset                       0x0000345c   ARM Code     184  queue.o(.text)
    xQueueGenericCreate                      0x00003514   ARM Code     124  queue.o(.text)
    xQueueGenericSend                        0x000037a4   ARM Code     376  queue.o(.text)
    xQueueCreateMutex                        0x0000391c   ARM Code     128  queue.o(.text)
    xQueueGiveMutexRecursive                 0x0000399c   ARM Code      92  queue.o(.text)
    xQueueGenericReceive                     0x00003a7c   ARM Code     472  queue.o(.text)
    xQueueTakeMutexRecursive                 0x00003c54   ARM Code     104  queue.o(.text)
    xQueueCreateCountingSemaphore            0x00003cbc   ARM Code      52  queue.o(.text)
    xQueueGenericSendFromISR                 0x00003cf0   ARM Code     180  queue.o(.text)
    xQueueGiveFromISR                        0x00003da4   ARM Code     160  queue.o(.text)
    xQueueReceiveFromISR                     0x00003e44   ARM Code     172  queue.o(.text)
    xQueuePeekFromISR                        0x00003ef0   ARM Code      72  queue.o(.text)
    uxQueueMessagesWaiting                   0x00003f38   ARM Code      28  queue.o(.text)
    uxQueueSpacesAvailable                   0x00003f54   ARM Code      40  queue.o(.text)
    uxQueueMessagesWaitingFromISR            0x00003f7c   ARM Code      12  queue.o(.text)
    vQueueUnregisterQueue                    0x00003f88   ARM Code      68  queue.o(.text)
    vQueueDelete                             0x00003fcc   ARM Code      32  queue.o(.text)
    uxQueueGetQueueNumber                    0x00003fec   ARM Code      12  queue.o(.text)
    vQueueSetQueueNumber                     0x00003ff8   ARM Code       8  queue.o(.text)
    ucQueueGetQueueType                      0x00004000   ARM Code      12  queue.o(.text)
    xQueueIsQueueEmptyFromISR                0x0000400c   ARM Code      32  queue.o(.text)
    xQueueIsQueueFullFromISR                 0x0000402c   ARM Code      36  queue.o(.text)
    vQueueAddToRegistry                      0x00004050   ARM Code      68  queue.o(.text)
    pxPortInitialiseStack                    0x00004098   ARM Code     240  port.o(.text)
    xPortStartScheduler                      0x000041f0   ARM Code      20  port.o(.text)
    vPortEndScheduler                        0x00004204   ARM Code       4  port.o(.text)
    vPortEnterCritical                       0x00004208   ARM Code      36  port.o(.text)
    vPortExitCritical                        0x0000422c   ARM Code      68  port.o(.text)
    pvPortMalloc                             0x00004400   ARM Code     344  heap_4.o(.text)
    vPortFree                                0x00004558   ARM Code     128  heap_4.o(.text)
    xPortGetFreeHeapSize                     0x000045d8   ARM Code      12  heap_4.o(.text)
    xPortGetMinimumEverFreeHeapSize          0x000045e4   ARM Code      12  heap_4.o(.text)
    vPortInitialiseBlocks                    0x000045f0   ARM Code       4  heap_4.o(.text)
    sysIrqHandler                            0x0000460c   ARM Code      60  wb_aic.o(.text)
    sysFiqHandler                            0x00004648   ARM Code     220  wb_aic.o(.text)
    WB_Interrupt_Shell                       0x00004724   ARM Code       4  wb_aic.o(.text)
    sysInitializeAIC                         0x00004728   ARM Code      52  wb_aic.o(.text)
    sysDisableInterrupt                      0x0000475c   ARM Code      52  wb_aic.o(.text)
    sysEnableInterrupt                       0x00004790   ARM Code      52  wb_aic.o(.text)
    sysInstallExceptionHandler               0x000047c4   ARM Code     136  wb_aic.o(.text)
    sysInstallFiqHandler                     0x0000484c   ARM Code      20  wb_aic.o(.text)
    sysInstallIrqHandler                     0x00004860   ARM Code      20  wb_aic.o(.text)
    sysInstallISR                            0x00004874   ARM Code     336  wb_aic.o(.text)
    sysSetGlobalInterrupt                    0x000049c4   ARM Code      84  wb_aic.o(.text)
    sysSetInterruptPriorityLevel             0x00004a18   ARM Code     204  wb_aic.o(.text)
    sysSetInterruptType                      0x00004ae4   ARM Code     160  wb_aic.o(.text)
    sysSetLocalInterrupt                     0x00004b84   ARM Code     140  wb_aic.o(.text)
    sysSetAIC2SWMode                         0x00004c10   ARM Code      16  wb_aic.o(.text)
    sysGetInterruptEnableStatus              0x00004c20   ARM Code      12  wb_aic.o(.text)
    sysGetIBitState                          0x00004c2c   ARM Code      32  wb_aic.o(.text)
    sysGetSdramSizebyMB                      0x00004c60   ARM Code     408  wb_cache.o(.text)
    sysEnableCache                           0x00004df8   ARM Code      44  wb_cache.o(.text)
    sysDisableCache                          0x00004e24   ARM Code     152  wb_cache.o(.text)
    sysFlushCache                            0x00004ebc   ARM Code     140  wb_cache.o(.text)
    sysInvalidCache                          0x00004f48   ARM Code      24  wb_cache.o(.text)
    sysGetCacheState                         0x00004f60   ARM Code      12  wb_cache.o(.text)
    sysGetCacheMode                          0x00004f6c   ARM Code      12  wb_cache.o(.text)
    _sysLockCode                             0x00004f78   ARM Code     204  wb_cache.o(.text)
    _sysUnLockCode                           0x00005044   ARM Code      40  wb_cache.o(.text)
    InitDelay                                0x00005078   ARM Code       4  wb_config.o(.text)
    sysInitDDR                               0x0000507c   ARM Code     296  wb_config.o(.text)
    sysInitDDRStart                          0x000051a4   ARM Code     112  wb_config.o(.text)
    sysInitMemory                            0x00005214   ARM Code      16  wb_config.o(.text)
    sysGetPLLOutputKhz                       0x00005224   ARM Code     148  wb_config.o(.text)
    sysCheckPllConstraint                    0x000052b8   ARM Code      12  wb_config.o(.text)
    sysGetPLLControlRegister                 0x000052c4   ARM Code     396  wb_config.o(.text)
    sysSetPLLControlRegister                 0x00005450   ARM Code      40  wb_config.o(.text)
    sysExternalClock                         0x00005478   ARM Code      60  wb_config.o(.text)
    sysClockSwitch                           0x000054b4   ARM Code     876  wb_config.o(.text)
    sysClockSwitchStart                      0x00005820   ARM Code     180  wb_config.o(.text)
    sysGetExternalClock                      0x000058d4   ARM Code      92  wb_config.o(.text)
    sysSetSystemClock                        0x00005930   ARM Code    1180  wb_config.o(.text)
    sysGetSystemClock                        0x00005dcc   ARM Code     136  wb_config.o(.text)
    sysSetPllClock                           0x00005e54   ARM Code     224  wb_config.o(.text)
    sysClockDiv                              0x00005f34   ARM Code     400  wb_config.o(.text)
    sysClockDivSwitchStart                   0x000060c4   ARM Code     300  wb_config.o(.text)
    sysPowerDownPLL                          0x000061f0   ARM Code     196  wb_config.o(.text)
    sysGetCPUClock                           0x000062b4   ARM Code     324  wb_config.o(.text)
    sysSetCPUClock                           0x000063f8   ARM Code     280  wb_config.o(.text)
    sysGetAPBClock                           0x00006510   ARM Code      76  wb_config.o(.text)
    sysSetAPBClock                           0x0000655c   ARM Code     196  wb_config.o(.text)
    sysGetClock                              0x00006620   ARM Code    1032  wb_config.o(.text)
    sysUartPort                              0x00006a2c   ARM Code     156  wb_uart.o(.text)
    sysUartInstallcallback                   0x00006ac8   ARM Code      76  wb_uart.o(.text)
    sysUartEnableInt                         0x00006e4c   ARM Code     148  wb_uart.o(.text)
    sysInitializeUART                        0x00006ee0   ARM Code     468  wb_uart.o(.text)
    _PutChar_f                               0x000070b4   ARM Code     452  wb_uart.o(.text)
    sysPutString                             0x00007278   ARM Code      40  wb_uart.o(.text)
    sysGetChipVersion                        0x000076a8   ARM Code      36  wb_uart.o(.text)
    sysprintf                                0x000076cc   ARM Code     288  wb_uart.o(.text)
    sysUartEnableDebugMessage                0x000077ec   ARM Code     160  wb_uart.o(.text)
    sysPrintf                                0x0000788c   ARM Code     288  wb_uart.o(.text)
    sysGetChar                               0x000079ac   ARM Code      56  wb_uart.o(.text)
    sysPutChar                               0x000079e4   ARM Code     136  wb_uart.o(.text)
    sysUartTransfer                          0x00007a6c   ARM Code      72  wb_uart.o(.text)
    sysSetMMUMappingMethod                   0x00007b58   ARM Code       8  wb_mmu.o(.text)
    sysInitMMUTable                          0x00007b60   ARM Code     168  wb_mmu.o(.text)
    sysTimerISR                              0x00007c18   ARM Code     520  wb_timer.o(.text)
    sysGetTicks                              0x00007e20   ARM Code      76  wb_timer.o(.text)
    sysResetTicks                            0x00007e6c   ARM Code      84  wb_timer.o(.text)
    sysUpdateTickCount                       0x00007ec0   ARM Code      76  wb_timer.o(.text)
    sysSetTimerReferenceClock                0x00007f0c   ARM Code      76  wb_timer.o(.text)
    sysStartTimer                            0x00007f58   ARM Code     552  wb_timer.o(.text)
    sysStopTimer                             0x00008180   ARM Code     264  wb_timer.o(.text)
    sysClearWatchDogTimerCount               0x00008288   ARM Code      44  wb_timer.o(.text)
    sysClearWatchDogTimerInterruptStatus     0x000082b4   ARM Code      44  wb_timer.o(.text)
    sysDisableWatchDogTimer                  0x000082e0   ARM Code      44  wb_timer.o(.text)
    sysDisableWatchDogTimerReset             0x0000830c   ARM Code      44  wb_timer.o(.text)
    sysEnableWatchDogTimer                   0x00008338   ARM Code      44  wb_timer.o(.text)
    sysEnableWatchDogTimerReset              0x00008364   ARM Code      44  wb_timer.o(.text)
    sysInstallWatchDogTimerISR               0x00008390   ARM Code      92  wb_timer.o(.text)
    sysSetWatchDogTimerInterval              0x000083ec   ARM Code      60  wb_timer.o(.text)
    sysSetTimerEvent                         0x00008428   ARM Code     444  wb_timer.o(.text)
    sysClearTimerEvent                       0x000085e4   ARM Code     180  wb_timer.o(.text)
    sysDOS_Time_To_UTC                       0x00008698   ARM Code     304  wb_timer.o(.text)
    sysUTC_To_DOS_Time                       0x000087c8   ARM Code     328  wb_timer.o(.text)
    sysSetLocalTime                          0x00008910   ARM Code      64  wb_timer.o(.text)
    sysGetCurrentTime                        0x00008950   ARM Code      68  wb_timer.o(.text)
    sysDelay                                 0x00008994   ARM Code      96  wb_timer.o(.text)
    strlen                                   0x00008a61   Thumb Code    62  strlen.o(.text)
    __aeabi_memcpy                           0x00008aa4   ARM Code       0  rt_memcpy.o(.text)
    __rt_memcpy                              0x00008aa4   ARM Code     212  rt_memcpy.o(.text)
    _memcpy_lastbytes                        0x00008b58   ARM Code       0  rt_memcpy.o(.text)
    __aeabi_memset                           0x00008b78   ARM Code      16  aeabi_memset.o(.text)
    __aeabi_idiv                             0x00008b88   ARM Code       0  aeabi_sdiv.o(.text)
    __aeabi_idivmod                          0x00008b88   ARM Code     380  aeabi_sdiv.o(.text)
    __use_two_region_memory                  0x00008d05   Thumb Code     2  heapauxi.o(.text)
    __rt_heap_escrow$2region                 0x00008d07   Thumb Code     2  heapauxi.o(.text)
    __rt_heap_expand$2region                 0x00008d09   Thumb Code     2  heapauxi.o(.text)
    __aeabi_memcpy4                          0x00008d0c   ARM Code       0  rt_memcpy_w.o(.text)
    __aeabi_memcpy8                          0x00008d0c   ARM Code       0  rt_memcpy_w.o(.text)
    __rt_memcpy_w                            0x00008d0c   ARM Code     100  rt_memcpy_w.o(.text)
    _memcpy_lastbytes_aligned                0x00008d58   ARM Code       0  rt_memcpy_w.o(.text)
    __aeabi_memclr                           0x00008d70   ARM Code       0  rt_memclr.o(.text)
    __rt_memclr                              0x00008d70   ARM Code      64  rt_memclr.o(.text)
    _memset                                  0x00008d74   ARM Code       0  rt_memclr.o(.text)
    __aeabi_memclr4                          0x00008db0   ARM Code       0  rt_memclr_w.o(.text)
    __aeabi_memclr8                          0x00008db0   ARM Code       0  rt_memclr_w.o(.text)
    __rt_memclr_w                            0x00008db0   ARM Code      84  rt_memclr_w.o(.text)
    _memset_w                                0x00008db4   ARM Code       0  rt_memclr_w.o(.text)
    __user_setup_stackheap                   0x00008e04   ARM Code      96  sys_stackheap_outer.o(.text)
    exit                                     0x00008e65   Thumb Code    12  exit.o(.text)
    __user_libspace                          0x00008e70   ARM Code      12  libspace.o(.text)
    __user_perproc_libspace                  0x00008e70   ARM Code       0  libspace.o(.text)
    __user_perthread_libspace                0x00008e70   ARM Code       0  libspace.o(.text)
    __aeabi_uidiv                            0x00008e7c   ARM Code       0  aeabi_sdiv.o(.text_udiv)
    __aeabi_uidivmod                         0x00008e7c   ARM Code      36  aeabi_sdiv.o(.text_udiv)
    vPortStartFirstTask                      0x00008ea0   ARM Code       0  portasm.o(PORT_ASM)
    vPortYield                               0x00008ed0   ARM Code       0  portasm.o(PORT_ASM)
    vPortYieldProcessor                      0x00008ed8   ARM Code       0  portasm.o(PORT_ASM)
    vPreemptiveTick                          0x00008f64   ARM Code       0  portasm.o(PORT_ASM)
    Region$$Table$$Base                      0x00009074   Number         0  anon$$obj.o(Region$$Table)
    Region$$Table$$Limit                     0x000090a4   Number         0  anon$$obj.o(Region$$Table)
    xSuspendedTestQueue                      0x000090f4   Data           4  dynamic_n329.o(.data)
    pxCurrentTCB                             0x00009108   Data           4  tasks.o(.data)
    ulCriticalNesting                        0x00009140   Data           4  port.o(.data)
    _sys_bIsAICInitial                       0x0000915c   Data           1  wb_aic.o(.data)
    _sys_bIsHWMode                           0x0000915d   Data           1  wb_aic.o(.data)
    sysIrqHandlerTable                       0x00009160   Data         128  wb_aic.o(.data)
    sysFiqHandlerTable                       0x000091e0   Data         128  wb_aic.o(.data)
    _sys_IsCacheOn                           0x00009260   Data           1  wb_cache.o(.data)
    _sys_CacheMode                           0x00009264   Data           4  wb_cache.o(.data)
    bIsCpuOver2xHclk                         0x00009298   Data           1  wb_config.o(.data)
    bIsCheckPllConstraint                    0x000092a0   Data           1  wb_config.o(.data)
    bIsAPLLInitialize                        0x000092a1   Data           1  wb_config.o(.data)
    nvt_uart1                                0x000092c4   Data          28  wb_uart.o(.data)
    _sys_pvOldTimer0Vect                     0x000092e4   Data           4  wb_timer.o(.data)
    _sys_uTimer0ClockRate                    0x000092e8   Data           4  wb_timer.o(.data)
    _sys_uTimer0Count                        0x000092ec   Data           4  wb_timer.o(.data)
    _sys_uTime0EventCount                    0x000092f0   Data           4  wb_timer.o(.data)
    _sys_uTimer0TickPerSecond                0x000092f4   Data           4  wb_timer.o(.data)
    _sys_bIsSetTime0Event                    0x000092f8   Data           1  wb_timer.o(.data)
    _sys_bIsTimer0Initial                    0x000092f9   Data           1  wb_timer.o(.data)
    _sys_pvOldTimer1Vect                     0x000092fc   Data           4  wb_timer.o(.data)
    _sys_uTimer1ClockRate                    0x00009300   Data           4  wb_timer.o(.data)
    _sys_uTimer1Count                        0x00009304   Data           4  wb_timer.o(.data)
    _sys_uTime1EventCount                    0x00009308   Data           4  wb_timer.o(.data)
    _sys_uTimer1TickPerSecond                0x0000930c   Data           4  wb_timer.o(.data)
    _sys_bIsSetTime1Event                    0x00009310   Data           1  wb_timer.o(.data)
    _sys_bIsTimer1Initial                    0x00009311   Data           1  wb_timer.o(.data)
    _sys_ReferenceTime_Clock                 0x00009314   Data           4  wb_timer.o(.data)
    _sys_ReferenceTime_UTC                   0x00009318   Data           4  wb_timer.o(.data)
    xQueueRegistry                           0x00009450   Data          80  queue.o(.bss)
    pfnUartIntHandlerTable                   0x000894a0   Data          16  wb_uart.o(.bss)
    _mmuSectionTable                         0x0008c000   Data       16384  wb_mmu.o(.bss)
    _tmp_buf                                 0x00090000   Data        8192  wb_power.o(.bss)
    tTime0Event                              0x00092000   Data         160  wb_timer.o(.bss)
    tTime1Event                              0x000920a0   Data         160  wb_timer.o(.bss)
    __libspace_start                         0x00092140   Data          96  libspace.o(.bss)
    Image$$ZI$$Limit                         0x000921a0   Number         0  anon$$obj.o ABSOLUTE
    __temporary_stack_top$libspace           0x000921a0   Data           0  libspace.o(.bss)



==============================================================================

Memory Map of the image

  Image Entry point : 0x00000000

  Load Region LR_IROM1 (Base: 0x00000000, Size: 0x0000934c, Max: 0x02000000, ABSOLUTE, COMPRESSED[0x00009100])

    Execution Region ER_IROM1 (Base: 0x00000000, Size: 0x000090a4, Max: 0x02000000, ABSOLUTE)

    Base Addr    Size         Type   Attr      Idx    E Section Name        Object

    0x00000000   0x000000b0   Code   RO            1  * WB_INIT             wb_init.o
    0x000000b0   0x00000008   Code   RO          431  * !!!main             c_5.l(__main.o)
    0x000000b8   0x0000003c   Code   RO          599    !!!scatter          c_5.l(__scatter.o)
    0x000000f4   0x0000005c   Code   RO          597    !!dczerorl2         c_5.l(__dczerorl2.o)
    0x00000150   0x00000028   Code   RO          601    !!handler_copy      c_5.l(__scatter_copy.o)
    0x00000178   0x0000002c   Code   RO          603    !!handler_zi        c_5.l(__scatter_zi.o)
    0x000001a4   0x00000002   Code   RO          474    .ARM.Collect$$libinit$$00000000  c_5.l(libinit.o)
    0x000001a6   0x00000000   Code   RO          487    .ARM.Collect$$libinit$$00000002  c_5.l(libinit2.o)
    0x000001a6   0x00000000   Code   RO          490    .ARM.Collect$$libinit$$00000008  c_5.l(libinit2.o)
    0x000001a6   0x00000000   Code   RO          492    .ARM.Collect$$libinit$$0000000A  c_5.l(libinit2.o)
    0x000001a6   0x00000000   Code   RO          494    .ARM.Collect$$libinit$$0000000C  c_5.l(libinit2.o)
    0x000001a6   0x00000000   Code   RO          497    .ARM.Collect$$libinit$$0000000F  c_5.l(libinit2.o)
    0x000001a6   0x00000000   Code   RO          499    .ARM.Collect$$libinit$$00000011  c_5.l(libinit2.o)
    0x000001a6   0x00000000   Code   RO          501    .ARM.Collect$$libinit$$00000013  c_5.l(libinit2.o)
    0x000001a6   0x00000000   Code   RO          503    .ARM.Collect$$libinit$$00000015  c_5.l(libinit2.o)
    0x000001a6   0x00000000   Code   RO          505    .ARM.Collect$$libinit$$00000017  c_5.l(libinit2.o)
    0x000001a6   0x00000000   Code   RO          507    .ARM.Collect$$libinit$$00000019  c_5.l(libinit2.o)
    0x000001a6   0x00000000   Code   RO          509    .ARM.Collect$$libinit$$0000001B  c_5.l(libinit2.o)
    0x000001a6   0x00000000   Code   RO          511    .ARM.Collect$$libinit$$0000001D  c_5.l(libinit2.o)
    0x000001a6   0x00000000   Code   RO          513    .ARM.Collect$$libinit$$0000001F  c_5.l(libinit2.o)
    0x000001a6   0x00000000   Code   RO          515    .ARM.Collect$$libinit$$00000021  c_5.l(libinit2.o)
    0x000001a6   0x00000000   Code   RO          517    .ARM.Collect$$libinit$$00000023  c_5.l(libinit2.o)
    0x000001a6   0x00000000   Code   RO          521    .ARM.Collect$$libinit$$0000002A  c_5.l(libinit2.o)
    0x000001a6   0x00000000   Code   RO          523    .ARM.Collect$$libinit$$0000002C  c_5.l(libinit2.o)
    0x000001a6   0x00000000   Code   RO          525    .ARM.Collect$$libinit$$0000002E  c_5.l(libinit2.o)
    0x000001a6   0x00000000   Code   RO          527    .ARM.Collect$$libinit$$00000030  c_5.l(libinit2.o)
    0x000001a6   0x00000002   Code   RO          528    .ARM.Collect$$libinit$$00000031  c_5.l(libinit2.o)
    0x000001a8   0x00000002   Code   RO          552    .ARM.Collect$$libshutdown$$00000000  c_5.l(libshutdown.o)
    0x000001aa   0x00000000   Code   RO          579    .ARM.Collect$$libshutdown$$00000003  c_5.l(libshutdown2.o)
    0x000001aa   0x00000000   Code   RO          582    .ARM.Collect$$libshutdown$$00000006  c_5.l(libshutdown2.o)
    0x000001aa   0x00000000   Code   RO          585    .ARM.Collect$$libshutdown$$00000009  c_5.l(libshutdown2.o)
    0x000001aa   0x00000000   Code   RO          587    .ARM.Collect$$libshutdown$$0000000B  c_5.l(libshutdown2.o)
    0x000001aa   0x00000000   Code   RO          590    .ARM.Collect$$libshutdown$$0000000E  c_5.l(libshutdown2.o)
    0x000001aa   0x00000002   Code   RO          591    .ARM.Collect$$libshutdown$$0000000F  c_5.l(libshutdown2.o)
    0x000001ac   0x00000000   Code   RO          433    .ARM.Collect$$rtentry$$00000000  c_5.l(rtentry.o)
    0x000001ac   0x00000000   Code   RO          443    .ARM.Collect$$rtentry$$00000002  c_5.l(rtentry2.o)
    0x000001ac   0x00000008   Code   RO          455    .ARM.Collect$$rtentry$$00000004  c_5.l(rtentry4.o)
    0x000001b4   0x00000000   Code   RO          445    .ARM.Collect$$rtentry$$00000009  c_5.l(rtentry2.o)
    0x000001b4   0x00000004   Code   RO          446    .ARM.Collect$$rtentry$$0000000A  c_5.l(rtentry2.o)
    0x000001b8   0x00000000   Code   RO          448    .ARM.Collect$$rtentry$$0000000C  c_5.l(rtentry2.o)
    0x000001b8   0x00000028   Code   RO          449    .ARM.Collect$$rtentry$$0000000D  c_5.l(rtentry2.o)
    0x000001e0   0x00000004   Code   RO          478    .ARM.Collect$$rtexit$$00000000  c_5.l(rtexit.o)
    0x000001e4   0x00000000   Code   RO          530    .ARM.Collect$$rtexit$$00000002  c_5.l(rtexit2.o)
    0x000001e4   0x00000004   Code   RO          531    .ARM.Collect$$rtexit$$00000003  c_5.l(rtexit2.o)
    0x000001e8   0x00000008   Code   RO          532    .ARM.Collect$$rtexit$$00000004  c_5.l(rtexit2.o)
    0x000001f0   0x0000000c   Code   RO          293    .emb_text           W55FA93_syslib_freertos.lib(wb_cache.o)
    0x000001fc   0x00000024   Code   RO          352    .emb_text           W55FA93_syslib_freertos.lib(wb_mmu.o)
    0x00000220   0x00000048   Code   RO            6    .text               standalone.o
    0x00000268   0x00000090   Code   RO           18    .text               multithread.o
    0x000002f8   0x00000164   Code   RO           69    .text               main.o
    0x0000045c   0x000002b8   Code   RO          117    .text               pollq_n329.o
    0x00000714   0x0000048c   Code   RO          131    .text               blockq_n329.o
    0x00000ba0   0x00000480   Code   RO          145    .text               semtest_n329.o
    0x00001020   0x00000640   Code   RO          159    .text               dynamic_n329.o
    0x00001660   0x00001ce8   Code   RO          174    .text               tasks.o
    0x00003348   0x00000114   Code   RO          199    .text               list.o
    0x0000345c   0x00000c3c   Code   RO          211    .text               queue.o
    0x00004098   0x000001f8   Code   RO          226    .text               port.o
    0x00004290   0x0000037c   Code   RO          244    .text               heap_4.o
    0x0000460c   0x00000654   Code   RO          259    .text               W55FA93_syslib_freertos.lib(wb_aic.o)
    0x00004c60   0x00000418   Code   RO          294    .text               W55FA93_syslib_freertos.lib(wb_cache.o)
    0x00005078   0x000019b4   Code   RO          312    .text               W55FA93_syslib_freertos.lib(wb_config.o)
    0x00006a2c   0x0000112c   Code   RO          332    .text               W55FA93_syslib_freertos.lib(wb_uart.o)
    0x00007b58   0x000000c0   Code   RO          353    .text               W55FA93_syslib_freertos.lib(wb_mmu.o)
    0x00007c18   0x00000e48   Code   RO          387    .text               W55FA93_syslib_freertos.lib(wb_timer.o)
    0x00008a60   0x00000044   Code   RO          407    .text               c_5.l(strlen.o)
    0x00008aa4   0x000000d4   Code   RO          409    .text               c_5.l(rt_memcpy.o)
    0x00008b78   0x00000010   Code   RO          411    .text               c_5.l(aeabi_memset.o)
    0x00008b88   0x0000017c   Code   RO          413    .text               c_5.l(aeabi_sdiv.o)
    0x00008d04   0x00000006   Code   RO          429    .text               c_5.l(heapauxi.o)
    0x00008d0a   0x00000002   PAD
    0x00008d0c   0x00000064   Code   RO          438    .text               c_5.l(rt_memcpy_w.o)
    0x00008d70   0x00000040   Code   RO          440    .text               c_5.l(rt_memclr.o)
    0x00008db0   0x00000054   Code   RO          459    .text               c_5.l(rt_memclr_w.o)
    0x00008e04   0x00000060   Code   RO          461    .text               c_5.l(sys_stackheap_outer.o)
    0x00008e64   0x0000000c   Code   RO          463    .text               c_5.l(exit.o)
    0x00008e70   0x0000000c   Code   RO          475    .text               c_5.l(libspace.o)
    0x00008e7c   0x00000024   Code   RO          414    .text_udiv          c_5.l(aeabi_sdiv.o)
    0x00008ea0   0x000001c4   Code   RO          241    PORT_ASM            portasm.o
    0x00009064   0x00000010   Data   RO          313    .constdata          W55FA93_syslib_freertos.lib(wb_config.o)
    0x00009074   0x00000030   Data   RO          595    Region$$Table       anon$$obj.o


    Execution Region RW_RAM1 (Base: 0x000090a4, Size: 0x000890fc, Max: 0xffffffff, ABSOLUTE, COMPRESSED[0x0000005c])

    Base Addr    Size         Type   Attr      Idx    E Section Name        Object

    0x000090a4   0x0000000c   Data   RW          118    .data               pollq_n329.o
    0x000090b0   0x00000018   Data   RW          132    .data               blockq_n329.o
    0x000090c8   0x00000012   Data   RW          146    .data               semtest_n329.o
    0x000090da   0x00000002   PAD
    0x000090dc   0x0000002c   Data   RW          160    .data               dynamic_n329.o
    0x00009108   0x00000038   Data   RW          176    .data               tasks.o
    0x00009140   0x00000004   Data   RW          227    .data               port.o
    0x00009144   0x00000018   Data   RW          246    .data               heap_4.o
    0x0000915c   0x00000104   Data   RW          260    .data               W55FA93_syslib_freertos.lib(wb_aic.o)
    0x00009260   0x00000008   Data   RW          295    .data               W55FA93_syslib_freertos.lib(wb_cache.o)
    0x00009268   0x0000003a   Data   RW          314    .data               W55FA93_syslib_freertos.lib(wb_config.o)
    0x000092a2   0x00000002   PAD
    0x000092a4   0x0000003d   Data   RW          334    .data               W55FA93_syslib_freertos.lib(wb_uart.o)
    0x000092e1   0x00000001   Data   RW          355    .data               W55FA93_syslib_freertos.lib(wb_mmu.o)
    0x000092e2   0x00000002   PAD
    0x000092e4   0x00000068   Data   RW          389    .data               W55FA93_syslib_freertos.lib(wb_timer.o)
    0x0000934c   0x00000104   Zero   RW          175    .bss                tasks.o
    0x00009450   0x00000050   Zero   RW          212    .bss                queue.o
    0x000094a0   0x00080000   Zero   RW          245    .bss                heap_4.o
    0x000894a0   0x00000174   Zero   RW          333    .bss                W55FA93_syslib_freertos.lib(wb_uart.o)
    0x00089614   0x000029ec   PAD
    0x0008c000   0x00004000   Zero   RW          354    .bss                W55FA93_syslib_freertos.lib(wb_mmu.o)
    0x00090000   0x00002000   Zero   RW          373    .bss                W55FA93_syslib_freertos.lib(wb_power.o)
    0x00092000   0x00000140   Zero   RW          388    .bss                W55FA93_syslib_freertos.lib(wb_timer.o)
    0x00092140   0x00000060   Zero   RW          476    .bss                c_5.l(libspace.o)


    Execution Region ZI (Base: 0x000921a0, Size: 0x00000000, Max: 0xffffffff, ABSOLUTE)

    **** No section assigned to this execution region ****


==============================================================================

Image component sizes


      Code (inc. data)   RO Data    RW Data    ZI Data      Debug   Object Name

      1164        188          0         24          0       3066   blockq_n329.o
      1600        364          0         44          0       3312   dynamic_n329.o
       892         24          0         24     524288       3192   heap_4.o
       276          0          0          0          0       1814   list.o
       356         44          0          0          0       6699   main.o
       144          0          0          0          0      18274   multithread.o
       696        152          0         12          0       2407   pollq_n329.o
       504         32          0          4          0       2499   port.o
       452         36          0          0          0        364   portasm.o
      3132          4          0          0         80      10934   queue.o
      1152        240          0         18          0       2582   semtest_n329.o
        72          4          0          0          0       2853   standalone.o
      7400         92          0         56        260      19562   tasks.o
       176         56          0          0          0        352   wb_init.o

    ----------------------------------------------------------------------
     18016       1236         48        184     524628      77910   Object Totals
         0          0         48          0          0          0   (incl. Generated)
         0          0          0          2          0          0   (incl. Padding)

    ----------------------------------------------------------------------

      Code (inc. data)   RO Data    RW Data    ZI Data      Debug   Library Member Name

      1620         20          0        260          0      10487   wb_aic.o
      1060         12          0          8          0       3504   wb_cache.o
      6580        176         16         58          0      11644   wb_config.o
       228         16          0          1      16384       2076   wb_mmu.o
         0          0          0          0       8192        607   wb_power.o
      3656        108          0        104        320       8352   wb_timer.o
      4396         96          0         61        372       8545   wb_uart.o
        92          0          0          0          0          0   __dczerorl2.o
         8          0          0          0          0         68   __main.o
        60          8          0          0          0          0   __scatter.o
        40          0          0          0          0          0   __scatter_copy.o
        44          0          0          0          0          0   __scatter_zi.o
        16          0          0          0          0         68   aeabi_memset.o
       416          0          0          0          0        144   aeabi_sdiv.o
        12          0          0          0          0         64   exit.o
         6          0          0          0          0        136   heapauxi.o
         2          0          0          0          0          0   libinit.o
         2          0          0          0          0          0   libinit2.o
         2          0          0          0          0          0   libshutdown.o
         2          0          0          0          0          0   libshutdown2.o
        12          4          0          0         96         68   libspace.o
        64          0          0          0          0         68   rt_memclr.o
        84          0          0          0          0         80   rt_memclr_w.o
       212          0          0          0          0         68   rt_memcpy.o
       100          0          0          0          0         80   rt_memcpy_w.o
         0          0          0          0          0          0   rtentry.o
        44          4          0          0          0          0   rtentry2.o
         8          0          0          0          0          0   rtentry4.o
         4          0          0          0          0          0   rtexit.o
        12          0          0          0          0          0   rtexit2.o
        68          6          0          0          0         72   strlen.o
        96          0          0          0          0         80   sys_stackheap_outer.o

    ----------------------------------------------------------------------
     18948        450         16        496      36096      46211   Library Totals
         2          0          0          4      10732          0   (incl. Padding)

    ----------------------------------------------------------------------

      Code (inc. data)   RO Data    RW Data    ZI Data      Debug   Library Name

     17540        428         16        492      25268      45215   W55FA93_syslib_freertos.lib
      1406         22          0          0         96        996   c_5.l

    ----------------------------------------------------------------------
     18948        450         16        496      36096      46211   Library Totals

    ----------------------------------------------------------------------

==============================================================================


      Code (inc. data)   RO Data    RW Data    ZI Data      Debug   

     36964       1686         64        680     560724     121653   Grand Totals
     36964       1686         64         92     560724     121653   ELF Image Totals (compressed)
     36964       1686         64         92          0          0   ROM Totals

==============================================================================

    Total RO  Size (Code + RO Data)                37028 (  36.16kB)
    Total RW  Size (RW Data + ZI Data)            561404 ( 548.25kB)
    Total ROM Size (Code + RO Data + RW Data)      37120 (  36.25kB)

==============================================================================

