<!doctype html public "-//w3c//dtd html 4.0 transitional//en">
<html><head>
<title>Static Call Graph - [.\Objects\RTOSDemo.axf]</title></head>
<body><HR>
<H1>Static Call Graph for image .\Objects\RTOSDemo.axf</H1><HR>
<BR><P>#&#060CALLGRAPH&#062# ARM Linker, 5050106: Last Updated: Fri Nov 22 20:38:21 2019
<BR><P>
<H3>Maximum Stack Usage =        232 bytes + Unknown(Functions without stacksize, Cycles, Untraceable Function Pointers)</H3><H3>
Call chain for Maximum Stack Depth:</H3>
main &rArr; vStartBlockingQueueTasks &rArr; xTaskGenericCreate &rArr; prvAllocateTCBAndStack &rArr; pvPortMalloc &rArr; xTaskResumeAll &rArr; xTaskIncrementTick
<P>
<H3>
Functions with no stack information
</H3><UL>
 <LI><a href="#[23]">Vector_Table</a>
 <LI><a href="#[b]">Reset_Go</a>
 <LI><a href="#[9a]">vPortStartFirstTask</a>
 <LI><a href="#[55]">vPortYield</a>
 <LI><a href="#[d]">vPortYieldProcessor</a>
 <LI><a href="#[10]">vPreemptiveTick</a>
 <LI><a href="#[c]">Undefined_Handler</a>
 <LI><a href="#[e]">Prefetch_Handler</a>
 <LI><a href="#[f]">Abort_Handler</a>
 <LI><a href="#[11]">FIQ_Handler</a>
</UL>
</UL>
<P>
<H3>
Mutually Recursive functions
</H3> <LI><a href="#[36]">sys_flush_and_clean_dcache</a>&nbsp;&nbsp;&nbsp;&rArr;&nbsp;&nbsp;&nbsp;<a href="#[36]">sys_flush_and_clean_dcache</a><BR>
 <LI><a href="#[c]">Undefined_Handler</a>&nbsp;&nbsp;&nbsp;&rArr;&nbsp;&nbsp;&nbsp;<a href="#[c]">Undefined_Handler</a><BR>
 <LI><a href="#[e]">Prefetch_Handler</a>&nbsp;&nbsp;&nbsp;&rArr;&nbsp;&nbsp;&nbsp;<a href="#[e]">Prefetch_Handler</a><BR>
 <LI><a href="#[f]">Abort_Handler</a>&nbsp;&nbsp;&nbsp;&rArr;&nbsp;&nbsp;&nbsp;<a href="#[f]">Abort_Handler</a><BR>
 <LI><a href="#[11]">FIQ_Handler</a>&nbsp;&nbsp;&nbsp;&rArr;&nbsp;&nbsp;&nbsp;<a href="#[11]">FIQ_Handler</a><BR>
</UL>
<P>
<H3>
Function Pointers
</H3><UL>
 <LI><a href="#[f]">Abort_Handler</a> from wb_init.o(WB_INIT) referenced from wb_init.o(WB_INIT)
 <LI><a href="#[11]">FIQ_Handler</a> from wb_init.o(WB_INIT) referenced from wb_init.o(WB_INIT)
 <LI><a href="#[e]">Prefetch_Handler</a> from wb_init.o(WB_INIT) referenced from wb_init.o(WB_INIT)
 <LI><a href="#[b]">Reset_Go</a> from wb_init.o(WB_INIT) referenced from wb_init.o(WB_INIT)
 <LI><a href="#[7]">UartEnableInt</a> from wb_uart.o(.text) referenced 2 times from wb_uart.o(.data)
 <LI><a href="#[a]">UartGetChar</a> from wb_uart.o(.text) referenced 2 times from wb_uart.o(.data)
 <LI><a href="#[6]">UartInitialize</a> from wb_uart.o(.text) referenced 2 times from wb_uart.o(.data)
 <LI><a href="#[5]">UartInstallcallback</a> from wb_uart.o(.text) referenced 2 times from wb_uart.o(.data)
 <LI><a href="#[4]">UartPort</a> from wb_uart.o(.text) referenced 2 times from wb_uart.o(.data)
 <LI><a href="#[9]">UartPutChar</a> from wb_uart.o(.text) referenced 2 times from wb_uart.o(.data)
 <LI><a href="#[8]">UartTransfer</a> from wb_uart.o(.text) referenced 2 times from wb_uart.o(.data)
 <LI><a href="#[c]">Undefined_Handler</a> from wb_init.o(WB_INIT) referenced from wb_init.o(WB_INIT)
 <LI><a href="#[3]">WB_Interrupt_Shell</a> from wb_aic.o(.text) referenced 124 times from wb_aic.o(.data)
 <LI><a href="#[12]">main</a> from main.o(.text) referenced from rtentry2.o(.ARM.Collect$$rtentry$$0000000D)
 <LI><a href="#[1e]">prvIdleTask</a> from tasks.o(.text) referenced from tasks.o(.text)
 <LI><a href="#[18]">prvSemaphoreTest</a> from semtest_n329.o(.text) referenced from semtest_n329.o(.text)
 <LI><a href="#[b1]">sysClockDiv</a> from wb_config.o(.text) referenced from wb_config.o(.text)
 <LI><a href="#[ab]">sysClockSwitch</a> from wb_config.o(.text) referenced from wb_config.o(.text)
 <LI><a href="#[9d]">sysFiqHandler</a> from wb_aic.o(.text) referenced from wb_aic.o(.text)
 <LI><a href="#[a5]">sysInitDDR</a> from wb_config.o(.text) referenced from wb_config.o(.text)
 <LI><a href="#[21]">sysIrqHandler</a> from wb_aic.o(.text) referenced from portasm.o(PORT_ASM)
 <LI><a href="#[c9]">sysTimerISR</a> from wb_timer.o(.text) referenced 2 times from wb_timer.o(.text)
 <LI><a href="#[1f]">sysUartISR</a> from wb_uart.o(.text) referenced from wb_uart.o(.text)
 <LI><a href="#[16]">vBlockingQueueConsumer</a> from blockq_n329.o(.text) referenced from blockq_n329.o(.text)
 <LI><a href="#[17]">vBlockingQueueProducer</a> from blockq_n329.o(.text) referenced from blockq_n329.o(.text)
 <LI><a href="#[19]">vContinuousIncrementTask</a> from dynamic_n329.o(.text) referenced from dynamic_n329.o(.text)
 <LI><a href="#[1b]">vCounterControlTask</a> from dynamic_n329.o(.text) referenced from dynamic_n329.o(.text)
 <LI><a href="#[13]">vErrorChecks</a> from main.o(.text) referenced from main.o(.text)
 <LI><a href="#[1a]">vLimitedIncrementTask</a> from dynamic_n329.o(.text) referenced from dynamic_n329.o(.text)
 <LI><a href="#[14]">vPolledQueueConsumer</a> from pollq_n329.o(.text) referenced from pollq_n329.o(.text)
 <LI><a href="#[15]">vPolledQueueProducer</a> from pollq_n329.o(.text) referenced from pollq_n329.o(.text)
 <LI><a href="#[d]">vPortYieldProcessor</a> from portasm.o(PORT_ASM) referenced from wb_init.o(WB_INIT)
 <LI><a href="#[10]">vPreemptiveTick</a> from portasm.o(PORT_ASM) referenced from wb_init.o(WB_INIT)
 <LI><a href="#[1d]">vQueueReceiveWhenSuspendedTask</a> from dynamic_n329.o(.text) referenced from dynamic_n329.o(.text)
 <LI><a href="#[1c]">vQueueSendWhenSuspendedTask</a> from dynamic_n329.o(.text) referenced from dynamic_n329.o(.text)
 <LI><a href="#[20]">vTaskSwitchContext</a> from tasks.o(.text) referenced from portasm.o(PORT_ASM)
 <LI><a href="#[22]">xTaskIncrementTick</a> from tasks.o(.text) referenced from portasm.o(PORT_ASM)
</UL>
<P>
<H3>
Global Symbols
</H3>
<P><STRONG><a name="[23]"></a>Vector_Table</STRONG> (ARM, 0 bytes, Stack size unknown bytes, wb_init.o(WB_INIT))
<BR><BR>[Calls]<UL><LI><a href="#[b]">&gt;&gt;</a>&nbsp;&nbsp;&nbsp;Reset_Go
</UL>

<P><STRONG><a name="[b]"></a>Reset_Go</STRONG> (ARM, 0 bytes, Stack size unknown bytes, wb_init.o(WB_INIT))
<BR><BR>[Calls]<UL><LI><a href="#[24]">&gt;&gt;</a>&nbsp;&nbsp;&nbsp;__main
</UL>
<BR>[Called By]<UL><LI><a href="#[23]">&gt;&gt;</a>&nbsp;&nbsp;&nbsp;Vector_Table
</UL>
<BR>[Address Reference Count : 1]<UL><LI> wb_init.o(WB_INIT)
</UL>
<P><STRONG><a name="[24]"></a>__main</STRONG> (ARM, 8 bytes, Stack size 0 bytes, __main.o(!!!main))
<BR><BR>[Calls]<UL><LI><a href="#[29]">&gt;&gt;</a>&nbsp;&nbsp;&nbsp;__rt_entry
<LI><a href="#[28]">&gt;&gt;</a>&nbsp;&nbsp;&nbsp;__scatterload
</UL>
<BR>[Called By]<UL><LI><a href="#[b]">&gt;&gt;</a>&nbsp;&nbsp;&nbsp;Reset_Go
</UL>

<P><STRONG><a name="[28]"></a>__scatterload</STRONG> (ARM, 0 bytes, Stack size unknown bytes, __scatter.o(!!!scatter))
<BR><BR>[Called By]<UL><LI><a href="#[24]">&gt;&gt;</a>&nbsp;&nbsp;&nbsp;__main
</UL>

<P><STRONG><a name="[2a]"></a>__scatterload_rt2</STRONG> (ARM, 52 bytes, Stack size unknown bytes, __scatter.o(!!!scatter), UNUSED)
<BR><BR>[Calls]<UL><LI><a href="#[29]">&gt;&gt;</a>&nbsp;&nbsp;&nbsp;__rt_entry
</UL>

<P><STRONG><a name="[e1]"></a>__scatterload_null</STRONG> (ARM, 0 bytes, Stack size unknown bytes, __scatter.o(!!!scatter), UNUSED)

<P><STRONG><a name="[e2]"></a>__decompress</STRONG> (ARM, 92 bytes, Stack size unknown bytes, __dczerorl2.o(!!dczerorl2), UNUSED)

<P><STRONG><a name="[e3]"></a>__decompress1</STRONG> (ARM, 0 bytes, Stack size unknown bytes, __dczerorl2.o(!!dczerorl2), UNUSED)

<P><STRONG><a name="[2b]"></a>__scatterload_copy</STRONG> (ARM, 40 bytes, Stack size unknown bytes, __scatter_copy.o(!!handler_copy), UNUSED)
<BR><BR>[Calls]<UL><LI><a href="#[2b]">&gt;&gt;</a>&nbsp;&nbsp;&nbsp;__scatterload_copy
</UL>
<BR>[Called By]<UL><LI><a href="#[2b]">&gt;&gt;</a>&nbsp;&nbsp;&nbsp;__scatterload_copy
</UL>

<P><STRONG><a name="[e4]"></a>__scatterload_zeroinit</STRONG> (ARM, 44 bytes, Stack size unknown bytes, __scatter_zi.o(!!handler_zi), UNUSED)

<P><STRONG><a name="[2f]"></a>__rt_lib_init</STRONG> (Thumb, 0 bytes, Stack size unknown bytes, libinit.o(.ARM.Collect$$libinit$$00000000))
<BR><BR>[Called By]<UL><LI><a href="#[2e]">&gt;&gt;</a>&nbsp;&nbsp;&nbsp;__rt_entry_li (via BLX)
</UL>

<P><STRONG><a name="[e5]"></a>__rt_lib_init_alloca_1</STRONG> (Thumb, 0 bytes, Stack size unknown bytes, libinit2.o(.ARM.Collect$$libinit$$0000002C))

<P><STRONG><a name="[e6]"></a>__rt_lib_init_argv_1</STRONG> (Thumb, 0 bytes, Stack size unknown bytes, libinit2.o(.ARM.Collect$$libinit$$0000002A))

<P><STRONG><a name="[e7]"></a>__rt_lib_init_atexit_1</STRONG> (Thumb, 0 bytes, Stack size unknown bytes, libinit2.o(.ARM.Collect$$libinit$$00000019))

<P><STRONG><a name="[e8]"></a>__rt_lib_init_clock_1</STRONG> (Thumb, 0 bytes, Stack size unknown bytes, libinit2.o(.ARM.Collect$$libinit$$0000001F))

<P><STRONG><a name="[e9]"></a>__rt_lib_init_cpp_1</STRONG> (Thumb, 0 bytes, Stack size unknown bytes, libinit2.o(.ARM.Collect$$libinit$$00000030))

<P><STRONG><a name="[ea]"></a>__rt_lib_init_exceptions_1</STRONG> (Thumb, 0 bytes, Stack size unknown bytes, libinit2.o(.ARM.Collect$$libinit$$0000002E))

<P><STRONG><a name="[eb]"></a>__rt_lib_init_fp_1</STRONG> (Thumb, 0 bytes, Stack size unknown bytes, libinit2.o(.ARM.Collect$$libinit$$00000002))

<P><STRONG><a name="[ec]"></a>__rt_lib_init_fp_trap_1</STRONG> (Thumb, 0 bytes, Stack size unknown bytes, libinit2.o(.ARM.Collect$$libinit$$0000001D))

<P><STRONG><a name="[ed]"></a>__rt_lib_init_getenv_1</STRONG> (Thumb, 0 bytes, Stack size unknown bytes, libinit2.o(.ARM.Collect$$libinit$$00000021))

<P><STRONG><a name="[ee]"></a>__rt_lib_init_heap_1</STRONG> (Thumb, 0 bytes, Stack size unknown bytes, libinit2.o(.ARM.Collect$$libinit$$00000008))

<P><STRONG><a name="[ef]"></a>__rt_lib_init_lc_collate_1</STRONG> (Thumb, 0 bytes, Stack size unknown bytes, libinit2.o(.ARM.Collect$$libinit$$0000000F))

<P><STRONG><a name="[f0]"></a>__rt_lib_init_lc_ctype_1</STRONG> (Thumb, 0 bytes, Stack size unknown bytes, libinit2.o(.ARM.Collect$$libinit$$00000011))

<P><STRONG><a name="[f1]"></a>__rt_lib_init_lc_monetary_1</STRONG> (Thumb, 0 bytes, Stack size unknown bytes, libinit2.o(.ARM.Collect$$libinit$$00000013))

<P><STRONG><a name="[f2]"></a>__rt_lib_init_lc_numeric_1</STRONG> (Thumb, 0 bytes, Stack size unknown bytes, libinit2.o(.ARM.Collect$$libinit$$00000015))

<P><STRONG><a name="[f3]"></a>__rt_lib_init_lc_time_1</STRONG> (Thumb, 0 bytes, Stack size unknown bytes, libinit2.o(.ARM.Collect$$libinit$$00000017))

<P><STRONG><a name="[f4]"></a>__rt_lib_init_rand_1</STRONG> (Thumb, 0 bytes, Stack size unknown bytes, libinit2.o(.ARM.Collect$$libinit$$0000000C))

<P><STRONG><a name="[f5]"></a>__rt_lib_init_return</STRONG> (Thumb, 0 bytes, Stack size unknown bytes, libinit2.o(.ARM.Collect$$libinit$$00000031))

<P><STRONG><a name="[f6]"></a>__rt_lib_init_signal_1</STRONG> (Thumb, 0 bytes, Stack size unknown bytes, libinit2.o(.ARM.Collect$$libinit$$0000001B))

<P><STRONG><a name="[f7]"></a>__rt_lib_init_stdio_1</STRONG> (Thumb, 0 bytes, Stack size unknown bytes, libinit2.o(.ARM.Collect$$libinit$$00000023))

<P><STRONG><a name="[f8]"></a>__rt_lib_init_user_alloc_1</STRONG> (Thumb, 0 bytes, Stack size unknown bytes, libinit2.o(.ARM.Collect$$libinit$$0000000A))

<P><STRONG><a name="[33]"></a>__rt_lib_shutdown</STRONG> (Thumb, 0 bytes, Stack size unknown bytes, libshutdown.o(.ARM.Collect$$libshutdown$$00000000))
<BR><BR>[Called By]<UL><LI><a href="#[32]">&gt;&gt;</a>&nbsp;&nbsp;&nbsp;__rt_exit_ls (via BLX)
</UL>

<P><STRONG><a name="[f9]"></a>__rt_lib_shutdown_fp_trap_1</STRONG> (Thumb, 0 bytes, Stack size unknown bytes, libshutdown2.o(.ARM.Collect$$libshutdown$$00000006))

<P><STRONG><a name="[fa]"></a>__rt_lib_shutdown_heap_1</STRONG> (Thumb, 0 bytes, Stack size unknown bytes, libshutdown2.o(.ARM.Collect$$libshutdown$$0000000E))

<P><STRONG><a name="[fb]"></a>__rt_lib_shutdown_return</STRONG> (Thumb, 0 bytes, Stack size unknown bytes, libshutdown2.o(.ARM.Collect$$libshutdown$$0000000F))

<P><STRONG><a name="[fc]"></a>__rt_lib_shutdown_signal_1</STRONG> (Thumb, 0 bytes, Stack size unknown bytes, libshutdown2.o(.ARM.Collect$$libshutdown$$00000009))

<P><STRONG><a name="[fd]"></a>__rt_lib_shutdown_stdio_1</STRONG> (Thumb, 0 bytes, Stack size unknown bytes, libshutdown2.o(.ARM.Collect$$libshutdown$$00000003))

<P><STRONG><a name="[fe]"></a>__rt_lib_shutdown_user_alloc_1</STRONG> (Thumb, 0 bytes, Stack size unknown bytes, libshutdown2.o(.ARM.Collect$$libshutdown$$0000000B))

<P><STRONG><a name="[29]"></a>__rt_entry</STRONG> (ARM, 0 bytes, Stack size unknown bytes, rtentry.o(.ARM.Collect$$rtentry$$00000000))
<BR><BR>[Called By]<UL><LI><a href="#[24]">&gt;&gt;</a>&nbsp;&nbsp;&nbsp;__main
<LI><a href="#[2a]">&gt;&gt;</a>&nbsp;&nbsp;&nbsp;__scatterload_rt2
</UL>

<P><STRONG><a name="[ff]"></a>__rt_entry_presh_1</STRONG> (ARM, 0 bytes, Stack size unknown bytes, rtentry2.o(.ARM.Collect$$rtentry$$00000002))

<P><STRONG><a name="[2c]"></a>__rt_entry_sh</STRONG> (ARM, 0 bytes, Stack size unknown bytes, rtentry4.o(.ARM.Collect$$rtentry$$00000004))
<BR><BR>[Stack]<UL><LI>Max Depth = 40 + Unknown Stack Size
<LI>Call Chain = __rt_entry_sh &rArr; __user_setup_stackheap &rArr; __user_initial_stackheap
</UL>
<BR>[Calls]<UL><LI><a href="#[2d]">&gt;&gt;</a>&nbsp;&nbsp;&nbsp;__user_setup_stackheap
</UL>

<P><STRONG><a name="[2e]"></a>__rt_entry_li</STRONG> (ARM, 0 bytes, Stack size unknown bytes, rtentry2.o(.ARM.Collect$$rtentry$$0000000A))
<BR><BR>[Calls]<UL><LI><a href="#[2f]">&gt;&gt;</a>&nbsp;&nbsp;&nbsp;__rt_lib_init (via BLX)
</UL>

<P><STRONG><a name="[100]"></a>__rt_entry_postsh_1</STRONG> (ARM, 0 bytes, Stack size unknown bytes, rtentry2.o(.ARM.Collect$$rtentry$$00000009))

<P><STRONG><a name="[30]"></a>__rt_entry_main</STRONG> (ARM, 0 bytes, Stack size unknown bytes, rtentry2.o(.ARM.Collect$$rtentry$$0000000D))
<BR><BR>[Calls]<UL><LI><a href="#[31]">&gt;&gt;</a>&nbsp;&nbsp;&nbsp;exit (via BX)
</UL>

<P><STRONG><a name="[101]"></a>__rt_entry_postli_1</STRONG> (ARM, 0 bytes, Stack size unknown bytes, rtentry2.o(.ARM.Collect$$rtentry$$0000000C))

<P><STRONG><a name="[dc]"></a>__rt_exit</STRONG> (ARM, 0 bytes, Stack size unknown bytes, rtexit.o(.ARM.Collect$$rtexit$$00000000))
<BR><BR>[Called By]<UL><LI><a href="#[31]">&gt;&gt;</a>&nbsp;&nbsp;&nbsp;exit (via BLX)
</UL>

<P><STRONG><a name="[32]"></a>__rt_exit_ls</STRONG> (ARM, 0 bytes, Stack size unknown bytes, rtexit2.o(.ARM.Collect$$rtexit$$00000003))
<BR><BR>[Calls]<UL><LI><a href="#[33]">&gt;&gt;</a>&nbsp;&nbsp;&nbsp;__rt_lib_shutdown (via BLX)
</UL>

<P><STRONG><a name="[102]"></a>__rt_exit_prels_1</STRONG> (ARM, 0 bytes, Stack size unknown bytes, rtexit2.o(.ARM.Collect$$rtexit$$00000002))

<P><STRONG><a name="[34]"></a>__rt_exit_exit</STRONG> (ARM, 0 bytes, Stack size unknown bytes, rtexit2.o(.ARM.Collect$$rtexit$$00000004))
<BR><BR>[Calls]<UL><LI><a href="#[35]">&gt;&gt;</a>&nbsp;&nbsp;&nbsp;_sys_exit
</UL>

<P><STRONG><a name="[36]"></a>sys_flush_and_clean_dcache</STRONG> (ARM, 12 bytes, Stack size 0 bytes, wb_cache.o(.emb_text))
<BR><BR>[Calls]<UL><LI><a href="#[36]">&gt;&gt;</a>&nbsp;&nbsp;&nbsp;sys_flush_and_clean_dcache
</UL>
<BR>[Called By]<UL><LI><a href="#[a3]">&gt;&gt;</a>&nbsp;&nbsp;&nbsp;sysDisableCache
<LI><a href="#[36]">&gt;&gt;</a>&nbsp;&nbsp;&nbsp;sys_flush_and_clean_dcache
<LI><a href="#[a0]">&gt;&gt;</a>&nbsp;&nbsp;&nbsp;sysFlushCache
</UL>

<P><STRONG><a name="[c8]"></a>sysSetupCP15</STRONG> (ARM, 36 bytes, Stack size 0 bytes, wb_mmu.o(.emb_text))
<BR><BR>[Called By]<UL><LI><a href="#[a2]">&gt;&gt;</a>&nbsp;&nbsp;&nbsp;sysInitMMUTable
</UL>

<P><STRONG><a name="[35]"></a>_sys_exit</STRONG> (ARM, 8 bytes, Stack size 0 bytes, standalone.o(.text))
<BR><BR>[Called By]<UL><LI><a href="#[34]">&gt;&gt;</a>&nbsp;&nbsp;&nbsp;__rt_exit_exit
</UL>

<P><STRONG><a name="[103]"></a>_ttywrch</STRONG> (ARM, 8 bytes, Stack size 0 bytes, standalone.o(.text), UNUSED)

<P><STRONG><a name="[da]"></a>__user_initial_stackheap</STRONG> (ARM, 52 bytes, Stack size 32 bytes, standalone.o(.text))
<BR><BR>[Stack]<UL><LI>Max Depth = 32<LI>Call Chain = __user_initial_stackheap
</UL>
<BR>[Called By]<UL><LI><a href="#[2d]">&gt;&gt;</a>&nbsp;&nbsp;&nbsp;__user_setup_stackheap
</UL>

<P><STRONG><a name="[25]"></a>_mutex_initialize</STRONG> (ARM, 56 bytes, Stack size 8 bytes, multithread.o(.text), UNUSED, KEPT)
<BR><BR>[Stack]<UL><LI>Max Depth = 104 + Unknown Stack Size
<LI>Call Chain = _mutex_initialize &rArr; xQueueGenericSend &rArr; prvCopyDataToQueue &rArr; xTaskPriorityDisinherit
</UL>
<BR>[Calls]<UL><LI><a href="#[38]">&gt;&gt;</a>&nbsp;&nbsp;&nbsp;xQueueGenericSend
<LI><a href="#[37]">&gt;&gt;</a>&nbsp;&nbsp;&nbsp;xQueueGenericCreate
</UL>

<P><STRONG><a name="[26]"></a>_mutex_acquire</STRONG> (ARM, 44 bytes, Stack size 8 bytes, multithread.o(.text), UNUSED, KEPT)
<BR><BR>[Stack]<UL><LI>Max Depth = 104 + Unknown Stack Size
<LI>Call Chain = _mutex_acquire &rArr; xQueueGenericReceive &rArr; xTaskResumeAll &rArr; xTaskIncrementTick
</UL>
<BR>[Calls]<UL><LI><a href="#[39]">&gt;&gt;</a>&nbsp;&nbsp;&nbsp;xTaskGetSchedulerState
<LI><a href="#[3a]">&gt;&gt;</a>&nbsp;&nbsp;&nbsp;xQueueGenericReceive
</UL>

<P><STRONG><a name="[27]"></a>_mutex_release</STRONG> (ARM, 44 bytes, Stack size 8 bytes, multithread.o(.text), UNUSED, KEPT)
<BR><BR>[Stack]<UL><LI>Max Depth = 104 + Unknown Stack Size
<LI>Call Chain = _mutex_release &rArr; xQueueGenericSend &rArr; prvCopyDataToQueue &rArr; xTaskPriorityDisinherit
</UL>
<BR>[Calls]<UL><LI><a href="#[39]">&gt;&gt;</a>&nbsp;&nbsp;&nbsp;xTaskGetSchedulerState
<LI><a href="#[38]">&gt;&gt;</a>&nbsp;&nbsp;&nbsp;xQueueGenericSend
</UL>

<P><STRONG><a name="[12]"></a>main</STRONG> (ARM, 100 bytes, Stack size 24 bytes, main.o(.text))
<BR><BR>[Stack]<UL><LI>Max Depth = 232 + Unknown Stack Size
<LI>Call Chain = main &rArr; vStartBlockingQueueTasks &rArr; xTaskGenericCreate &rArr; prvAllocateTCBAndStack &rArr; pvPortMalloc &rArr; xTaskResumeAll &rArr; xTaskIncrementTick
</UL>
<BR>[Calls]<UL><LI><a href="#[4c]">&gt;&gt;</a>&nbsp;&nbsp;&nbsp;xTaskGenericCreate
<LI><a href="#[4d]">&gt;&gt;</a>&nbsp;&nbsp;&nbsp;vTaskStartScheduler
<LI><a href="#[4a]">&gt;&gt;</a>&nbsp;&nbsp;&nbsp;vStartSemaphoreTasks
<LI><a href="#[48]">&gt;&gt;</a>&nbsp;&nbsp;&nbsp;vStartPolledQueueTasks
<LI><a href="#[4b]">&gt;&gt;</a>&nbsp;&nbsp;&nbsp;vStartDynamicPriorityTasks
<LI><a href="#[49]">&gt;&gt;</a>&nbsp;&nbsp;&nbsp;vStartBlockingQueueTasks
<LI><a href="#[47]">&gt;&gt;</a>&nbsp;&nbsp;&nbsp;sysprintf
<LI><a href="#[41]">&gt;&gt;</a>&nbsp;&nbsp;&nbsp;prvSetupHardware
</UL>
<BR>[Address Reference Count : 1]<UL><LI> rtentry2.o(.ARM.Collect$$rtentry$$0000000D)
</UL>
<P><STRONG><a name="[48]"></a>vStartPolledQueueTasks</STRONG> (ARM, 132 bytes, Stack size 24 bytes, pollq_n329.o(.text))
<BR><BR>[Stack]<UL><LI>Max Depth = 168 + Unknown Stack Size
<LI>Call Chain = vStartPolledQueueTasks &rArr; xTaskGenericCreate &rArr; prvAllocateTCBAndStack &rArr; pvPortMalloc &rArr; xTaskResumeAll &rArr; xTaskIncrementTick
</UL>
<BR>[Calls]<UL><LI><a href="#[52]">&gt;&gt;</a>&nbsp;&nbsp;&nbsp;vQueueAddToRegistry
<LI><a href="#[4c]">&gt;&gt;</a>&nbsp;&nbsp;&nbsp;xTaskGenericCreate
<LI><a href="#[37]">&gt;&gt;</a>&nbsp;&nbsp;&nbsp;xQueueGenericCreate
</UL>
<BR>[Called By]<UL><LI><a href="#[12]">&gt;&gt;</a>&nbsp;&nbsp;&nbsp;main
</UL>

<P><STRONG><a name="[3c]"></a>xArePollingQueuesStillRunning</STRONG> (ARM, 68 bytes, Stack size 0 bytes, pollq_n329.o(.text))
<BR><BR>[Called By]<UL><LI><a href="#[3b]">&gt;&gt;</a>&nbsp;&nbsp;&nbsp;prvCheckOtherTasksAreStillRunning
</UL>

<P><STRONG><a name="[49]"></a>vStartBlockingQueueTasks</STRONG> (ARM, 720 bytes, Stack size 64 bytes, blockq_n329.o(.text))
<BR><BR>[Stack]<UL><LI>Max Depth = 208 + Unknown Stack Size
<LI>Call Chain = vStartBlockingQueueTasks &rArr; xTaskGenericCreate &rArr; prvAllocateTCBAndStack &rArr; pvPortMalloc &rArr; xTaskResumeAll &rArr; xTaskIncrementTick
</UL>
<BR>[Calls]<UL><LI><a href="#[53]">&gt;&gt;</a>&nbsp;&nbsp;&nbsp;pvPortMalloc
<LI><a href="#[4c]">&gt;&gt;</a>&nbsp;&nbsp;&nbsp;xTaskGenericCreate
<LI><a href="#[37]">&gt;&gt;</a>&nbsp;&nbsp;&nbsp;xQueueGenericCreate
</UL>
<BR>[Called By]<UL><LI><a href="#[12]">&gt;&gt;</a>&nbsp;&nbsp;&nbsp;main
</UL>

<P><STRONG><a name="[3d]"></a>xAreBlockingQueuesStillRunning</STRONG> (ARM, 148 bytes, Stack size 0 bytes, blockq_n329.o(.text))
<BR><BR>[Called By]<UL><LI><a href="#[3b]">&gt;&gt;</a>&nbsp;&nbsp;&nbsp;prvCheckOtherTasksAreStillRunning
</UL>

<P><STRONG><a name="[4a]"></a>vStartSemaphoreTasks</STRONG> (ARM, 640 bytes, Stack size 40 bytes, semtest_n329.o(.text))
<BR><BR>[Stack]<UL><LI>Max Depth = 184 + Unknown Stack Size
<LI>Call Chain = vStartSemaphoreTasks &rArr; xTaskGenericCreate &rArr; prvAllocateTCBAndStack &rArr; pvPortMalloc &rArr; xTaskResumeAll &rArr; xTaskIncrementTick
</UL>
<BR>[Calls]<UL><LI><a href="#[53]">&gt;&gt;</a>&nbsp;&nbsp;&nbsp;pvPortMalloc
<LI><a href="#[52]">&gt;&gt;</a>&nbsp;&nbsp;&nbsp;vQueueAddToRegistry
<LI><a href="#[4c]">&gt;&gt;</a>&nbsp;&nbsp;&nbsp;xTaskGenericCreate
<LI><a href="#[38]">&gt;&gt;</a>&nbsp;&nbsp;&nbsp;xQueueGenericSend
<LI><a href="#[37]">&gt;&gt;</a>&nbsp;&nbsp;&nbsp;xQueueGenericCreate
</UL>
<BR>[Called By]<UL><LI><a href="#[12]">&gt;&gt;</a>&nbsp;&nbsp;&nbsp;main
</UL>

<P><STRONG><a name="[3e]"></a>xAreSemaphoreTasksStillRunning</STRONG> (ARM, 88 bytes, Stack size 0 bytes, semtest_n329.o(.text))
<BR><BR>[Called By]<UL><LI><a href="#[3b]">&gt;&gt;</a>&nbsp;&nbsp;&nbsp;prvCheckOtherTasksAreStillRunning
</UL>

<P><STRONG><a name="[4b]"></a>vStartDynamicPriorityTasks</STRONG> (ARM, 256 bytes, Stack size 24 bytes, dynamic_n329.o(.text))
<BR><BR>[Stack]<UL><LI>Max Depth = 168 + Unknown Stack Size
<LI>Call Chain = vStartDynamicPriorityTasks &rArr; xTaskGenericCreate &rArr; prvAllocateTCBAndStack &rArr; pvPortMalloc &rArr; xTaskResumeAll &rArr; xTaskIncrementTick
</UL>
<BR>[Calls]<UL><LI><a href="#[52]">&gt;&gt;</a>&nbsp;&nbsp;&nbsp;vQueueAddToRegistry
<LI><a href="#[4c]">&gt;&gt;</a>&nbsp;&nbsp;&nbsp;xTaskGenericCreate
<LI><a href="#[37]">&gt;&gt;</a>&nbsp;&nbsp;&nbsp;xQueueGenericCreate
</UL>
<BR>[Called By]<UL><LI><a href="#[12]">&gt;&gt;</a>&nbsp;&nbsp;&nbsp;main
</UL>

<P><STRONG><a name="[3f]"></a>xAreDynamicPriorityTasksStillRunning</STRONG> (ARM, 288 bytes, Stack size 0 bytes, dynamic_n329.o(.text))
<BR><BR>[Called By]<UL><LI><a href="#[3b]">&gt;&gt;</a>&nbsp;&nbsp;&nbsp;prvCheckOtherTasksAreStillRunning
</UL>

<P><STRONG><a name="[4c]"></a>xTaskGenericCreate</STRONG> (ARM, 404 bytes, Stack size 56 bytes, tasks.o(.text))
<BR><BR>[Stack]<UL><LI>Max Depth = 144 + Unknown Stack Size
<LI>Call Chain = xTaskGenericCreate &rArr; prvAllocateTCBAndStack &rArr; pvPortMalloc &rArr; xTaskResumeAll &rArr; xTaskIncrementTick
</UL>
<BR>[Calls]<UL><LI><a href="#[64]">&gt;&gt;</a>&nbsp;&nbsp;&nbsp;vListInsertEnd
<LI><a href="#[63]">&gt;&gt;</a>&nbsp;&nbsp;&nbsp;pxPortInitialiseStack
<LI><a href="#[60]">&gt;&gt;</a>&nbsp;&nbsp;&nbsp;prvAllocateTCBAndStack
<LI><a href="#[5e]">&gt;&gt;</a>&nbsp;&nbsp;&nbsp;prvInitialiseTCBVariables
<LI><a href="#[5c]">&gt;&gt;</a>&nbsp;&nbsp;&nbsp;prvInitialiseTaskLists
<LI><a href="#[55]">&gt;&gt;</a>&nbsp;&nbsp;&nbsp;vPortYield
<LI><a href="#[50]">&gt;&gt;</a>&nbsp;&nbsp;&nbsp;vPortExitCritical
<LI><a href="#[4f]">&gt;&gt;</a>&nbsp;&nbsp;&nbsp;vPortEnterCritical
</UL>
<BR>[Called By]<UL><LI><a href="#[4d]">&gt;&gt;</a>&nbsp;&nbsp;&nbsp;vTaskStartScheduler
<LI><a href="#[4a]">&gt;&gt;</a>&nbsp;&nbsp;&nbsp;vStartSemaphoreTasks
<LI><a href="#[48]">&gt;&gt;</a>&nbsp;&nbsp;&nbsp;vStartPolledQueueTasks
<LI><a href="#[4b]">&gt;&gt;</a>&nbsp;&nbsp;&nbsp;vStartDynamicPriorityTasks
<LI><a href="#[49]">&gt;&gt;</a>&nbsp;&nbsp;&nbsp;vStartBlockingQueueTasks
<LI><a href="#[12]">&gt;&gt;</a>&nbsp;&nbsp;&nbsp;main
</UL>

<P><STRONG><a name="[65]"></a>vTaskDelete</STRONG> (ARM, 180 bytes, Stack size 16 bytes, tasks.o(.text), UNUSED)
<BR><BR>[Calls]<UL><LI><a href="#[64]">&gt;&gt;</a>&nbsp;&nbsp;&nbsp;vListInsertEnd
<LI><a href="#[66]">&gt;&gt;</a>&nbsp;&nbsp;&nbsp;uxListRemove
<LI><a href="#[67]">&gt;&gt;</a>&nbsp;&nbsp;&nbsp;prvResetNextTaskUnblockTime
<LI><a href="#[55]">&gt;&gt;</a>&nbsp;&nbsp;&nbsp;vPortYield
<LI><a href="#[50]">&gt;&gt;</a>&nbsp;&nbsp;&nbsp;vPortExitCritical
<LI><a href="#[4f]">&gt;&gt;</a>&nbsp;&nbsp;&nbsp;vPortEnterCritical
</UL>

<P><STRONG><a name="[22]"></a>xTaskIncrementTick</STRONG> (ARM, 444 bytes, Stack size 24 bytes, tasks.o(.text))
<BR><BR>[Stack]<UL><LI>Max Depth = 24<LI>Call Chain = xTaskIncrementTick
</UL>
<BR>[Calls]<UL><LI><a href="#[64]">&gt;&gt;</a>&nbsp;&nbsp;&nbsp;vListInsertEnd
<LI><a href="#[66]">&gt;&gt;</a>&nbsp;&nbsp;&nbsp;uxListRemove
<LI><a href="#[67]">&gt;&gt;</a>&nbsp;&nbsp;&nbsp;prvResetNextTaskUnblockTime
</UL>
<BR>[Called By]<UL><LI><a href="#[57]">&gt;&gt;</a>&nbsp;&nbsp;&nbsp;xTaskResumeAll
</UL>
<BR>[Address Reference Count : 1]<UL><LI> portasm.o(PORT_ASM)
</UL>
<P><STRONG><a name="[57]"></a>xTaskResumeAll</STRONG> (ARM, 340 bytes, Stack size 16 bytes, tasks.o(.text))
<BR><BR>[Stack]<UL><LI>Max Depth = 40 + Unknown Stack Size
<LI>Call Chain = xTaskResumeAll &rArr; xTaskIncrementTick
</UL>
<BR>[Calls]<UL><LI><a href="#[64]">&gt;&gt;</a>&nbsp;&nbsp;&nbsp;vListInsertEnd
<LI><a href="#[66]">&gt;&gt;</a>&nbsp;&nbsp;&nbsp;uxListRemove
<LI><a href="#[22]">&gt;&gt;</a>&nbsp;&nbsp;&nbsp;xTaskIncrementTick
<LI><a href="#[55]">&gt;&gt;</a>&nbsp;&nbsp;&nbsp;vPortYield
<LI><a href="#[50]">&gt;&gt;</a>&nbsp;&nbsp;&nbsp;vPortExitCritical
<LI><a href="#[4f]">&gt;&gt;</a>&nbsp;&nbsp;&nbsp;vPortEnterCritical
</UL>
<BR>[Called By]<UL><LI><a href="#[61]">&gt;&gt;</a>&nbsp;&nbsp;&nbsp;vPortFree
<LI><a href="#[74]">&gt;&gt;</a>&nbsp;&nbsp;&nbsp;uxTaskGetSystemState
<LI><a href="#[6a]">&gt;&gt;</a>&nbsp;&nbsp;&nbsp;vTaskDelayUntil
<LI><a href="#[6e]">&gt;&gt;</a>&nbsp;&nbsp;&nbsp;prvCheckTasksWaitingTermination
<LI><a href="#[1b]">&gt;&gt;</a>&nbsp;&nbsp;&nbsp;vCounterControlTask
<LI><a href="#[1c]">&gt;&gt;</a>&nbsp;&nbsp;&nbsp;vQueueSendWhenSuspendedTask
<LI><a href="#[1d]">&gt;&gt;</a>&nbsp;&nbsp;&nbsp;vQueueReceiveWhenSuspendedTask
<LI><a href="#[53]">&gt;&gt;</a>&nbsp;&nbsp;&nbsp;pvPortMalloc
<LI><a href="#[40]">&gt;&gt;</a>&nbsp;&nbsp;&nbsp;vTaskDelay
<LI><a href="#[38]">&gt;&gt;</a>&nbsp;&nbsp;&nbsp;xQueueGenericSend
<LI><a href="#[3a]">&gt;&gt;</a>&nbsp;&nbsp;&nbsp;xQueueGenericReceive
</UL>

<P><STRONG><a name="[56]"></a>vTaskSuspendAll</STRONG> (ARM, 24 bytes, Stack size 0 bytes, tasks.o(.text))
<BR><BR>[Called By]<UL><LI><a href="#[61]">&gt;&gt;</a>&nbsp;&nbsp;&nbsp;vPortFree
<LI><a href="#[74]">&gt;&gt;</a>&nbsp;&nbsp;&nbsp;uxTaskGetSystemState
<LI><a href="#[6a]">&gt;&gt;</a>&nbsp;&nbsp;&nbsp;vTaskDelayUntil
<LI><a href="#[6e]">&gt;&gt;</a>&nbsp;&nbsp;&nbsp;prvCheckTasksWaitingTermination
<LI><a href="#[1b]">&gt;&gt;</a>&nbsp;&nbsp;&nbsp;vCounterControlTask
<LI><a href="#[1c]">&gt;&gt;</a>&nbsp;&nbsp;&nbsp;vQueueSendWhenSuspendedTask
<LI><a href="#[1d]">&gt;&gt;</a>&nbsp;&nbsp;&nbsp;vQueueReceiveWhenSuspendedTask
<LI><a href="#[53]">&gt;&gt;</a>&nbsp;&nbsp;&nbsp;pvPortMalloc
<LI><a href="#[40]">&gt;&gt;</a>&nbsp;&nbsp;&nbsp;vTaskDelay
<LI><a href="#[38]">&gt;&gt;</a>&nbsp;&nbsp;&nbsp;xQueueGenericSend
<LI><a href="#[3a]">&gt;&gt;</a>&nbsp;&nbsp;&nbsp;xQueueGenericReceive
</UL>

<P><STRONG><a name="[6a]"></a>vTaskDelayUntil</STRONG> (ARM, 160 bytes, Stack size 32 bytes, tasks.o(.text), UNUSED)
<BR><BR>[Calls]<UL><LI><a href="#[66]">&gt;&gt;</a>&nbsp;&nbsp;&nbsp;uxListRemove
<LI><a href="#[68]">&gt;&gt;</a>&nbsp;&nbsp;&nbsp;prvAddCurrentTaskToDelayedList
<LI><a href="#[57]">&gt;&gt;</a>&nbsp;&nbsp;&nbsp;xTaskResumeAll
<LI><a href="#[56]">&gt;&gt;</a>&nbsp;&nbsp;&nbsp;vTaskSuspendAll
<LI><a href="#[55]">&gt;&gt;</a>&nbsp;&nbsp;&nbsp;vPortYield
</UL>

<P><STRONG><a name="[40]"></a>vTaskDelay</STRONG> (ARM, 84 bytes, Stack size 16 bytes, tasks.o(.text))
<BR><BR>[Stack]<UL><LI>Max Depth = 56 + Unknown Stack Size
<LI>Call Chain = vTaskDelay &rArr; xTaskResumeAll &rArr; xTaskIncrementTick
</UL>
<BR>[Calls]<UL><LI><a href="#[66]">&gt;&gt;</a>&nbsp;&nbsp;&nbsp;uxListRemove
<LI><a href="#[68]">&gt;&gt;</a>&nbsp;&nbsp;&nbsp;prvAddCurrentTaskToDelayedList
<LI><a href="#[57]">&gt;&gt;</a>&nbsp;&nbsp;&nbsp;xTaskResumeAll
<LI><a href="#[56]">&gt;&gt;</a>&nbsp;&nbsp;&nbsp;vTaskSuspendAll
<LI><a href="#[55]">&gt;&gt;</a>&nbsp;&nbsp;&nbsp;vPortYield
</UL>
<BR>[Called By]<UL><LI><a href="#[1b]">&gt;&gt;</a>&nbsp;&nbsp;&nbsp;vCounterControlTask
<LI><a href="#[1c]">&gt;&gt;</a>&nbsp;&nbsp;&nbsp;vQueueSendWhenSuspendedTask
<LI><a href="#[18]">&gt;&gt;</a>&nbsp;&nbsp;&nbsp;prvSemaphoreTest
<LI><a href="#[14]">&gt;&gt;</a>&nbsp;&nbsp;&nbsp;vPolledQueueConsumer
<LI><a href="#[15]">&gt;&gt;</a>&nbsp;&nbsp;&nbsp;vPolledQueueProducer
<LI><a href="#[13]">&gt;&gt;</a>&nbsp;&nbsp;&nbsp;vErrorChecks
</UL>

<P><STRONG><a name="[5a]"></a>uxTaskPriorityGet</STRONG> (ARM, 56 bytes, Stack size 16 bytes, tasks.o(.text))
<BR><BR>[Stack]<UL><LI>Max Depth = 16<LI>Call Chain = uxTaskPriorityGet
</UL>
<BR>[Calls]<UL><LI><a href="#[50]">&gt;&gt;</a>&nbsp;&nbsp;&nbsp;vPortExitCritical
<LI><a href="#[4f]">&gt;&gt;</a>&nbsp;&nbsp;&nbsp;vPortEnterCritical
</UL>
<BR>[Called By]<UL><LI><a href="#[19]">&gt;&gt;</a>&nbsp;&nbsp;&nbsp;vContinuousIncrementTask
</UL>

<P><STRONG><a name="[104]"></a>uxTaskPriorityGetFromISR</STRONG> (ARM, 44 bytes, Stack size 0 bytes, tasks.o(.text), UNUSED)

<P><STRONG><a name="[5b]"></a>vTaskPrioritySet</STRONG> (ARM, 328 bytes, Stack size 32 bytes, tasks.o(.text))
<BR><BR>[Stack]<UL><LI>Max Depth = 32 + Unknown Stack Size
<LI>Call Chain = vTaskPrioritySet
</UL>
<BR>[Calls]<UL><LI><a href="#[64]">&gt;&gt;</a>&nbsp;&nbsp;&nbsp;vListInsertEnd
<LI><a href="#[66]">&gt;&gt;</a>&nbsp;&nbsp;&nbsp;uxListRemove
<LI><a href="#[55]">&gt;&gt;</a>&nbsp;&nbsp;&nbsp;vPortYield
<LI><a href="#[50]">&gt;&gt;</a>&nbsp;&nbsp;&nbsp;vPortExitCritical
<LI><a href="#[4f]">&gt;&gt;</a>&nbsp;&nbsp;&nbsp;vPortEnterCritical
</UL>
<BR>[Called By]<UL><LI><a href="#[19]">&gt;&gt;</a>&nbsp;&nbsp;&nbsp;vContinuousIncrementTask
</UL>

<P><STRONG><a name="[20]"></a>vTaskSwitchContext</STRONG> (ARM, 200 bytes, Stack size 0 bytes, tasks.o(.text))
<BR><BR>[Called By]<UL><LI><a href="#[58]">&gt;&gt;</a>&nbsp;&nbsp;&nbsp;vTaskSuspend
</UL>
<BR>[Address Reference Count : 1]<UL><LI> portasm.o(PORT_ASM)
</UL>
<P><STRONG><a name="[58]"></a>vTaskSuspend</STRONG> (ARM, 204 bytes, Stack size 16 bytes, tasks.o(.text))
<BR><BR>[Stack]<UL><LI>Max Depth = 16 + Unknown Stack Size
<LI>Call Chain = vTaskSuspend
</UL>
<BR>[Calls]<UL><LI><a href="#[64]">&gt;&gt;</a>&nbsp;&nbsp;&nbsp;vListInsertEnd
<LI><a href="#[66]">&gt;&gt;</a>&nbsp;&nbsp;&nbsp;uxListRemove
<LI><a href="#[20]">&gt;&gt;</a>&nbsp;&nbsp;&nbsp;vTaskSwitchContext
<LI><a href="#[67]">&gt;&gt;</a>&nbsp;&nbsp;&nbsp;prvResetNextTaskUnblockTime
<LI><a href="#[55]">&gt;&gt;</a>&nbsp;&nbsp;&nbsp;vPortYield
<LI><a href="#[50]">&gt;&gt;</a>&nbsp;&nbsp;&nbsp;vPortExitCritical
<LI><a href="#[4f]">&gt;&gt;</a>&nbsp;&nbsp;&nbsp;vPortEnterCritical
</UL>
<BR>[Called By]<UL><LI><a href="#[1a]">&gt;&gt;</a>&nbsp;&nbsp;&nbsp;vLimitedIncrementTask
<LI><a href="#[1b]">&gt;&gt;</a>&nbsp;&nbsp;&nbsp;vCounterControlTask
</UL>

<P><STRONG><a name="[59]"></a>vTaskResume</STRONG> (ARM, 156 bytes, Stack size 16 bytes, tasks.o(.text))
<BR><BR>[Stack]<UL><LI>Max Depth = 16 + Unknown Stack Size
<LI>Call Chain = vTaskResume
</UL>
<BR>[Calls]<UL><LI><a href="#[64]">&gt;&gt;</a>&nbsp;&nbsp;&nbsp;vListInsertEnd
<LI><a href="#[66]">&gt;&gt;</a>&nbsp;&nbsp;&nbsp;uxListRemove
<LI><a href="#[6b]">&gt;&gt;</a>&nbsp;&nbsp;&nbsp;prvTaskIsTaskSuspended
<LI><a href="#[55]">&gt;&gt;</a>&nbsp;&nbsp;&nbsp;vPortYield
<LI><a href="#[50]">&gt;&gt;</a>&nbsp;&nbsp;&nbsp;vPortExitCritical
<LI><a href="#[4f]">&gt;&gt;</a>&nbsp;&nbsp;&nbsp;vPortEnterCritical
</UL>
<BR>[Called By]<UL><LI><a href="#[1b]">&gt;&gt;</a>&nbsp;&nbsp;&nbsp;vCounterControlTask
</UL>

<P><STRONG><a name="[6c]"></a>xTaskResumeFromISR</STRONG> (ARM, 168 bytes, Stack size 24 bytes, tasks.o(.text), UNUSED)
<BR><BR>[Calls]<UL><LI><a href="#[64]">&gt;&gt;</a>&nbsp;&nbsp;&nbsp;vListInsertEnd
<LI><a href="#[66]">&gt;&gt;</a>&nbsp;&nbsp;&nbsp;uxListRemove
<LI><a href="#[6b]">&gt;&gt;</a>&nbsp;&nbsp;&nbsp;prvTaskIsTaskSuspended
</UL>

<P><STRONG><a name="[4d]"></a>vTaskStartScheduler</STRONG> (ARM, 112 bytes, Stack size 24 bytes, tasks.o(.text))
<BR><BR>[Stack]<UL><LI>Max Depth = 168 + Unknown Stack Size
<LI>Call Chain = vTaskStartScheduler &rArr; xTaskGenericCreate &rArr; prvAllocateTCBAndStack &rArr; pvPortMalloc &rArr; xTaskResumeAll &rArr; xTaskIncrementTick
</UL>
<BR>[Calls]<UL><LI><a href="#[6f]">&gt;&gt;</a>&nbsp;&nbsp;&nbsp;xPortStartScheduler
<LI><a href="#[4c]">&gt;&gt;</a>&nbsp;&nbsp;&nbsp;xTaskGenericCreate
</UL>
<BR>[Called By]<UL><LI><a href="#[12]">&gt;&gt;</a>&nbsp;&nbsp;&nbsp;main
</UL>

<P><STRONG><a name="[70]"></a>vTaskEndScheduler</STRONG> (ARM, 36 bytes, Stack size 8 bytes, tasks.o(.text), UNUSED)
<BR><BR>[Calls]<UL><LI><a href="#[71]">&gt;&gt;</a>&nbsp;&nbsp;&nbsp;vPortEndScheduler
</UL>

<P><STRONG><a name="[54]"></a>xTaskGetTickCount</STRONG> (ARM, 28 bytes, Stack size 8 bytes, tasks.o(.text))
<BR><BR>[Stack]<UL><LI>Max Depth = 8<LI>Call Chain = xTaskGetTickCount
</UL>
<BR>[Calls]<UL><LI><a href="#[50]">&gt;&gt;</a>&nbsp;&nbsp;&nbsp;vPortExitCritical
<LI><a href="#[4f]">&gt;&gt;</a>&nbsp;&nbsp;&nbsp;vPortEnterCritical
</UL>
<BR>[Called By]<UL><LI><a href="#[18]">&gt;&gt;</a>&nbsp;&nbsp;&nbsp;prvSemaphoreTest
</UL>

<P><STRONG><a name="[105]"></a>xTaskGetTickCountFromISR</STRONG> (ARM, 16 bytes, Stack size 0 bytes, tasks.o(.text), UNUSED)

<P><STRONG><a name="[106]"></a>uxTaskGetNumberOfTasks</STRONG> (ARM, 12 bytes, Stack size 0 bytes, tasks.o(.text), UNUSED)

<P><STRONG><a name="[4e]"></a>pcTaskGetTaskName</STRONG> (ARM, 40 bytes, Stack size 0 bytes, tasks.o(.text))
<BR><BR>[Called By]<UL><LI><a href="#[19]">&gt;&gt;</a>&nbsp;&nbsp;&nbsp;vContinuousIncrementTask
<LI><a href="#[1a]">&gt;&gt;</a>&nbsp;&nbsp;&nbsp;vLimitedIncrementTask
<LI><a href="#[1b]">&gt;&gt;</a>&nbsp;&nbsp;&nbsp;vCounterControlTask
<LI><a href="#[1c]">&gt;&gt;</a>&nbsp;&nbsp;&nbsp;vQueueSendWhenSuspendedTask
<LI><a href="#[1d]">&gt;&gt;</a>&nbsp;&nbsp;&nbsp;vQueueReceiveWhenSuspendedTask
<LI><a href="#[18]">&gt;&gt;</a>&nbsp;&nbsp;&nbsp;prvSemaphoreTest
<LI><a href="#[17]">&gt;&gt;</a>&nbsp;&nbsp;&nbsp;vBlockingQueueProducer
<LI><a href="#[16]">&gt;&gt;</a>&nbsp;&nbsp;&nbsp;vBlockingQueueConsumer
<LI><a href="#[14]">&gt;&gt;</a>&nbsp;&nbsp;&nbsp;vPolledQueueConsumer
<LI><a href="#[15]">&gt;&gt;</a>&nbsp;&nbsp;&nbsp;vPolledQueueProducer
</UL>

<P><STRONG><a name="[74]"></a>uxTaskGetSystemState</STRONG> (ARM, 204 bytes, Stack size 24 bytes, tasks.o(.text), UNUSED)
<BR><BR>[Calls]<UL><LI><a href="#[72]">&gt;&gt;</a>&nbsp;&nbsp;&nbsp;prvListTaskWithinSingleList
<LI><a href="#[57]">&gt;&gt;</a>&nbsp;&nbsp;&nbsp;xTaskResumeAll
<LI><a href="#[56]">&gt;&gt;</a>&nbsp;&nbsp;&nbsp;vTaskSuspendAll
</UL>

<P><STRONG><a name="[75]"></a>vTaskPlaceOnEventList</STRONG> (ARM, 104 bytes, Stack size 16 bytes, tasks.o(.text))
<BR><BR>[Stack]<UL><LI>Max Depth = 24<LI>Call Chain = vTaskPlaceOnEventList &rArr; prvAddCurrentTaskToDelayedList
</UL>
<BR>[Calls]<UL><LI><a href="#[64]">&gt;&gt;</a>&nbsp;&nbsp;&nbsp;vListInsertEnd
<LI><a href="#[69]">&gt;&gt;</a>&nbsp;&nbsp;&nbsp;vListInsert
<LI><a href="#[66]">&gt;&gt;</a>&nbsp;&nbsp;&nbsp;uxListRemove
<LI><a href="#[68]">&gt;&gt;</a>&nbsp;&nbsp;&nbsp;prvAddCurrentTaskToDelayedList
</UL>
<BR>[Called By]<UL><LI><a href="#[38]">&gt;&gt;</a>&nbsp;&nbsp;&nbsp;xQueueGenericSend
<LI><a href="#[3a]">&gt;&gt;</a>&nbsp;&nbsp;&nbsp;xQueueGenericReceive
</UL>

<P><STRONG><a name="[76]"></a>vTaskPlaceOnUnorderedEventList</STRONG> (ARM, 124 bytes, Stack size 24 bytes, tasks.o(.text), UNUSED)
<BR><BR>[Calls]<UL><LI><a href="#[64]">&gt;&gt;</a>&nbsp;&nbsp;&nbsp;vListInsertEnd
<LI><a href="#[66]">&gt;&gt;</a>&nbsp;&nbsp;&nbsp;uxListRemove
<LI><a href="#[68]">&gt;&gt;</a>&nbsp;&nbsp;&nbsp;prvAddCurrentTaskToDelayedList
</UL>

<P><STRONG><a name="[77]"></a>xTaskRemoveFromEventList</STRONG> (ARM, 176 bytes, Stack size 16 bytes, tasks.o(.text))
<BR><BR>[Stack]<UL><LI>Max Depth = 16<LI>Call Chain = xTaskRemoveFromEventList
</UL>
<BR>[Calls]<UL><LI><a href="#[64]">&gt;&gt;</a>&nbsp;&nbsp;&nbsp;vListInsertEnd
<LI><a href="#[66]">&gt;&gt;</a>&nbsp;&nbsp;&nbsp;uxListRemove
</UL>
<BR>[Called By]<UL><LI><a href="#[93]">&gt;&gt;</a>&nbsp;&nbsp;&nbsp;xQueueReceiveFromISR
<LI><a href="#[92]">&gt;&gt;</a>&nbsp;&nbsp;&nbsp;xQueueGiveFromISR
<LI><a href="#[91]">&gt;&gt;</a>&nbsp;&nbsp;&nbsp;xQueueGenericSendFromISR
<LI><a href="#[83]">&gt;&gt;</a>&nbsp;&nbsp;&nbsp;xQueueGenericReset
<LI><a href="#[84]">&gt;&gt;</a>&nbsp;&nbsp;&nbsp;prvUnlockQueue
<LI><a href="#[38]">&gt;&gt;</a>&nbsp;&nbsp;&nbsp;xQueueGenericSend
<LI><a href="#[3a]">&gt;&gt;</a>&nbsp;&nbsp;&nbsp;xQueueGenericReceive
</UL>

<P><STRONG><a name="[78]"></a>xTaskRemoveFromUnorderedEventList</STRONG> (ARM, 152 bytes, Stack size 24 bytes, tasks.o(.text), UNUSED)
<BR><BR>[Calls]<UL><LI><a href="#[64]">&gt;&gt;</a>&nbsp;&nbsp;&nbsp;vListInsertEnd
<LI><a href="#[66]">&gt;&gt;</a>&nbsp;&nbsp;&nbsp;uxListRemove
</UL>

<P><STRONG><a name="[7a]"></a>vTaskSetTimeOutState</STRONG> (ARM, 28 bytes, Stack size 0 bytes, tasks.o(.text))
<BR><BR>[Called By]<UL><LI><a href="#[79]">&gt;&gt;</a>&nbsp;&nbsp;&nbsp;xTaskCheckForTimeOut
<LI><a href="#[38]">&gt;&gt;</a>&nbsp;&nbsp;&nbsp;xQueueGenericSend
<LI><a href="#[3a]">&gt;&gt;</a>&nbsp;&nbsp;&nbsp;xQueueGenericReceive
</UL>

<P><STRONG><a name="[79]"></a>xTaskCheckForTimeOut</STRONG> (ARM, 156 bytes, Stack size 16 bytes, tasks.o(.text))
<BR><BR>[Stack]<UL><LI>Max Depth = 16<LI>Call Chain = xTaskCheckForTimeOut
</UL>
<BR>[Calls]<UL><LI><a href="#[7a]">&gt;&gt;</a>&nbsp;&nbsp;&nbsp;vTaskSetTimeOutState
<LI><a href="#[50]">&gt;&gt;</a>&nbsp;&nbsp;&nbsp;vPortExitCritical
<LI><a href="#[4f]">&gt;&gt;</a>&nbsp;&nbsp;&nbsp;vPortEnterCritical
</UL>
<BR>[Called By]<UL><LI><a href="#[38]">&gt;&gt;</a>&nbsp;&nbsp;&nbsp;xQueueGenericSend
<LI><a href="#[3a]">&gt;&gt;</a>&nbsp;&nbsp;&nbsp;xQueueGenericReceive
</UL>

<P><STRONG><a name="[85]"></a>vTaskMissedYield</STRONG> (ARM, 16 bytes, Stack size 0 bytes, tasks.o(.text))
<BR><BR>[Called By]<UL><LI><a href="#[84]">&gt;&gt;</a>&nbsp;&nbsp;&nbsp;prvUnlockQueue
</UL>

<P><STRONG><a name="[107]"></a>uxTaskGetTaskNumber</STRONG> (ARM, 32 bytes, Stack size 0 bytes, tasks.o(.text), UNUSED)

<P><STRONG><a name="[108]"></a>vTaskSetTaskNumber</STRONG> (ARM, 20 bytes, Stack size 0 bytes, tasks.o(.text), UNUSED)

<P><STRONG><a name="[8b]"></a>xTaskGetCurrentTaskHandle</STRONG> (ARM, 12 bytes, Stack size 0 bytes, tasks.o(.text), UNUSED)
<BR><BR>[Called By]<UL><LI><a href="#[8f]">&gt;&gt;</a>&nbsp;&nbsp;&nbsp;xQueueTakeMutexRecursive
<LI><a href="#[8a]">&gt;&gt;</a>&nbsp;&nbsp;&nbsp;xQueueGiveMutexRecursive
</UL>

<P><STRONG><a name="[39]"></a>xTaskGetSchedulerState</STRONG> (ARM, 56 bytes, Stack size 0 bytes, tasks.o(.text), UNUSED, KEPT)
<BR><BR>[Called By]<UL><LI><a href="#[27]">&gt;&gt;</a>&nbsp;&nbsp;&nbsp;_mutex_release
<LI><a href="#[26]">&gt;&gt;</a>&nbsp;&nbsp;&nbsp;_mutex_acquire
</UL>

<P><STRONG><a name="[7b]"></a>vTaskPriorityInherit</STRONG> (ARM, 232 bytes, Stack size 16 bytes, tasks.o(.text))
<BR><BR>[Stack]<UL><LI>Max Depth = 16<LI>Call Chain = vTaskPriorityInherit
</UL>
<BR>[Calls]<UL><LI><a href="#[64]">&gt;&gt;</a>&nbsp;&nbsp;&nbsp;vListInsertEnd
<LI><a href="#[66]">&gt;&gt;</a>&nbsp;&nbsp;&nbsp;uxListRemove
</UL>
<BR>[Called By]<UL><LI><a href="#[3a]">&gt;&gt;</a>&nbsp;&nbsp;&nbsp;xQueueGenericReceive
</UL>

<P><STRONG><a name="[7c]"></a>xTaskPriorityDisinherit</STRONG> (ARM, 160 bytes, Stack size 16 bytes, tasks.o(.text))
<BR><BR>[Stack]<UL><LI>Max Depth = 16<LI>Call Chain = xTaskPriorityDisinherit
</UL>
<BR>[Calls]<UL><LI><a href="#[64]">&gt;&gt;</a>&nbsp;&nbsp;&nbsp;vListInsertEnd
<LI><a href="#[66]">&gt;&gt;</a>&nbsp;&nbsp;&nbsp;uxListRemove
</UL>
<BR>[Called By]<UL><LI><a href="#[87]">&gt;&gt;</a>&nbsp;&nbsp;&nbsp;prvCopyDataToQueue
</UL>

<P><STRONG><a name="[109]"></a>uxTaskResetEventItemValue</STRONG> (ARM, 44 bytes, Stack size 0 bytes, tasks.o(.text), UNUSED)

<P><STRONG><a name="[8e]"></a>pvTaskIncrementMutexHeldCount</STRONG> (ARM, 52 bytes, Stack size 0 bytes, tasks.o(.text))
<BR><BR>[Called By]<UL><LI><a href="#[3a]">&gt;&gt;</a>&nbsp;&nbsp;&nbsp;xQueueGenericReceive
</UL>

<P><STRONG><a name="[7d]"></a>ulTaskNotifyTake</STRONG> (ARM, 240 bytes, Stack size 24 bytes, tasks.o(.text), UNUSED)
<BR><BR>[Calls]<UL><LI><a href="#[64]">&gt;&gt;</a>&nbsp;&nbsp;&nbsp;vListInsertEnd
<LI><a href="#[66]">&gt;&gt;</a>&nbsp;&nbsp;&nbsp;uxListRemove
<LI><a href="#[68]">&gt;&gt;</a>&nbsp;&nbsp;&nbsp;prvAddCurrentTaskToDelayedList
<LI><a href="#[55]">&gt;&gt;</a>&nbsp;&nbsp;&nbsp;vPortYield
<LI><a href="#[50]">&gt;&gt;</a>&nbsp;&nbsp;&nbsp;vPortExitCritical
<LI><a href="#[4f]">&gt;&gt;</a>&nbsp;&nbsp;&nbsp;vPortEnterCritical
</UL>

<P><STRONG><a name="[7e]"></a>xTaskNotifyWait</STRONG> (ARM, 280 bytes, Stack size 32 bytes, tasks.o(.text), UNUSED)
<BR><BR>[Calls]<UL><LI><a href="#[64]">&gt;&gt;</a>&nbsp;&nbsp;&nbsp;vListInsertEnd
<LI><a href="#[66]">&gt;&gt;</a>&nbsp;&nbsp;&nbsp;uxListRemove
<LI><a href="#[68]">&gt;&gt;</a>&nbsp;&nbsp;&nbsp;prvAddCurrentTaskToDelayedList
<LI><a href="#[55]">&gt;&gt;</a>&nbsp;&nbsp;&nbsp;vPortYield
<LI><a href="#[50]">&gt;&gt;</a>&nbsp;&nbsp;&nbsp;vPortExitCritical
<LI><a href="#[4f]">&gt;&gt;</a>&nbsp;&nbsp;&nbsp;vPortEnterCritical
</UL>

<P><STRONG><a name="[7f]"></a>xTaskGenericNotify</STRONG> (ARM, 296 bytes, Stack size 32 bytes, tasks.o(.text), UNUSED)
<BR><BR>[Calls]<UL><LI><a href="#[64]">&gt;&gt;</a>&nbsp;&nbsp;&nbsp;vListInsertEnd
<LI><a href="#[66]">&gt;&gt;</a>&nbsp;&nbsp;&nbsp;uxListRemove
<LI><a href="#[55]">&gt;&gt;</a>&nbsp;&nbsp;&nbsp;vPortYield
<LI><a href="#[50]">&gt;&gt;</a>&nbsp;&nbsp;&nbsp;vPortExitCritical
<LI><a href="#[4f]">&gt;&gt;</a>&nbsp;&nbsp;&nbsp;vPortEnterCritical
</UL>

<P><STRONG><a name="[80]"></a>xTaskGenericNotifyFromISR</STRONG> (ARM, 344 bytes, Stack size 40 bytes, tasks.o(.text), UNUSED)
<BR><BR>[Calls]<UL><LI><a href="#[64]">&gt;&gt;</a>&nbsp;&nbsp;&nbsp;vListInsertEnd
<LI><a href="#[66]">&gt;&gt;</a>&nbsp;&nbsp;&nbsp;uxListRemove
</UL>

<P><STRONG><a name="[81]"></a>vTaskNotifyGiveFromISR</STRONG> (ARM, 192 bytes, Stack size 24 bytes, tasks.o(.text), UNUSED)
<BR><BR>[Calls]<UL><LI><a href="#[64]">&gt;&gt;</a>&nbsp;&nbsp;&nbsp;vListInsertEnd
<LI><a href="#[66]">&gt;&gt;</a>&nbsp;&nbsp;&nbsp;uxListRemove
</UL>

<P><STRONG><a name="[82]"></a>xTaskNotifyStateClear</STRONG> (ARM, 88 bytes, Stack size 16 bytes, tasks.o(.text), UNUSED)
<BR><BR>[Calls]<UL><LI><a href="#[50]">&gt;&gt;</a>&nbsp;&nbsp;&nbsp;vPortExitCritical
<LI><a href="#[4f]">&gt;&gt;</a>&nbsp;&nbsp;&nbsp;vPortEnterCritical
</UL>

<P><STRONG><a name="[5d]"></a>vListInitialise</STRONG> (ARM, 44 bytes, Stack size 0 bytes, list.o(.text))
<BR><BR>[Called By]<UL><LI><a href="#[89]">&gt;&gt;</a>&nbsp;&nbsp;&nbsp;xQueueCreateMutex
<LI><a href="#[83]">&gt;&gt;</a>&nbsp;&nbsp;&nbsp;xQueueGenericReset
<LI><a href="#[5c]">&gt;&gt;</a>&nbsp;&nbsp;&nbsp;prvInitialiseTaskLists
</UL>

<P><STRONG><a name="[5f]"></a>vListInitialiseItem</STRONG> (ARM, 12 bytes, Stack size 0 bytes, list.o(.text))
<BR><BR>[Called By]<UL><LI><a href="#[5e]">&gt;&gt;</a>&nbsp;&nbsp;&nbsp;prvInitialiseTCBVariables
</UL>

<P><STRONG><a name="[64]"></a>vListInsertEnd</STRONG> (ARM, 48 bytes, Stack size 0 bytes, list.o(.text))
<BR><BR>[Called By]<UL><LI><a href="#[81]">&gt;&gt;</a>&nbsp;&nbsp;&nbsp;vTaskNotifyGiveFromISR
<LI><a href="#[80]">&gt;&gt;</a>&nbsp;&nbsp;&nbsp;xTaskGenericNotifyFromISR
<LI><a href="#[7f]">&gt;&gt;</a>&nbsp;&nbsp;&nbsp;xTaskGenericNotify
<LI><a href="#[7e]">&gt;&gt;</a>&nbsp;&nbsp;&nbsp;xTaskNotifyWait
<LI><a href="#[7d]">&gt;&gt;</a>&nbsp;&nbsp;&nbsp;ulTaskNotifyTake
<LI><a href="#[7c]">&gt;&gt;</a>&nbsp;&nbsp;&nbsp;xTaskPriorityDisinherit
<LI><a href="#[7b]">&gt;&gt;</a>&nbsp;&nbsp;&nbsp;vTaskPriorityInherit
<LI><a href="#[78]">&gt;&gt;</a>&nbsp;&nbsp;&nbsp;xTaskRemoveFromUnorderedEventList
<LI><a href="#[77]">&gt;&gt;</a>&nbsp;&nbsp;&nbsp;xTaskRemoveFromEventList
<LI><a href="#[76]">&gt;&gt;</a>&nbsp;&nbsp;&nbsp;vTaskPlaceOnUnorderedEventList
<LI><a href="#[75]">&gt;&gt;</a>&nbsp;&nbsp;&nbsp;vTaskPlaceOnEventList
<LI><a href="#[6c]">&gt;&gt;</a>&nbsp;&nbsp;&nbsp;xTaskResumeFromISR
<LI><a href="#[22]">&gt;&gt;</a>&nbsp;&nbsp;&nbsp;xTaskIncrementTick
<LI><a href="#[65]">&gt;&gt;</a>&nbsp;&nbsp;&nbsp;vTaskDelete
<LI><a href="#[57]">&gt;&gt;</a>&nbsp;&nbsp;&nbsp;xTaskResumeAll
<LI><a href="#[58]">&gt;&gt;</a>&nbsp;&nbsp;&nbsp;vTaskSuspend
<LI><a href="#[59]">&gt;&gt;</a>&nbsp;&nbsp;&nbsp;vTaskResume
<LI><a href="#[5b]">&gt;&gt;</a>&nbsp;&nbsp;&nbsp;vTaskPrioritySet
<LI><a href="#[4c]">&gt;&gt;</a>&nbsp;&nbsp;&nbsp;xTaskGenericCreate
</UL>

<P><STRONG><a name="[69]"></a>vListInsert</STRONG> (ARM, 96 bytes, Stack size 0 bytes, list.o(.text))
<BR><BR>[Called By]<UL><LI><a href="#[75]">&gt;&gt;</a>&nbsp;&nbsp;&nbsp;vTaskPlaceOnEventList
<LI><a href="#[68]">&gt;&gt;</a>&nbsp;&nbsp;&nbsp;prvAddCurrentTaskToDelayedList
</UL>

<P><STRONG><a name="[66]"></a>uxListRemove</STRONG> (ARM, 76 bytes, Stack size 0 bytes, list.o(.text))
<BR><BR>[Called By]<UL><LI><a href="#[81]">&gt;&gt;</a>&nbsp;&nbsp;&nbsp;vTaskNotifyGiveFromISR
<LI><a href="#[80]">&gt;&gt;</a>&nbsp;&nbsp;&nbsp;xTaskGenericNotifyFromISR
<LI><a href="#[7f]">&gt;&gt;</a>&nbsp;&nbsp;&nbsp;xTaskGenericNotify
<LI><a href="#[7e]">&gt;&gt;</a>&nbsp;&nbsp;&nbsp;xTaskNotifyWait
<LI><a href="#[7d]">&gt;&gt;</a>&nbsp;&nbsp;&nbsp;ulTaskNotifyTake
<LI><a href="#[7c]">&gt;&gt;</a>&nbsp;&nbsp;&nbsp;xTaskPriorityDisinherit
<LI><a href="#[7b]">&gt;&gt;</a>&nbsp;&nbsp;&nbsp;vTaskPriorityInherit
<LI><a href="#[78]">&gt;&gt;</a>&nbsp;&nbsp;&nbsp;xTaskRemoveFromUnorderedEventList
<LI><a href="#[77]">&gt;&gt;</a>&nbsp;&nbsp;&nbsp;xTaskRemoveFromEventList
<LI><a href="#[76]">&gt;&gt;</a>&nbsp;&nbsp;&nbsp;vTaskPlaceOnUnorderedEventList
<LI><a href="#[75]">&gt;&gt;</a>&nbsp;&nbsp;&nbsp;vTaskPlaceOnEventList
<LI><a href="#[6c]">&gt;&gt;</a>&nbsp;&nbsp;&nbsp;xTaskResumeFromISR
<LI><a href="#[6a]">&gt;&gt;</a>&nbsp;&nbsp;&nbsp;vTaskDelayUntil
<LI><a href="#[22]">&gt;&gt;</a>&nbsp;&nbsp;&nbsp;xTaskIncrementTick
<LI><a href="#[65]">&gt;&gt;</a>&nbsp;&nbsp;&nbsp;vTaskDelete
<LI><a href="#[6e]">&gt;&gt;</a>&nbsp;&nbsp;&nbsp;prvCheckTasksWaitingTermination
<LI><a href="#[57]">&gt;&gt;</a>&nbsp;&nbsp;&nbsp;xTaskResumeAll
<LI><a href="#[58]">&gt;&gt;</a>&nbsp;&nbsp;&nbsp;vTaskSuspend
<LI><a href="#[59]">&gt;&gt;</a>&nbsp;&nbsp;&nbsp;vTaskResume
<LI><a href="#[5b]">&gt;&gt;</a>&nbsp;&nbsp;&nbsp;vTaskPrioritySet
<LI><a href="#[40]">&gt;&gt;</a>&nbsp;&nbsp;&nbsp;vTaskDelay
</UL>

<P><STRONG><a name="[83]"></a>xQueueGenericReset</STRONG> (ARM, 184 bytes, Stack size 16 bytes, queue.o(.text))
<BR><BR>[Stack]<UL><LI>Max Depth = 32 + Unknown Stack Size
<LI>Call Chain = xQueueGenericReset &rArr; xTaskRemoveFromEventList
</UL>
<BR>[Calls]<UL><LI><a href="#[5d]">&gt;&gt;</a>&nbsp;&nbsp;&nbsp;vListInitialise
<LI><a href="#[77]">&gt;&gt;</a>&nbsp;&nbsp;&nbsp;xTaskRemoveFromEventList
<LI><a href="#[55]">&gt;&gt;</a>&nbsp;&nbsp;&nbsp;vPortYield
<LI><a href="#[50]">&gt;&gt;</a>&nbsp;&nbsp;&nbsp;vPortExitCritical
<LI><a href="#[4f]">&gt;&gt;</a>&nbsp;&nbsp;&nbsp;vPortEnterCritical
</UL>
<BR>[Called By]<UL><LI><a href="#[37]">&gt;&gt;</a>&nbsp;&nbsp;&nbsp;xQueueGenericCreate
</UL>

<P><STRONG><a name="[37]"></a>xQueueGenericCreate</STRONG> (ARM, 124 bytes, Stack size 32 bytes, queue.o(.text))
<BR><BR>[Stack]<UL><LI>Max Depth = 96 + Unknown Stack Size
<LI>Call Chain = xQueueGenericCreate &rArr; pvPortMalloc &rArr; xTaskResumeAll &rArr; xTaskIncrementTick
</UL>
<BR>[Calls]<UL><LI><a href="#[83]">&gt;&gt;</a>&nbsp;&nbsp;&nbsp;xQueueGenericReset
<LI><a href="#[53]">&gt;&gt;</a>&nbsp;&nbsp;&nbsp;pvPortMalloc
</UL>
<BR>[Called By]<UL><LI><a href="#[90]">&gt;&gt;</a>&nbsp;&nbsp;&nbsp;xQueueCreateCountingSemaphore
<LI><a href="#[4a]">&gt;&gt;</a>&nbsp;&nbsp;&nbsp;vStartSemaphoreTasks
<LI><a href="#[48]">&gt;&gt;</a>&nbsp;&nbsp;&nbsp;vStartPolledQueueTasks
<LI><a href="#[4b]">&gt;&gt;</a>&nbsp;&nbsp;&nbsp;vStartDynamicPriorityTasks
<LI><a href="#[49]">&gt;&gt;</a>&nbsp;&nbsp;&nbsp;vStartBlockingQueueTasks
<LI><a href="#[25]">&gt;&gt;</a>&nbsp;&nbsp;&nbsp;_mutex_initialize
</UL>

<P><STRONG><a name="[38]"></a>xQueueGenericSend</STRONG> (ARM, 376 bytes, Stack size 56 bytes, queue.o(.text))
<BR><BR>[Stack]<UL><LI>Max Depth = 96 + Unknown Stack Size
<LI>Call Chain = xQueueGenericSend &rArr; prvCopyDataToQueue &rArr; xTaskPriorityDisinherit
</UL>
<BR>[Calls]<UL><LI><a href="#[87]">&gt;&gt;</a>&nbsp;&nbsp;&nbsp;prvCopyDataToQueue
<LI><a href="#[86]">&gt;&gt;</a>&nbsp;&nbsp;&nbsp;prvIsQueueFull
<LI><a href="#[84]">&gt;&gt;</a>&nbsp;&nbsp;&nbsp;prvUnlockQueue
<LI><a href="#[79]">&gt;&gt;</a>&nbsp;&nbsp;&nbsp;xTaskCheckForTimeOut
<LI><a href="#[7a]">&gt;&gt;</a>&nbsp;&nbsp;&nbsp;vTaskSetTimeOutState
<LI><a href="#[77]">&gt;&gt;</a>&nbsp;&nbsp;&nbsp;xTaskRemoveFromEventList
<LI><a href="#[75]">&gt;&gt;</a>&nbsp;&nbsp;&nbsp;vTaskPlaceOnEventList
<LI><a href="#[57]">&gt;&gt;</a>&nbsp;&nbsp;&nbsp;xTaskResumeAll
<LI><a href="#[56]">&gt;&gt;</a>&nbsp;&nbsp;&nbsp;vTaskSuspendAll
<LI><a href="#[55]">&gt;&gt;</a>&nbsp;&nbsp;&nbsp;vPortYield
<LI><a href="#[50]">&gt;&gt;</a>&nbsp;&nbsp;&nbsp;vPortExitCritical
<LI><a href="#[4f]">&gt;&gt;</a>&nbsp;&nbsp;&nbsp;vPortEnterCritical
</UL>
<BR>[Called By]<UL><LI><a href="#[8a]">&gt;&gt;</a>&nbsp;&nbsp;&nbsp;xQueueGiveMutexRecursive
<LI><a href="#[89]">&gt;&gt;</a>&nbsp;&nbsp;&nbsp;xQueueCreateMutex
<LI><a href="#[1c]">&gt;&gt;</a>&nbsp;&nbsp;&nbsp;vQueueSendWhenSuspendedTask
<LI><a href="#[18]">&gt;&gt;</a>&nbsp;&nbsp;&nbsp;prvSemaphoreTest
<LI><a href="#[17]">&gt;&gt;</a>&nbsp;&nbsp;&nbsp;vBlockingQueueProducer
<LI><a href="#[15]">&gt;&gt;</a>&nbsp;&nbsp;&nbsp;vPolledQueueProducer
<LI><a href="#[4a]">&gt;&gt;</a>&nbsp;&nbsp;&nbsp;vStartSemaphoreTasks
<LI><a href="#[27]">&gt;&gt;</a>&nbsp;&nbsp;&nbsp;_mutex_release
<LI><a href="#[25]">&gt;&gt;</a>&nbsp;&nbsp;&nbsp;_mutex_initialize
</UL>

<P><STRONG><a name="[89]"></a>xQueueCreateMutex</STRONG> (ARM, 128 bytes, Stack size 16 bytes, queue.o(.text), UNUSED)
<BR><BR>[Calls]<UL><LI><a href="#[5d]">&gt;&gt;</a>&nbsp;&nbsp;&nbsp;vListInitialise
<LI><a href="#[53]">&gt;&gt;</a>&nbsp;&nbsp;&nbsp;pvPortMalloc
<LI><a href="#[38]">&gt;&gt;</a>&nbsp;&nbsp;&nbsp;xQueueGenericSend
</UL>

<P><STRONG><a name="[8a]"></a>xQueueGiveMutexRecursive</STRONG> (ARM, 92 bytes, Stack size 16 bytes, queue.o(.text), UNUSED)
<BR><BR>[Calls]<UL><LI><a href="#[8b]">&gt;&gt;</a>&nbsp;&nbsp;&nbsp;xTaskGetCurrentTaskHandle
<LI><a href="#[38]">&gt;&gt;</a>&nbsp;&nbsp;&nbsp;xQueueGenericSend
</UL>

<P><STRONG><a name="[3a]"></a>xQueueGenericReceive</STRONG> (ARM, 472 bytes, Stack size 56 bytes, queue.o(.text))
<BR><BR>[Stack]<UL><LI>Max Depth = 96 + Unknown Stack Size
<LI>Call Chain = xQueueGenericReceive &rArr; xTaskResumeAll &rArr; xTaskIncrementTick
</UL>
<BR>[Calls]<UL><LI><a href="#[8d]">&gt;&gt;</a>&nbsp;&nbsp;&nbsp;prvCopyDataFromQueue
<LI><a href="#[8c]">&gt;&gt;</a>&nbsp;&nbsp;&nbsp;prvIsQueueEmpty
<LI><a href="#[84]">&gt;&gt;</a>&nbsp;&nbsp;&nbsp;prvUnlockQueue
<LI><a href="#[8e]">&gt;&gt;</a>&nbsp;&nbsp;&nbsp;pvTaskIncrementMutexHeldCount
<LI><a href="#[7b]">&gt;&gt;</a>&nbsp;&nbsp;&nbsp;vTaskPriorityInherit
<LI><a href="#[79]">&gt;&gt;</a>&nbsp;&nbsp;&nbsp;xTaskCheckForTimeOut
<LI><a href="#[7a]">&gt;&gt;</a>&nbsp;&nbsp;&nbsp;vTaskSetTimeOutState
<LI><a href="#[77]">&gt;&gt;</a>&nbsp;&nbsp;&nbsp;xTaskRemoveFromEventList
<LI><a href="#[75]">&gt;&gt;</a>&nbsp;&nbsp;&nbsp;vTaskPlaceOnEventList
<LI><a href="#[57]">&gt;&gt;</a>&nbsp;&nbsp;&nbsp;xTaskResumeAll
<LI><a href="#[56]">&gt;&gt;</a>&nbsp;&nbsp;&nbsp;vTaskSuspendAll
<LI><a href="#[55]">&gt;&gt;</a>&nbsp;&nbsp;&nbsp;vPortYield
<LI><a href="#[50]">&gt;&gt;</a>&nbsp;&nbsp;&nbsp;vPortExitCritical
<LI><a href="#[4f]">&gt;&gt;</a>&nbsp;&nbsp;&nbsp;vPortEnterCritical
</UL>
<BR>[Called By]<UL><LI><a href="#[8f]">&gt;&gt;</a>&nbsp;&nbsp;&nbsp;xQueueTakeMutexRecursive
<LI><a href="#[1d]">&gt;&gt;</a>&nbsp;&nbsp;&nbsp;vQueueReceiveWhenSuspendedTask
<LI><a href="#[18]">&gt;&gt;</a>&nbsp;&nbsp;&nbsp;prvSemaphoreTest
<LI><a href="#[16]">&gt;&gt;</a>&nbsp;&nbsp;&nbsp;vBlockingQueueConsumer
<LI><a href="#[14]">&gt;&gt;</a>&nbsp;&nbsp;&nbsp;vPolledQueueConsumer
<LI><a href="#[26]">&gt;&gt;</a>&nbsp;&nbsp;&nbsp;_mutex_acquire
</UL>

<P><STRONG><a name="[8f]"></a>xQueueTakeMutexRecursive</STRONG> (ARM, 104 bytes, Stack size 24 bytes, queue.o(.text), UNUSED)
<BR><BR>[Calls]<UL><LI><a href="#[8b]">&gt;&gt;</a>&nbsp;&nbsp;&nbsp;xTaskGetCurrentTaskHandle
<LI><a href="#[3a]">&gt;&gt;</a>&nbsp;&nbsp;&nbsp;xQueueGenericReceive
</UL>

<P><STRONG><a name="[90]"></a>xQueueCreateCountingSemaphore</STRONG> (ARM, 52 bytes, Stack size 16 bytes, queue.o(.text), UNUSED)
<BR><BR>[Calls]<UL><LI><a href="#[37]">&gt;&gt;</a>&nbsp;&nbsp;&nbsp;xQueueGenericCreate
</UL>

<P><STRONG><a name="[91]"></a>xQueueGenericSendFromISR</STRONG> (ARM, 180 bytes, Stack size 32 bytes, queue.o(.text), UNUSED)
<BR><BR>[Calls]<UL><LI><a href="#[87]">&gt;&gt;</a>&nbsp;&nbsp;&nbsp;prvCopyDataToQueue
<LI><a href="#[77]">&gt;&gt;</a>&nbsp;&nbsp;&nbsp;xTaskRemoveFromEventList
</UL>

<P><STRONG><a name="[92]"></a>xQueueGiveFromISR</STRONG> (ARM, 160 bytes, Stack size 24 bytes, queue.o(.text), UNUSED)
<BR><BR>[Calls]<UL><LI><a href="#[77]">&gt;&gt;</a>&nbsp;&nbsp;&nbsp;xTaskRemoveFromEventList
</UL>

<P><STRONG><a name="[93]"></a>xQueueReceiveFromISR</STRONG> (ARM, 172 bytes, Stack size 32 bytes, queue.o(.text), UNUSED)
<BR><BR>[Calls]<UL><LI><a href="#[8d]">&gt;&gt;</a>&nbsp;&nbsp;&nbsp;prvCopyDataFromQueue
<LI><a href="#[77]">&gt;&gt;</a>&nbsp;&nbsp;&nbsp;xTaskRemoveFromEventList
</UL>

<P><STRONG><a name="[94]"></a>xQueuePeekFromISR</STRONG> (ARM, 72 bytes, Stack size 32 bytes, queue.o(.text), UNUSED)
<BR><BR>[Calls]<UL><LI><a href="#[8d]">&gt;&gt;</a>&nbsp;&nbsp;&nbsp;prvCopyDataFromQueue
</UL>

<P><STRONG><a name="[51]"></a>uxQueueMessagesWaiting</STRONG> (ARM, 28 bytes, Stack size 16 bytes, queue.o(.text))
<BR><BR>[Stack]<UL><LI>Max Depth = 16<LI>Call Chain = uxQueueMessagesWaiting
</UL>
<BR>[Calls]<UL><LI><a href="#[50]">&gt;&gt;</a>&nbsp;&nbsp;&nbsp;vPortExitCritical
<LI><a href="#[4f]">&gt;&gt;</a>&nbsp;&nbsp;&nbsp;vPortEnterCritical
</UL>
<BR>[Called By]<UL><LI><a href="#[14]">&gt;&gt;</a>&nbsp;&nbsp;&nbsp;vPolledQueueConsumer
</UL>

<P><STRONG><a name="[95]"></a>uxQueueSpacesAvailable</STRONG> (ARM, 40 bytes, Stack size 16 bytes, queue.o(.text), UNUSED)
<BR><BR>[Calls]<UL><LI><a href="#[50]">&gt;&gt;</a>&nbsp;&nbsp;&nbsp;vPortExitCritical
<LI><a href="#[4f]">&gt;&gt;</a>&nbsp;&nbsp;&nbsp;vPortEnterCritical
</UL>

<P><STRONG><a name="[10a]"></a>uxQueueMessagesWaitingFromISR</STRONG> (ARM, 12 bytes, Stack size 0 bytes, queue.o(.text), UNUSED)

<P><STRONG><a name="[97]"></a>vQueueUnregisterQueue</STRONG> (ARM, 68 bytes, Stack size 0 bytes, queue.o(.text), UNUSED)
<BR><BR>[Called By]<UL><LI><a href="#[96]">&gt;&gt;</a>&nbsp;&nbsp;&nbsp;vQueueDelete
</UL>

<P><STRONG><a name="[96]"></a>vQueueDelete</STRONG> (ARM, 32 bytes, Stack size 16 bytes, queue.o(.text), UNUSED)
<BR><BR>[Calls]<UL><LI><a href="#[97]">&gt;&gt;</a>&nbsp;&nbsp;&nbsp;vQueueUnregisterQueue
<LI><a href="#[61]">&gt;&gt;</a>&nbsp;&nbsp;&nbsp;vPortFree
</UL>

<P><STRONG><a name="[10b]"></a>uxQueueGetQueueNumber</STRONG> (ARM, 12 bytes, Stack size 0 bytes, queue.o(.text), UNUSED)

<P><STRONG><a name="[10c]"></a>vQueueSetQueueNumber</STRONG> (ARM, 8 bytes, Stack size 0 bytes, queue.o(.text), UNUSED)

<P><STRONG><a name="[10d]"></a>ucQueueGetQueueType</STRONG> (ARM, 12 bytes, Stack size 0 bytes, queue.o(.text), UNUSED)

<P><STRONG><a name="[10e]"></a>xQueueIsQueueEmptyFromISR</STRONG> (ARM, 32 bytes, Stack size 0 bytes, queue.o(.text), UNUSED)

<P><STRONG><a name="[10f]"></a>xQueueIsQueueFullFromISR</STRONG> (ARM, 36 bytes, Stack size 0 bytes, queue.o(.text), UNUSED)

<P><STRONG><a name="[52]"></a>vQueueAddToRegistry</STRONG> (ARM, 68 bytes, Stack size 0 bytes, queue.o(.text))
<BR><BR>[Called By]<UL><LI><a href="#[4a]">&gt;&gt;</a>&nbsp;&nbsp;&nbsp;vStartSemaphoreTasks
<LI><a href="#[48]">&gt;&gt;</a>&nbsp;&nbsp;&nbsp;vStartPolledQueueTasks
<LI><a href="#[4b]">&gt;&gt;</a>&nbsp;&nbsp;&nbsp;vStartDynamicPriorityTasks
</UL>

<P><STRONG><a name="[63]"></a>pxPortInitialiseStack</STRONG> (ARM, 240 bytes, Stack size 0 bytes, port.o(.text))
<BR><BR>[Called By]<UL><LI><a href="#[4c]">&gt;&gt;</a>&nbsp;&nbsp;&nbsp;xTaskGenericCreate
</UL>

<P><STRONG><a name="[6f]"></a>xPortStartScheduler</STRONG> (ARM, 20 bytes, Stack size 8 bytes, port.o(.text))
<BR><BR>[Stack]<UL><LI>Max Depth = 16 + Unknown Stack Size
<LI>Call Chain = xPortStartScheduler &rArr; prvSetupTimerInterrupt
</UL>
<BR>[Calls]<UL><LI><a href="#[9a]">&gt;&gt;</a>&nbsp;&nbsp;&nbsp;vPortStartFirstTask
<LI><a href="#[98]">&gt;&gt;</a>&nbsp;&nbsp;&nbsp;prvSetupTimerInterrupt
</UL>
<BR>[Called By]<UL><LI><a href="#[4d]">&gt;&gt;</a>&nbsp;&nbsp;&nbsp;vTaskStartScheduler
</UL>

<P><STRONG><a name="[71]"></a>vPortEndScheduler</STRONG> (ARM, 4 bytes, Stack size 0 bytes, port.o(.text), UNUSED)
<BR><BR>[Called By]<UL><LI><a href="#[70]">&gt;&gt;</a>&nbsp;&nbsp;&nbsp;vTaskEndScheduler
</UL>

<P><STRONG><a name="[4f]"></a>vPortEnterCritical</STRONG> (ARM, 36 bytes, Stack size 0 bytes, port.o(.text))
<BR><BR>[Called By]<UL><LI><a href="#[95]">&gt;&gt;</a>&nbsp;&nbsp;&nbsp;uxQueueSpacesAvailable
<LI><a href="#[83]">&gt;&gt;</a>&nbsp;&nbsp;&nbsp;xQueueGenericReset
<LI><a href="#[8c]">&gt;&gt;</a>&nbsp;&nbsp;&nbsp;prvIsQueueEmpty
<LI><a href="#[86]">&gt;&gt;</a>&nbsp;&nbsp;&nbsp;prvIsQueueFull
<LI><a href="#[84]">&gt;&gt;</a>&nbsp;&nbsp;&nbsp;prvUnlockQueue
<LI><a href="#[82]">&gt;&gt;</a>&nbsp;&nbsp;&nbsp;xTaskNotifyStateClear
<LI><a href="#[7f]">&gt;&gt;</a>&nbsp;&nbsp;&nbsp;xTaskGenericNotify
<LI><a href="#[7e]">&gt;&gt;</a>&nbsp;&nbsp;&nbsp;xTaskNotifyWait
<LI><a href="#[7d]">&gt;&gt;</a>&nbsp;&nbsp;&nbsp;ulTaskNotifyTake
<LI><a href="#[79]">&gt;&gt;</a>&nbsp;&nbsp;&nbsp;xTaskCheckForTimeOut
<LI><a href="#[65]">&gt;&gt;</a>&nbsp;&nbsp;&nbsp;vTaskDelete
<LI><a href="#[6e]">&gt;&gt;</a>&nbsp;&nbsp;&nbsp;prvCheckTasksWaitingTermination
<LI><a href="#[57]">&gt;&gt;</a>&nbsp;&nbsp;&nbsp;xTaskResumeAll
<LI><a href="#[58]">&gt;&gt;</a>&nbsp;&nbsp;&nbsp;vTaskSuspend
<LI><a href="#[59]">&gt;&gt;</a>&nbsp;&nbsp;&nbsp;vTaskResume
<LI><a href="#[5b]">&gt;&gt;</a>&nbsp;&nbsp;&nbsp;vTaskPrioritySet
<LI><a href="#[5a]">&gt;&gt;</a>&nbsp;&nbsp;&nbsp;uxTaskPriorityGet
<LI><a href="#[1b]">&gt;&gt;</a>&nbsp;&nbsp;&nbsp;vCounterControlTask
<LI><a href="#[54]">&gt;&gt;</a>&nbsp;&nbsp;&nbsp;xTaskGetTickCount
<LI><a href="#[18]">&gt;&gt;</a>&nbsp;&nbsp;&nbsp;prvSemaphoreTest
<LI><a href="#[51]">&gt;&gt;</a>&nbsp;&nbsp;&nbsp;uxQueueMessagesWaiting
<LI><a href="#[14]">&gt;&gt;</a>&nbsp;&nbsp;&nbsp;vPolledQueueConsumer
<LI><a href="#[15]">&gt;&gt;</a>&nbsp;&nbsp;&nbsp;vPolledQueueProducer
<LI><a href="#[4c]">&gt;&gt;</a>&nbsp;&nbsp;&nbsp;xTaskGenericCreate
<LI><a href="#[38]">&gt;&gt;</a>&nbsp;&nbsp;&nbsp;xQueueGenericSend
<LI><a href="#[3a]">&gt;&gt;</a>&nbsp;&nbsp;&nbsp;xQueueGenericReceive
</UL>

<P><STRONG><a name="[50]"></a>vPortExitCritical</STRONG> (ARM, 68 bytes, Stack size 0 bytes, port.o(.text))
<BR><BR>[Called By]<UL><LI><a href="#[95]">&gt;&gt;</a>&nbsp;&nbsp;&nbsp;uxQueueSpacesAvailable
<LI><a href="#[83]">&gt;&gt;</a>&nbsp;&nbsp;&nbsp;xQueueGenericReset
<LI><a href="#[8c]">&gt;&gt;</a>&nbsp;&nbsp;&nbsp;prvIsQueueEmpty
<LI><a href="#[86]">&gt;&gt;</a>&nbsp;&nbsp;&nbsp;prvIsQueueFull
<LI><a href="#[84]">&gt;&gt;</a>&nbsp;&nbsp;&nbsp;prvUnlockQueue
<LI><a href="#[82]">&gt;&gt;</a>&nbsp;&nbsp;&nbsp;xTaskNotifyStateClear
<LI><a href="#[7f]">&gt;&gt;</a>&nbsp;&nbsp;&nbsp;xTaskGenericNotify
<LI><a href="#[7e]">&gt;&gt;</a>&nbsp;&nbsp;&nbsp;xTaskNotifyWait
<LI><a href="#[7d]">&gt;&gt;</a>&nbsp;&nbsp;&nbsp;ulTaskNotifyTake
<LI><a href="#[79]">&gt;&gt;</a>&nbsp;&nbsp;&nbsp;xTaskCheckForTimeOut
<LI><a href="#[65]">&gt;&gt;</a>&nbsp;&nbsp;&nbsp;vTaskDelete
<LI><a href="#[6e]">&gt;&gt;</a>&nbsp;&nbsp;&nbsp;prvCheckTasksWaitingTermination
<LI><a href="#[57]">&gt;&gt;</a>&nbsp;&nbsp;&nbsp;xTaskResumeAll
<LI><a href="#[58]">&gt;&gt;</a>&nbsp;&nbsp;&nbsp;vTaskSuspend
<LI><a href="#[59]">&gt;&gt;</a>&nbsp;&nbsp;&nbsp;vTaskResume
<LI><a href="#[5b]">&gt;&gt;</a>&nbsp;&nbsp;&nbsp;vTaskPrioritySet
<LI><a href="#[5a]">&gt;&gt;</a>&nbsp;&nbsp;&nbsp;uxTaskPriorityGet
<LI><a href="#[1b]">&gt;&gt;</a>&nbsp;&nbsp;&nbsp;vCounterControlTask
<LI><a href="#[54]">&gt;&gt;</a>&nbsp;&nbsp;&nbsp;xTaskGetTickCount
<LI><a href="#[18]">&gt;&gt;</a>&nbsp;&nbsp;&nbsp;prvSemaphoreTest
<LI><a href="#[51]">&gt;&gt;</a>&nbsp;&nbsp;&nbsp;uxQueueMessagesWaiting
<LI><a href="#[14]">&gt;&gt;</a>&nbsp;&nbsp;&nbsp;vPolledQueueConsumer
<LI><a href="#[15]">&gt;&gt;</a>&nbsp;&nbsp;&nbsp;vPolledQueueProducer
<LI><a href="#[4c]">&gt;&gt;</a>&nbsp;&nbsp;&nbsp;xTaskGenericCreate
<LI><a href="#[38]">&gt;&gt;</a>&nbsp;&nbsp;&nbsp;xQueueGenericSend
<LI><a href="#[3a]">&gt;&gt;</a>&nbsp;&nbsp;&nbsp;xQueueGenericReceive
</UL>

<P><STRONG><a name="[53]"></a>pvPortMalloc</STRONG> (ARM, 344 bytes, Stack size 24 bytes, heap_4.o(.text))
<BR><BR>[Stack]<UL><LI>Max Depth = 64 + Unknown Stack Size
<LI>Call Chain = pvPortMalloc &rArr; xTaskResumeAll &rArr; xTaskIncrementTick
</UL>
<BR>[Calls]<UL><LI><a href="#[9b]">&gt;&gt;</a>&nbsp;&nbsp;&nbsp;prvHeapInit
<LI><a href="#[9c]">&gt;&gt;</a>&nbsp;&nbsp;&nbsp;prvInsertBlockIntoFreeList
<LI><a href="#[57]">&gt;&gt;</a>&nbsp;&nbsp;&nbsp;xTaskResumeAll
<LI><a href="#[56]">&gt;&gt;</a>&nbsp;&nbsp;&nbsp;vTaskSuspendAll
</UL>
<BR>[Called By]<UL><LI><a href="#[89]">&gt;&gt;</a>&nbsp;&nbsp;&nbsp;xQueueCreateMutex
<LI><a href="#[60]">&gt;&gt;</a>&nbsp;&nbsp;&nbsp;prvAllocateTCBAndStack
<LI><a href="#[4a]">&gt;&gt;</a>&nbsp;&nbsp;&nbsp;vStartSemaphoreTasks
<LI><a href="#[49]">&gt;&gt;</a>&nbsp;&nbsp;&nbsp;vStartBlockingQueueTasks
<LI><a href="#[37]">&gt;&gt;</a>&nbsp;&nbsp;&nbsp;xQueueGenericCreate
</UL>

<P><STRONG><a name="[61]"></a>vPortFree</STRONG> (ARM, 128 bytes, Stack size 16 bytes, heap_4.o(.text))
<BR><BR>[Stack]<UL><LI>Max Depth = 56 + Unknown Stack Size
<LI>Call Chain = vPortFree &rArr; xTaskResumeAll &rArr; xTaskIncrementTick
</UL>
<BR>[Calls]<UL><LI><a href="#[9c]">&gt;&gt;</a>&nbsp;&nbsp;&nbsp;prvInsertBlockIntoFreeList
<LI><a href="#[57]">&gt;&gt;</a>&nbsp;&nbsp;&nbsp;xTaskResumeAll
<LI><a href="#[56]">&gt;&gt;</a>&nbsp;&nbsp;&nbsp;vTaskSuspendAll
</UL>
<BR>[Called By]<UL><LI><a href="#[96]">&gt;&gt;</a>&nbsp;&nbsp;&nbsp;vQueueDelete
<LI><a href="#[6d]">&gt;&gt;</a>&nbsp;&nbsp;&nbsp;prvDeleteTCB
<LI><a href="#[60]">&gt;&gt;</a>&nbsp;&nbsp;&nbsp;prvAllocateTCBAndStack
</UL>

<P><STRONG><a name="[110]"></a>xPortGetFreeHeapSize</STRONG> (ARM, 12 bytes, Stack size 0 bytes, heap_4.o(.text), UNUSED)

<P><STRONG><a name="[111]"></a>xPortGetMinimumEverFreeHeapSize</STRONG> (ARM, 12 bytes, Stack size 0 bytes, heap_4.o(.text), UNUSED)

<P><STRONG><a name="[112]"></a>vPortInitialiseBlocks</STRONG> (ARM, 4 bytes, Stack size 0 bytes, heap_4.o(.text), UNUSED)

<P><STRONG><a name="[21]"></a>sysIrqHandler</STRONG> (ARM, 60 bytes, Stack size 16 bytes, wb_aic.o(.text))
<BR><BR>[Stack]<UL><LI>Max Depth = 16<LI>Call Chain = sysIrqHandler
</UL>
<BR>[Address Reference Count : 1]<UL><LI> portasm.o(PORT_ASM)
</UL>
<P><STRONG><a name="[9d]"></a>sysFiqHandler</STRONG> (ARM, 220 bytes, Stack size 32 bytes, wb_aic.o(.text))
<BR><BR>[Stack]<UL><LI>Max Depth = 32<LI>Call Chain = sysFiqHandler
</UL>
<BR>[Address Reference Count : 1]<UL><LI> wb_aic.o(.text)
</UL>
<P><STRONG><a name="[3]"></a>WB_Interrupt_Shell</STRONG> (ARM, 4 bytes, Stack size 0 bytes, wb_aic.o(.text))
<BR>[Address Reference Count : 1]<UL><LI> wb_aic.o(.data)
</UL>
<P><STRONG><a name="[9e]"></a>sysInitializeAIC</STRONG> (ARM, 52 bytes, Stack size 8 bytes, wb_aic.o(.text))
<BR><BR>[Stack]<UL><LI>Max Depth = 24<LI>Call Chain = sysInitializeAIC &rArr; sysFlushCache
</UL>
<BR>[Calls]<UL><LI><a href="#[9f]">&gt;&gt;</a>&nbsp;&nbsp;&nbsp;sysGetCacheState
<LI><a href="#[a0]">&gt;&gt;</a>&nbsp;&nbsp;&nbsp;sysFlushCache
</UL>
<BR>[Called By]<UL><LI><a href="#[a1]">&gt;&gt;</a>&nbsp;&nbsp;&nbsp;sysInstallISR
</UL>

<P><STRONG><a name="[cd]"></a>sysDisableInterrupt</STRONG> (ARM, 52 bytes, Stack size 0 bytes, wb_aic.o(.text), UNUSED)
<BR><BR>[Called By]<UL><LI><a href="#[cc]">&gt;&gt;</a>&nbsp;&nbsp;&nbsp;sysStopTimer
</UL>

<P><STRONG><a name="[99]"></a>sysEnableInterrupt</STRONG> (ARM, 52 bytes, Stack size 0 bytes, wb_aic.o(.text))
<BR><BR>[Called By]<UL><LI><a href="#[ce]">&gt;&gt;</a>&nbsp;&nbsp;&nbsp;sysInstallWatchDogTimerISR
<LI><a href="#[ca]">&gt;&gt;</a>&nbsp;&nbsp;&nbsp;sysStartTimer
<LI><a href="#[98]">&gt;&gt;</a>&nbsp;&nbsp;&nbsp;prvSetupTimerInterrupt
<LI><a href="#[45]">&gt;&gt;</a>&nbsp;&nbsp;&nbsp;sysInitializeUART
</UL>

<P><STRONG><a name="[113]"></a>sysInstallExceptionHandler</STRONG> (ARM, 136 bytes, Stack size 0 bytes, wb_aic.o(.text), UNUSED)

<P><STRONG><a name="[114]"></a>sysInstallFiqHandler</STRONG> (ARM, 20 bytes, Stack size 0 bytes, wb_aic.o(.text), UNUSED)

<P><STRONG><a name="[115]"></a>sysInstallIrqHandler</STRONG> (ARM, 20 bytes, Stack size 0 bytes, wb_aic.o(.text), UNUSED)

<P><STRONG><a name="[a1]"></a>sysInstallISR</STRONG> (ARM, 336 bytes, Stack size 24 bytes, wb_aic.o(.text))
<BR><BR>[Stack]<UL><LI>Max Depth = 48<LI>Call Chain = sysInstallISR &rArr; sysInitializeAIC &rArr; sysFlushCache
</UL>
<BR>[Calls]<UL><LI><a href="#[9e]">&gt;&gt;</a>&nbsp;&nbsp;&nbsp;sysInitializeAIC
</UL>
<BR>[Called By]<UL><LI><a href="#[ce]">&gt;&gt;</a>&nbsp;&nbsp;&nbsp;sysInstallWatchDogTimerISR
<LI><a href="#[cc]">&gt;&gt;</a>&nbsp;&nbsp;&nbsp;sysStopTimer
<LI><a href="#[ca]">&gt;&gt;</a>&nbsp;&nbsp;&nbsp;sysStartTimer
<LI><a href="#[45]">&gt;&gt;</a>&nbsp;&nbsp;&nbsp;sysInitializeUART
</UL>

<P><STRONG><a name="[116]"></a>sysSetGlobalInterrupt</STRONG> (ARM, 84 bytes, Stack size 0 bytes, wb_aic.o(.text), UNUSED)

<P><STRONG><a name="[117]"></a>sysSetInterruptPriorityLevel</STRONG> (ARM, 204 bytes, Stack size 16 bytes, wb_aic.o(.text), UNUSED)

<P><STRONG><a name="[cb]"></a>sysSetInterruptType</STRONG> (ARM, 160 bytes, Stack size 12 bytes, wb_aic.o(.text), UNUSED)
<BR><BR>[Called By]<UL><LI><a href="#[ca]">&gt;&gt;</a>&nbsp;&nbsp;&nbsp;sysStartTimer
</UL>

<P><STRONG><a name="[46]"></a>sysSetLocalInterrupt</STRONG> (ARM, 140 bytes, Stack size 0 bytes, wb_aic.o(.text))
<BR><BR>[Called By]<UL><LI><a href="#[ce]">&gt;&gt;</a>&nbsp;&nbsp;&nbsp;sysInstallWatchDogTimerISR
<LI><a href="#[ca]">&gt;&gt;</a>&nbsp;&nbsp;&nbsp;sysStartTimer
<LI><a href="#[41]">&gt;&gt;</a>&nbsp;&nbsp;&nbsp;prvSetupHardware
</UL>

<P><STRONG><a name="[118]"></a>sysSetAIC2SWMode</STRONG> (ARM, 16 bytes, Stack size 0 bytes, wb_aic.o(.text), UNUSED)

<P><STRONG><a name="[119]"></a>sysGetInterruptEnableStatus</STRONG> (ARM, 12 bytes, Stack size 0 bytes, wb_aic.o(.text), UNUSED)

<P><STRONG><a name="[11a]"></a>sysGetIBitState</STRONG> (ARM, 32 bytes, Stack size 0 bytes, wb_aic.o(.text), UNUSED)

<P><STRONG><a name="[11b]"></a>sysGetSdramSizebyMB</STRONG> (ARM, 408 bytes, Stack size 12 bytes, wb_cache.o(.text), UNUSED)

<P><STRONG><a name="[42]"></a>sysEnableCache</STRONG> (ARM, 44 bytes, Stack size 8 bytes, wb_cache.o(.text))
<BR><BR>[Stack]<UL><LI>Max Depth = 16<LI>Call Chain = sysEnableCache &rArr; sysInitMMUTable
</UL>
<BR>[Calls]<UL><LI><a href="#[a2]">&gt;&gt;</a>&nbsp;&nbsp;&nbsp;sysInitMMUTable
</UL>
<BR>[Called By]<UL><LI><a href="#[41]">&gt;&gt;</a>&nbsp;&nbsp;&nbsp;prvSetupHardware
</UL>

<P><STRONG><a name="[a3]"></a>sysDisableCache</STRONG> (ARM, 152 bytes, Stack size 8 bytes, wb_cache.o(.text), UNUSED)
<BR><BR>[Calls]<UL><LI><a href="#[36]">&gt;&gt;</a>&nbsp;&nbsp;&nbsp;sys_flush_and_clean_dcache
</UL>

<P><STRONG><a name="[a0]"></a>sysFlushCache</STRONG> (ARM, 140 bytes, Stack size 16 bytes, wb_cache.o(.text))
<BR><BR>[Stack]<UL><LI>Max Depth = 16<LI>Call Chain = sysFlushCache
</UL>
<BR>[Calls]<UL><LI><a href="#[36]">&gt;&gt;</a>&nbsp;&nbsp;&nbsp;sys_flush_and_clean_dcache
</UL>
<BR>[Called By]<UL><LI><a href="#[9e]">&gt;&gt;</a>&nbsp;&nbsp;&nbsp;sysInitializeAIC
</UL>

<P><STRONG><a name="[11c]"></a>sysInvalidCache</STRONG> (ARM, 24 bytes, Stack size 8 bytes, wb_cache.o(.text), UNUSED)

<P><STRONG><a name="[9f]"></a>sysGetCacheState</STRONG> (ARM, 12 bytes, Stack size 0 bytes, wb_cache.o(.text))
<BR><BR>[Called By]<UL><LI><a href="#[9e]">&gt;&gt;</a>&nbsp;&nbsp;&nbsp;sysInitializeAIC
</UL>

<P><STRONG><a name="[11d]"></a>sysGetCacheMode</STRONG> (ARM, 12 bytes, Stack size 0 bytes, wb_cache.o(.text), UNUSED)

<P><STRONG><a name="[11e]"></a>_sysLockCode</STRONG> (ARM, 204 bytes, Stack size 16 bytes, wb_cache.o(.text), UNUSED)

<P><STRONG><a name="[11f]"></a>_sysUnLockCode</STRONG> (ARM, 40 bytes, Stack size 8 bytes, wb_cache.o(.text), UNUSED)

<P><STRONG><a name="[120]"></a>InitDelay</STRONG> (ARM, 4 bytes, Stack size 0 bytes, wb_config.o(.text), UNUSED)

<P><STRONG><a name="[a5]"></a>sysInitDDR</STRONG> (ARM, 296 bytes, Stack size 0 bytes, wb_config.o(.text))
<BR>[Address Reference Count : 1]<UL><LI> wb_config.o(.text)
</UL>
<P><STRONG><a name="[a4]"></a>sysInitDDRStart</STRONG> (ARM, 112 bytes, Stack size 16 bytes, wb_config.o(.text), UNUSED)
<BR><BR>[Calls]<UL><LI><a href="#[88]">&gt;&gt;</a>&nbsp;&nbsp;&nbsp;__aeabi_memcpy
</UL>
<BR>[Called By]<UL><LI><a href="#[a6]">&gt;&gt;</a>&nbsp;&nbsp;&nbsp;sysInitMemory
</UL>

<P><STRONG><a name="[a6]"></a>sysInitMemory</STRONG> (ARM, 16 bytes, Stack size 8 bytes, wb_config.o(.text), UNUSED)
<BR><BR>[Calls]<UL><LI><a href="#[a4]">&gt;&gt;</a>&nbsp;&nbsp;&nbsp;sysInitDDRStart
</UL>

<P><STRONG><a name="[a7]"></a>sysGetPLLOutputKhz</STRONG> (ARM, 148 bytes, Stack size 40 bytes, wb_config.o(.text), UNUSED)
<BR><BR>[Calls]<UL><LI><a href="#[a8]">&gt;&gt;</a>&nbsp;&nbsp;&nbsp;__aeabi_uidivmod
</UL>
<BR>[Called By]<UL><LI><a href="#[b8]">&gt;&gt;</a>&nbsp;&nbsp;&nbsp;sysGetClock
<LI><a href="#[b5]">&gt;&gt;</a>&nbsp;&nbsp;&nbsp;sysSetCPUClock
<LI><a href="#[b4]">&gt;&gt;</a>&nbsp;&nbsp;&nbsp;sysGetCPUClock
<LI><a href="#[b0]">&gt;&gt;</a>&nbsp;&nbsp;&nbsp;sysClockDivSwitchStart
<LI><a href="#[af]">&gt;&gt;</a>&nbsp;&nbsp;&nbsp;sysSetPllClock
</UL>

<P><STRONG><a name="[121]"></a>sysCheckPllConstraint</STRONG> (ARM, 12 bytes, Stack size 0 bytes, wb_config.o(.text), UNUSED)

<P><STRONG><a name="[a9]"></a>sysGetPLLControlRegister</STRONG> (ARM, 396 bytes, Stack size 64 bytes, wb_config.o(.text), UNUSED)
<BR><BR>[Calls]<UL><LI><a href="#[a8]">&gt;&gt;</a>&nbsp;&nbsp;&nbsp;__aeabi_uidivmod
</UL>
<BR>[Called By]<UL><LI><a href="#[af]">&gt;&gt;</a>&nbsp;&nbsp;&nbsp;sysSetPllClock
<LI><a href="#[ad]">&gt;&gt;</a>&nbsp;&nbsp;&nbsp;sysSetSystemClock
</UL>

<P><STRONG><a name="[122]"></a>sysSetPLLControlRegister</STRONG> (ARM, 40 bytes, Stack size 0 bytes, wb_config.o(.text), UNUSED)

<P><STRONG><a name="[123]"></a>sysExternalClock</STRONG> (ARM, 60 bytes, Stack size 0 bytes, wb_config.o(.text), UNUSED)

<P><STRONG><a name="[ab]"></a>sysClockSwitch</STRONG> (ARM, 876 bytes, Stack size 32 bytes, wb_config.o(.text))
<BR><BR>[Stack]<UL><LI>Max Depth = 32<LI>Call Chain = sysClockSwitch
</UL>
<BR>[Address Reference Count : 1]<UL><LI> wb_config.o(.text)
</UL>
<P><STRONG><a name="[aa]"></a>sysClockSwitchStart</STRONG> (ARM, 180 bytes, Stack size 64 bytes, wb_config.o(.text), UNUSED)
<BR><BR>[Calls]<UL><LI><a href="#[88]">&gt;&gt;</a>&nbsp;&nbsp;&nbsp;__aeabi_memcpy
</UL>
<BR>[Called By]<UL><LI><a href="#[ad]">&gt;&gt;</a>&nbsp;&nbsp;&nbsp;sysSetSystemClock
</UL>

<P><STRONG><a name="[44]"></a>sysGetExternalClock</STRONG> (ARM, 92 bytes, Stack size 8 bytes, wb_config.o(.text))
<BR><BR>[Stack]<UL><LI>Max Depth = 8<LI>Call Chain = sysGetExternalClock
</UL>
<BR>[Calls]<UL><LI><a href="#[ac]">&gt;&gt;</a>&nbsp;&nbsp;&nbsp;sysGetChipVersion
</UL>
<BR>[Called By]<UL><LI><a href="#[c2]">&gt;&gt;</a>&nbsp;&nbsp;&nbsp;sysPrintf
<LI><a href="#[b8]">&gt;&gt;</a>&nbsp;&nbsp;&nbsp;sysGetClock
<LI><a href="#[b5]">&gt;&gt;</a>&nbsp;&nbsp;&nbsp;sysSetCPUClock
<LI><a href="#[b4]">&gt;&gt;</a>&nbsp;&nbsp;&nbsp;sysGetCPUClock
<LI><a href="#[b0]">&gt;&gt;</a>&nbsp;&nbsp;&nbsp;sysClockDivSwitchStart
<LI><a href="#[af]">&gt;&gt;</a>&nbsp;&nbsp;&nbsp;sysSetPllClock
<LI><a href="#[ad]">&gt;&gt;</a>&nbsp;&nbsp;&nbsp;sysSetSystemClock
<LI><a href="#[47]">&gt;&gt;</a>&nbsp;&nbsp;&nbsp;sysprintf
<LI><a href="#[41]">&gt;&gt;</a>&nbsp;&nbsp;&nbsp;prvSetupHardware
</UL>

<P><STRONG><a name="[ad]"></a>sysSetSystemClock</STRONG> (ARM, 1180 bytes, Stack size 48 bytes, wb_config.o(.text), UNUSED)
<BR><BR>[Calls]<UL><LI><a href="#[a8]">&gt;&gt;</a>&nbsp;&nbsp;&nbsp;__aeabi_uidivmod
<LI><a href="#[ae]">&gt;&gt;</a>&nbsp;&nbsp;&nbsp;__aeabi_idivmod
<LI><a href="#[aa]">&gt;&gt;</a>&nbsp;&nbsp;&nbsp;sysClockSwitchStart
<LI><a href="#[a9]">&gt;&gt;</a>&nbsp;&nbsp;&nbsp;sysGetPLLControlRegister
<LI><a href="#[44]">&gt;&gt;</a>&nbsp;&nbsp;&nbsp;sysGetExternalClock
</UL>

<P><STRONG><a name="[124]"></a>sysGetSystemClock</STRONG> (ARM, 136 bytes, Stack size 12 bytes, wb_config.o(.text), UNUSED)

<P><STRONG><a name="[af]"></a>sysSetPllClock</STRONG> (ARM, 224 bytes, Stack size 24 bytes, wb_config.o(.text), UNUSED)
<BR><BR>[Calls]<UL><LI><a href="#[a9]">&gt;&gt;</a>&nbsp;&nbsp;&nbsp;sysGetPLLControlRegister
<LI><a href="#[a7]">&gt;&gt;</a>&nbsp;&nbsp;&nbsp;sysGetPLLOutputKhz
<LI><a href="#[44]">&gt;&gt;</a>&nbsp;&nbsp;&nbsp;sysGetExternalClock
</UL>

<P><STRONG><a name="[b1]"></a>sysClockDiv</STRONG> (ARM, 400 bytes, Stack size 12 bytes, wb_config.o(.text))
<BR><BR>[Stack]<UL><LI>Max Depth = 12<LI>Call Chain = sysClockDiv
</UL>
<BR>[Address Reference Count : 1]<UL><LI> wb_config.o(.text)
</UL>
<P><STRONG><a name="[b0]"></a>sysClockDivSwitchStart</STRONG> (ARM, 300 bytes, Stack size 32 bytes, wb_config.o(.text), UNUSED)
<BR><BR>[Calls]<UL><LI><a href="#[a8]">&gt;&gt;</a>&nbsp;&nbsp;&nbsp;__aeabi_uidivmod
<LI><a href="#[88]">&gt;&gt;</a>&nbsp;&nbsp;&nbsp;__aeabi_memcpy
<LI><a href="#[a7]">&gt;&gt;</a>&nbsp;&nbsp;&nbsp;sysGetPLLOutputKhz
<LI><a href="#[47]">&gt;&gt;</a>&nbsp;&nbsp;&nbsp;sysprintf
<LI><a href="#[44]">&gt;&gt;</a>&nbsp;&nbsp;&nbsp;sysGetExternalClock
</UL>

<P><STRONG><a name="[b2]"></a>sysPowerDownPLL</STRONG> (ARM, 196 bytes, Stack size 16 bytes, wb_config.o(.text), UNUSED)
<BR><BR>[Calls]<UL><LI><a href="#[b3]">&gt;&gt;</a>&nbsp;&nbsp;&nbsp;sysDelay
</UL>

<P><STRONG><a name="[b4]"></a>sysGetCPUClock</STRONG> (ARM, 324 bytes, Stack size 16 bytes, wb_config.o(.text), UNUSED)
<BR><BR>[Calls]<UL><LI><a href="#[a8]">&gt;&gt;</a>&nbsp;&nbsp;&nbsp;__aeabi_uidivmod
<LI><a href="#[a7]">&gt;&gt;</a>&nbsp;&nbsp;&nbsp;sysGetPLLOutputKhz
<LI><a href="#[44]">&gt;&gt;</a>&nbsp;&nbsp;&nbsp;sysGetExternalClock
</UL>
<BR>[Called By]<UL><LI><a href="#[b7]">&gt;&gt;</a>&nbsp;&nbsp;&nbsp;sysSetAPBClock
<LI><a href="#[b6]">&gt;&gt;</a>&nbsp;&nbsp;&nbsp;sysGetAPBClock
<LI><a href="#[b5]">&gt;&gt;</a>&nbsp;&nbsp;&nbsp;sysSetCPUClock
</UL>

<P><STRONG><a name="[b5]"></a>sysSetCPUClock</STRONG> (ARM, 280 bytes, Stack size 24 bytes, wb_config.o(.text), UNUSED)
<BR><BR>[Calls]<UL><LI><a href="#[a8]">&gt;&gt;</a>&nbsp;&nbsp;&nbsp;__aeabi_uidivmod
<LI><a href="#[b4]">&gt;&gt;</a>&nbsp;&nbsp;&nbsp;sysGetCPUClock
<LI><a href="#[a7]">&gt;&gt;</a>&nbsp;&nbsp;&nbsp;sysGetPLLOutputKhz
<LI><a href="#[44]">&gt;&gt;</a>&nbsp;&nbsp;&nbsp;sysGetExternalClock
</UL>

<P><STRONG><a name="[b6]"></a>sysGetAPBClock</STRONG> (ARM, 76 bytes, Stack size 16 bytes, wb_config.o(.text), UNUSED)
<BR><BR>[Calls]<UL><LI><a href="#[a8]">&gt;&gt;</a>&nbsp;&nbsp;&nbsp;__aeabi_uidivmod
<LI><a href="#[b4]">&gt;&gt;</a>&nbsp;&nbsp;&nbsp;sysGetCPUClock
</UL>
<BR>[Called By]<UL><LI><a href="#[b7]">&gt;&gt;</a>&nbsp;&nbsp;&nbsp;sysSetAPBClock
</UL>

<P><STRONG><a name="[b7]"></a>sysSetAPBClock</STRONG> (ARM, 196 bytes, Stack size 24 bytes, wb_config.o(.text), UNUSED)
<BR><BR>[Calls]<UL><LI><a href="#[a8]">&gt;&gt;</a>&nbsp;&nbsp;&nbsp;__aeabi_uidivmod
<LI><a href="#[b6]">&gt;&gt;</a>&nbsp;&nbsp;&nbsp;sysGetAPBClock
<LI><a href="#[b4]">&gt;&gt;</a>&nbsp;&nbsp;&nbsp;sysGetCPUClock
</UL>

<P><STRONG><a name="[b8]"></a>sysGetClock</STRONG> (ARM, 1032 bytes, Stack size 40 bytes, wb_config.o(.text), UNUSED)
<BR><BR>[Calls]<UL><LI><a href="#[a8]">&gt;&gt;</a>&nbsp;&nbsp;&nbsp;__aeabi_uidivmod
<LI><a href="#[a7]">&gt;&gt;</a>&nbsp;&nbsp;&nbsp;sysGetPLLOutputKhz
<LI><a href="#[44]">&gt;&gt;</a>&nbsp;&nbsp;&nbsp;sysGetExternalClock
</UL>

<P><STRONG><a name="[43]"></a>sysUartPort</STRONG> (ARM, 156 bytes, Stack size 0 bytes, wb_uart.o(.text))
<BR><BR>[Called By]<UL><LI><a href="#[c2]">&gt;&gt;</a>&nbsp;&nbsp;&nbsp;sysPrintf
<LI><a href="#[4]">&gt;&gt;</a>&nbsp;&nbsp;&nbsp;UartPort
<LI><a href="#[47]">&gt;&gt;</a>&nbsp;&nbsp;&nbsp;sysprintf
<LI><a href="#[41]">&gt;&gt;</a>&nbsp;&nbsp;&nbsp;prvSetupHardware
</UL>

<P><STRONG><a name="[c4]"></a>sysUartInstallcallback</STRONG> (ARM, 76 bytes, Stack size 0 bytes, wb_uart.o(.text))
<BR><BR>[Called By]<UL><LI><a href="#[5]">&gt;&gt;</a>&nbsp;&nbsp;&nbsp;UartInstallcallback
</UL>

<P><STRONG><a name="[c5]"></a>sysUartEnableInt</STRONG> (ARM, 148 bytes, Stack size 0 bytes, wb_uart.o(.text))
<BR><BR>[Called By]<UL><LI><a href="#[7]">&gt;&gt;</a>&nbsp;&nbsp;&nbsp;UartEnableInt
</UL>

<P><STRONG><a name="[45]"></a>sysInitializeUART</STRONG> (ARM, 468 bytes, Stack size 8 bytes, wb_uart.o(.text))
<BR><BR>[Stack]<UL><LI>Max Depth = 56 + Unknown Stack Size
<LI>Call Chain = sysInitializeUART &rArr; sysInstallISR &rArr; sysInitializeAIC &rArr; sysFlushCache
</UL>
<BR>[Calls]<UL><LI><a href="#[b9]">&gt;&gt;</a>&nbsp;&nbsp;&nbsp;sysSetBaudRate
<LI><a href="#[a1]">&gt;&gt;</a>&nbsp;&nbsp;&nbsp;sysInstallISR
<LI><a href="#[99]">&gt;&gt;</a>&nbsp;&nbsp;&nbsp;sysEnableInterrupt
</UL>
<BR>[Called By]<UL><LI><a href="#[c2]">&gt;&gt;</a>&nbsp;&nbsp;&nbsp;sysPrintf
<LI><a href="#[6]">&gt;&gt;</a>&nbsp;&nbsp;&nbsp;UartInitialize
<LI><a href="#[47]">&gt;&gt;</a>&nbsp;&nbsp;&nbsp;sysprintf
<LI><a href="#[41]">&gt;&gt;</a>&nbsp;&nbsp;&nbsp;prvSetupHardware
</UL>

<P><STRONG><a name="[bb]"></a>_PutChar_f</STRONG> (ARM, 452 bytes, Stack size 0 bytes, wb_uart.o(.text))
<BR><BR>[Called By]<UL><LI><a href="#[c2]">&gt;&gt;</a>&nbsp;&nbsp;&nbsp;sysPrintf
<LI><a href="#[ba]">&gt;&gt;</a>&nbsp;&nbsp;&nbsp;sysPutString
<LI><a href="#[bf]">&gt;&gt;</a>&nbsp;&nbsp;&nbsp;FormatItem
<LI><a href="#[bd]">&gt;&gt;</a>&nbsp;&nbsp;&nbsp;sysPutStringReverse
<LI><a href="#[bc]">&gt;&gt;</a>&nbsp;&nbsp;&nbsp;sysPutRepChar
<LI><a href="#[47]">&gt;&gt;</a>&nbsp;&nbsp;&nbsp;sysprintf
</UL>

<P><STRONG><a name="[ba]"></a>sysPutString</STRONG> (ARM, 40 bytes, Stack size 8 bytes, wb_uart.o(.text))
<BR><BR>[Stack]<UL><LI>Max Depth = 8<LI>Call Chain = sysPutString
</UL>
<BR>[Calls]<UL><LI><a href="#[bb]">&gt;&gt;</a>&nbsp;&nbsp;&nbsp;_PutChar_f
</UL>
<BR>[Called By]<UL><LI><a href="#[bf]">&gt;&gt;</a>&nbsp;&nbsp;&nbsp;FormatItem
</UL>

<P><STRONG><a name="[ac]"></a>sysGetChipVersion</STRONG> (ARM, 36 bytes, Stack size 0 bytes, wb_uart.o(.text))
<BR><BR>[Called By]<UL><LI><a href="#[c3]">&gt;&gt;</a>&nbsp;&nbsp;&nbsp;sysPutChar
<LI><a href="#[c2]">&gt;&gt;</a>&nbsp;&nbsp;&nbsp;sysPrintf
<LI><a href="#[47]">&gt;&gt;</a>&nbsp;&nbsp;&nbsp;sysprintf
<LI><a href="#[44]">&gt;&gt;</a>&nbsp;&nbsp;&nbsp;sysGetExternalClock
</UL>

<P><STRONG><a name="[47]"></a>sysprintf</STRONG> (ARM, 288 bytes, Stack size 40 bytes, wb_uart.o(.text))
<BR><BR>[Stack]<UL><LI>Max Depth = 172 + Unknown Stack Size
<LI>Call Chain = sysprintf &rArr; FormatItem &rArr; sysPutNumber &rArr; sysPutStringReverse
</UL>
<BR>[Calls]<UL><LI><a href="#[bb]">&gt;&gt;</a>&nbsp;&nbsp;&nbsp;_PutChar_f
<LI><a href="#[bf]">&gt;&gt;</a>&nbsp;&nbsp;&nbsp;FormatItem
<LI><a href="#[ac]">&gt;&gt;</a>&nbsp;&nbsp;&nbsp;sysGetChipVersion
<LI><a href="#[43]">&gt;&gt;</a>&nbsp;&nbsp;&nbsp;sysUartPort
<LI><a href="#[45]">&gt;&gt;</a>&nbsp;&nbsp;&nbsp;sysInitializeUART
<LI><a href="#[44]">&gt;&gt;</a>&nbsp;&nbsp;&nbsp;sysGetExternalClock
</UL>
<BR>[Called By]<UL><LI><a href="#[c1]">&gt;&gt;</a>&nbsp;&nbsp;&nbsp;sysUartEnableDebugMessage
<LI><a href="#[b0]">&gt;&gt;</a>&nbsp;&nbsp;&nbsp;sysClockDivSwitchStart
<LI><a href="#[19]">&gt;&gt;</a>&nbsp;&nbsp;&nbsp;vContinuousIncrementTask
<LI><a href="#[1a]">&gt;&gt;</a>&nbsp;&nbsp;&nbsp;vLimitedIncrementTask
<LI><a href="#[1b]">&gt;&gt;</a>&nbsp;&nbsp;&nbsp;vCounterControlTask
[...]
</UL>
<BR>[Calls]<UL><LI><a href="#[4e]">&gt;&gt;</a>&nbsp;&nbsp;&nbsp;pcTaskGetTaskName
<LI><a href="#[47]">&gt;&gt;</a>&nbsp;&nbsp;&nbsp;sysprintf
<LI><a href="#[38]">&gt;&gt;</a>&nbsp;&nbsp;&nbsp;xQueueGenericSend
</UL>
<BR>[Address Reference Count : 1]<UL><LI> blockq_n329.o(.text)
</UL>
<P><STRONG><a name="[18]"></a>prvSemaphoreTest</STRONG> (ARM, 420 bytes, Stack size 8 bytes, semtest_n329.o(.text))
<BR><BR>[Stack]<UL><LI>Max Depth = 180 + Unknown Stack Size
<LI>Call Chain = prvSemaphoreTest &rArr; sysprintf &rArr; FormatItem &rArr; sysPutNumber &rArr; sysPutStringReverse
</UL>
<BR>[Calls]<UL><LI><a href="#[54]">&gt;&gt;</a>&nbsp;&nbsp;&nbsp;xTaskGetTickCount
<LI><a href="#[55]">&gt;&gt;</a>&nbsp;&nbsp;&nbsp;vPortYield
<LI><a href="#[50]">&gt;&gt;</a>&nbsp;&nbsp;&nbsp;vPortExitCritical
<LI><a href="#[4f]">&gt;&gt;</a>&nbsp;&nbsp;&nbsp;vPortEnterCritical
<LI><a href="#[4e]">&gt;&gt;</a>&nbsp;&nbsp;&nbsp;pcTaskGetTaskName
<LI><a href="#[40]">&gt;&gt;</a>&nbsp;&nbsp;&nbsp;vTaskDelay
<LI><a href="#[47]">&gt;&gt;</a>&nbsp;&nbsp;&nbsp;sysprintf
<LI><a href="#[38]">&gt;&gt;</a>&nbsp;&nbsp;&nbsp;xQueueGenericSend
<LI><a href="#[3a]">&gt;&gt;</a>&nbsp;&nbsp;&nbsp;xQueueGenericReceive
</UL>
<BR>[Address Reference Count : 1]<UL><LI> semtest_n329.o(.text)
</UL>
<P><STRONG><a name="[1d]"></a>vQueueReceiveWhenSuspendedTask</STRONG> (ARM, 184 bytes, Stack size 8 bytes, dynamic_n329.o(.text))
<BR><BR>[Stack]<UL><LI>Max Depth = 180 + Unknown Stack Size
<LI>Call Chain = vQueueReceiveWhenSuspendedTask &rArr; sysprintf &rArr; FormatItem &rArr; sysPutNumber &rArr; sysPutStringReverse
</UL>
<BR>[Calls]<UL><LI><a href="#[57]">&gt;&gt;</a>&nbsp;&nbsp;&nbsp;xTaskResumeAll
<LI><a href="#[56]">&gt;&gt;</a>&nbsp;&nbsp;&nbsp;vTaskSuspendAll
<LI><a href="#[4e]">&gt;&gt;</a>&nbsp;&nbsp;&nbsp;pcTaskGetTaskName
<LI><a href="#[47]">&gt;&gt;</a>&nbsp;&nbsp;&nbsp;sysprintf
<LI><a href="#[3a]">&gt;&gt;</a>&nbsp;&nbsp;&nbsp;xQueueGenericReceive
</UL>
<BR>[Address Reference Count : 1]<UL><LI> dynamic_n329.o(.text)
</UL>
<P><STRONG><a name="[1c]"></a>vQueueSendWhenSuspendedTask</STRONG> (ARM, 116 bytes, Stack size 0 bytes, dynamic_n329.o(.text))
<BR><BR>[Stack]<UL><LI>Max Depth = 172 + Unknown Stack Size
<LI>Call Chain = vQueueSendWhenSuspendedTask &rArr; sysprintf &rArr; FormatItem &rArr; sysPutNumber &rArr; sysPutStringReverse
</UL>
<BR>[Calls]<UL><LI><a href="#[57]">&gt;&gt;</a>&nbsp;&nbsp;&nbsp;xTaskResumeAll
<LI><a href="#[56]">&gt;&gt;</a>&nbsp;&nbsp;&nbsp;vTaskSuspendAll
<LI><a href="#[4e]">&gt;&gt;</a>&nbsp;&nbsp;&nbsp;pcTaskGetTaskName
<LI><a href="#[40]">&gt;&gt;</a>&nbsp;&nbsp;&nbsp;vTaskDelay
<LI><a href="#[47]">&gt;&gt;</a>&nbsp;&nbsp;&nbsp;sysprintf
<LI><a href="#[38]">&gt;&gt;</a>&nbsp;&nbsp;&nbsp;xQueueGenericSend
</UL>
<BR>[Address Reference Count : 1]<UL><LI> dynamic_n329.o(.text)
</UL>
<P><STRONG><a name="[1b]"></a>vCounterControlTask</STRONG> (ARM, 556 bytes, Stack size 0 bytes, dynamic_n329.o(.text))
<BR><BR>[Stack]<UL><LI>Max Depth = 172 + Unknown Stack Size
<LI>Call Chain = vCounterControlTask &rArr; sysprintf &rArr; FormatItem &rArr; sysPutNumber &rArr; sysPutStringReverse
</UL>
<BR>[Calls]<UL><LI><a href="#[57]">&gt;&gt;</a>&nbsp;&nbsp;&nbsp;xTaskResumeAll
<LI><a href="#[56]">&gt;&gt;</a>&nbsp;&nbsp;&nbsp;vTaskSuspendAll
<LI><a href="#[58]">&gt;&gt;</a>&nbsp;&nbsp;&nbsp;vTaskSuspend
<LI><a href="#[59]">&gt;&gt;</a>&nbsp;&nbsp;&nbsp;vTaskResume
<LI><a href="#[50]">&gt;&gt;</a>&nbsp;&nbsp;&nbsp;vPortExitCritical
<LI><a href="#[4f]">&gt;&gt;</a>&nbsp;&nbsp;&nbsp;vPortEnterCritical
<LI><a href="#[4e]">&gt;&gt;</a>&nbsp;&nbsp;&nbsp;pcTaskGetTaskName
<LI><a href="#[40]">&gt;&gt;</a>&nbsp;&nbsp;&nbsp;vTaskDelay
<LI><a href="#[47]">&gt;&gt;</a>&nbsp;&nbsp;&nbsp;sysprintf
</UL>
<BR>[Address Reference Count : 1]<UL><LI> dynamic_n329.o(.text)
</UL>
<P><STRONG><a name="[1a]"></a>vLimitedIncrementTask</STRONG> (ARM, 80 bytes, Stack size 0 bytes, dynamic_n329.o(.text))
<BR><BR>[Stack]<UL><LI>Max Depth = 172 + Unknown Stack Size
<LI>Call Chain = vLimitedIncrementTask &rArr; sysprintf &rArr; FormatItem &rArr; sysPutNumber &rArr; sysPutStringReverse
</UL>
<BR>[Calls]<UL><LI><a href="#[58]">&gt;&gt;</a>&nbsp;&nbsp;&nbsp;vTaskSuspend
<LI><a href="#[4e]">&gt;&gt;</a>&nbsp;&nbsp;&nbsp;pcTaskGetTaskName
<LI><a href="#[47]">&gt;&gt;</a>&nbsp;&nbsp;&nbsp;sysprintf
</UL>
<BR>[Address Reference Count : 1]<UL><LI> dynamic_n329.o(.text)
</UL>
<P><STRONG><a name="[19]"></a>vContinuousIncrementTask</STRONG> (ARM, 120 bytes, Stack size 0 bytes, dynamic_n329.o(.text))
<BR><BR>[Stack]<UL><LI>Max Depth = 172 + Unknown Stack Size
<LI>Call Chain = vContinuousIncrementTask &rArr; sysprintf &rArr; FormatItem &rArr; sysPutNumber &rArr; sysPutStringReverse
</UL>
<BR>[Calls]<UL><LI><a href="#[5b]">&gt;&gt;</a>&nbsp;&nbsp;&nbsp;vTaskPrioritySet
<LI><a href="#[5a]">&gt;&gt;</a>&nbsp;&nbsp;&nbsp;uxTaskPriorityGet
<LI><a href="#[4e]">&gt;&gt;</a>&nbsp;&nbsp;&nbsp;pcTaskGetTaskName
<LI><a href="#[47]">&gt;&gt;</a>&nbsp;&nbsp;&nbsp;sysprintf
</UL>
<BR>[Address Reference Count : 1]<UL><LI> dynamic_n329.o(.text)
</UL>
<P><STRONG><a name="[5c]"></a>prvInitialiseTaskLists</STRONG> (ARM, 108 bytes, Stack size 8 bytes, tasks.o(.text))
<BR><BR>[Stack]<UL><LI>Max Depth = 8<LI>Call Chain = prvInitialiseTaskLists
</UL>
<BR>[Calls]<UL><LI><a href="#[5d]">&gt;&gt;</a>&nbsp;&nbsp;&nbsp;vListInitialise
</UL>
<BR>[Called By]<UL><LI><a href="#[4c]">&gt;&gt;</a>&nbsp;&nbsp;&nbsp;xTaskGenericCreate
</UL>

<P><STRONG><a name="[5e]"></a>prvInitialiseTCBVariables</STRONG> (ARM, 160 bytes, Stack size 32 bytes, tasks.o(.text))
<BR><BR>[Stack]<UL><LI>Max Depth = 32<LI>Call Chain = prvInitialiseTCBVariables
</UL>
<BR>[Calls]<UL><LI><a href="#[5f]">&gt;&gt;</a>&nbsp;&nbsp;&nbsp;vListInitialiseItem
</UL>
<BR>[Called By]<UL><LI><a href="#[4c]">&gt;&gt;</a>&nbsp;&nbsp;&nbsp;xTaskGenericCreate
</UL>

<P><STRONG><a name="[60]"></a>prvAllocateTCBAndStack</STRONG> (ARM, 124 bytes, Stack size 24 bytes, tasks.o(.text))
<BR><BR>[Stack]<UL><LI>Max Depth = 88 + Unknown Stack Size
<LI>Call Chain = prvAllocateTCBAndStack &rArr; pvPortMalloc &rArr; xTaskResumeAll &rArr; xTaskIncrementTick
</UL>
<BR>[Calls]<UL><LI><a href="#[62]">&gt;&gt;</a>&nbsp;&nbsp;&nbsp;__aeabi_memset
<LI><a href="#[61]">&gt;&gt;</a>&nbsp;&nbsp;&nbsp;vPortFree
<LI><a href="#[53]">&gt;&gt;</a>&nbsp;&nbsp;&nbsp;pvPortMalloc
</UL>
<BR>[Called By]<UL><LI><a href="#[4c]">&gt;&gt;</a>&nbsp;&nbsp;&nbsp;xTaskGenericCreate
</UL>

<P><STRONG><a name="[67]"></a>prvResetNextTaskUnblockTime</STRONG> (ARM, 88 bytes, Stack size 0 bytes, tasks.o(.text))
<BR><BR>[Called By]<UL><LI><a href="#[22]">&gt;&gt;</a>&nbsp;&nbsp;&nbsp;xTaskIncrementTick
<LI><a href="#[65]">&gt;&gt;</a>&nbsp;&nbsp;&nbsp;vTaskDelete
<LI><a href="#[58]">&gt;&gt;</a>&nbsp;&nbsp;&nbsp;vTaskSuspend
</UL>

<P><STRONG><a name="[68]"></a>prvAddCurrentTaskToDelayedList</STRONG> (ARM, 116 bytes, Stack size 8 bytes, tasks.o(.text))
<BR><BR>[Stack]<UL><LI>Max Depth = 8<LI>Call Chain = prvAddCurrentTaskToDelayedList
</UL>
<BR>[Calls]<UL><LI><a href="#[69]">&gt;&gt;</a>&nbsp;&nbsp;&nbsp;vListInsert
</UL>
<BR>[Called By]<UL><LI><a href="#[7e]">&gt;&gt;</a>&nbsp;&nbsp;&nbsp;xTaskNotifyWait
<LI><a href="#[7d]">&gt;&gt;</a>&nbsp;&nbsp;&nbsp;ulTaskNotifyTake
<LI><a href="#[76]">&gt;&gt;</a>&nbsp;&nbsp;&nbsp;vTaskPlaceOnUnorderedEventList
<LI><a href="#[75]">&gt;&gt;</a>&nbsp;&nbsp;&nbsp;vTaskPlaceOnEventList
<LI><a href="#[6a]">&gt;&gt;</a>&nbsp;&nbsp;&nbsp;vTaskDelayUntil
<LI><a href="#[40]">&gt;&gt;</a>&nbsp;&nbsp;&nbsp;vTaskDelay
</UL>

<P><STRONG><a name="[6b]"></a>prvTaskIsTaskSuspended</STRONG> (ARM, 124 bytes, Stack size 0 bytes, tasks.o(.text))
<BR><BR>[Called By]<UL><LI><a href="#[6c]">&gt;&gt;</a>&nbsp;&nbsp;&nbsp;xTaskResumeFromISR
<LI><a href="#[59]">&gt;&gt;</a>&nbsp;&nbsp;&nbsp;vTaskResume
</UL>

<P><STRONG><a name="[6d]"></a>prvDeleteTCB</STRONG> (ARM, 28 bytes, Stack size 8 bytes, tasks.o(.text))
<BR><BR>[Stack]<UL><LI>Max Depth = 64 + Unknown Stack Size
<LI>Call Chain = prvDeleteTCB &rArr; vPortFree &rArr; xTaskResumeAll &rArr; xTaskIncrementTick
</UL>
<BR>[Calls]<UL><LI><a href="#[61]">&gt;&gt;</a>&nbsp;&nbsp;&nbsp;vPortFree
</UL>
<BR>[Called By]<UL><LI><a href="#[6e]">&gt;&gt;</a>&nbsp;&nbsp;&nbsp;prvCheckTasksWaitingTermination
</UL>

<P><STRONG><a name="[6e]"></a>prvCheckTasksWaitingTermination</STRONG> (ARM, 236 bytes, Stack size 16 bytes, tasks.o(.text))
<BR><BR>[Stack]<UL><LI>Max Depth = 80 + Unknown Stack Size
<LI>Call Chain = prvCheckTasksWaitingTermination &rArr; prvDeleteTCB &rArr; vPortFree &rArr; xTaskResumeAll &rArr; xTaskIncrementTick
</UL>
<BR>[Calls]<UL><LI><a href="#[66]">&gt;&gt;</a>&nbsp;&nbsp;&nbsp;uxListRemove
<LI><a href="#[6d]">&gt;&gt;</a>&nbsp;&nbsp;&nbsp;prvDeleteTCB
<LI><a href="#[57]">&gt;&gt;</a>&nbsp;&nbsp;&nbsp;xTaskResumeAll
<LI><a href="#[56]">&gt;&gt;</a>&nbsp;&nbsp;&nbsp;vTaskSuspendAll
<LI><a href="#[50]">&gt;&gt;</a>&nbsp;&nbsp;&nbsp;vPortExitCritical
<LI><a href="#[4f]">&gt;&gt;</a>&nbsp;&nbsp;&nbsp;vPortEnterCritical
</UL>
<BR>[Called By]<UL><LI><a href="#[1e]">&gt;&gt;</a>&nbsp;&nbsp;&nbsp;prvIdleTask
</UL>

<P><STRONG><a name="[1e]"></a>prvIdleTask</STRONG> (ARM, 32 bytes, Stack size 0 bytes, tasks.o(.text))
<BR><BR>[Stack]<UL><LI>Max Depth = 80 + Unknown Stack Size
<LI>Call Chain = prvIdleTask &rArr; prvCheckTasksWaitingTermination &rArr; prvDeleteTCB &rArr; vPortFree &rArr; xTaskResumeAll &rArr; xTaskIncrementTick
</UL>
<BR>[Calls]<UL><LI><a href="#[6e]">&gt;&gt;</a>&nbsp;&nbsp;&nbsp;prvCheckTasksWaitingTermination
<LI><a href="#[55]">&gt;&gt;</a>&nbsp;&nbsp;&nbsp;vPortYield
</UL>
<BR>[Address Reference Count : 1]<UL><LI> tasks.o(.text)
</UL>
<P><STRONG><a name="[73]"></a>prvTaskCheckFreeStackSpace</STRONG> (ARM, 48 bytes, Stack size 0 bytes, tasks.o(.text), UNUSED)
<BR><BR>[Called By]<UL><LI><a href="#[72]">&gt;&gt;</a>&nbsp;&nbsp;&nbsp;prvListTaskWithinSingleList
</UL>

<P><STRONG><a name="[72]"></a>prvListTaskWithinSingleList</STRONG> (ARM, 292 bytes, Stack size 32 bytes, tasks.o(.text), UNUSED)
<BR><BR>[Calls]<UL><LI><a href="#[73]">&gt;&gt;</a>&nbsp;&nbsp;&nbsp;prvTaskCheckFreeStackSpace
</UL>
<BR>[Called By]<UL><LI><a href="#[74]">&gt;&gt;</a>&nbsp;&nbsp;&nbsp;uxTaskGetSystemState
</UL>

<P><STRONG><a name="[84]"></a>prvUnlockQueue</STRONG> (ARM, 228 bytes, Stack size 8 bytes, queue.o(.text))
<BR><BR>[Stack]<UL><LI>Max Depth = 24<LI>Call Chain = prvUnlockQueue &rArr; xTaskRemoveFromEventList
</UL>
<BR>[Calls]<UL><LI><a href="#[85]">&gt;&gt;</a>&nbsp;&nbsp;&nbsp;vTaskMissedYield
<LI><a href="#[77]">&gt;&gt;</a>&nbsp;&nbsp;&nbsp;xTaskRemoveFromEventList
<LI><a href="#[50]">&gt;&gt;</a>&nbsp;&nbsp;&nbsp;vPortExitCritical
<LI><a href="#[4f]">&gt;&gt;</a>&nbsp;&nbsp;&nbsp;vPortEnterCritical
</UL>
<BR>[Called By]<UL><LI><a href="#[38]">&gt;&gt;</a>&nbsp;&nbsp;&nbsp;xQueueGenericSend
<LI><a href="#[3a]">&gt;&gt;</a>&nbsp;&nbsp;&nbsp;xQueueGenericReceive
</UL>

<P><STRONG><a name="[86]"></a>prvIsQueueFull</STRONG> (ARM, 52 bytes, Stack size 16 bytes, queue.o(.text))
<BR><BR>[Stack]<UL><LI>Max Depth = 16<LI>Call Chain = prvIsQueueFull
</UL>
<BR>[Calls]<UL><LI><a href="#[50]">&gt;&gt;</a>&nbsp;&nbsp;&nbsp;vPortExitCritical
<LI><a href="#[4f]">&gt;&gt;</a>&nbsp;&nbsp;&nbsp;vPortEnterCritical
</UL>
<BR>[Called By]<UL><LI><a href="#[38]">&gt;&gt;</a>&nbsp;&nbsp;&nbsp;xQueueGenericSend
</UL>

<P><STRONG><a name="[87]"></a>prvCopyDataToQueue</STRONG> (ARM, 252 bytes, Stack size 24 bytes, queue.o(.text))
<BR><BR>[Stack]<UL><LI>Max Depth = 40<LI>Call Chain = prvCopyDataToQueue &rArr; xTaskPriorityDisinherit
</UL>
<BR>[Calls]<UL><LI><a href="#[88]">&gt;&gt;</a>&nbsp;&nbsp;&nbsp;__aeabi_memcpy
<LI><a href="#[7c]">&gt;&gt;</a>&nbsp;&nbsp;&nbsp;xTaskPriorityDisinherit
</UL>
<BR>[Called By]<UL><LI><a href="#[91]">&gt;&gt;</a>&nbsp;&nbsp;&nbsp;xQueueGenericSendFromISR
<LI><a href="#[38]">&gt;&gt;</a>&nbsp;&nbsp;&nbsp;xQueueGenericSend
</UL>

<P><STRONG><a name="[8c]"></a>prvIsQueueEmpty</STRONG> (ARM, 48 bytes, Stack size 16 bytes, queue.o(.text))
<BR><BR>[Stack]<UL><LI>Max Depth = 16<LI>Call Chain = prvIsQueueEmpty
</UL>
<BR>[Calls]<UL><LI><a href="#[50]">&gt;&gt;</a>&nbsp;&nbsp;&nbsp;vPortExitCritical
<LI><a href="#[4f]">&gt;&gt;</a>&nbsp;&nbsp;&nbsp;vPortEnterCritical
</UL>
<BR>[Called By]<UL><LI><a href="#[3a]">&gt;&gt;</a>&nbsp;&nbsp;&nbsp;xQueueGenericReceive
</UL>

<P><STRONG><a name="[8d]"></a>prvCopyDataFromQueue</STRONG> (ARM, 84 bytes, Stack size 16 bytes, queue.o(.text))
<BR><BR>[Stack]<UL><LI>Max Depth = 16<LI>Call Chain = prvCopyDataFromQueue
</UL>
<BR>[Calls]<UL><LI><a href="#[88]">&gt;&gt;</a>&nbsp;&nbsp;&nbsp;__aeabi_memcpy
</UL>
<BR>[Called By]<UL><LI><a href="#[94]">&gt;&gt;</a>&nbsp;&nbsp;&nbsp;xQueuePeekFromISR
<LI><a href="#[93]">&gt;&gt;</a>&nbsp;&nbsp;&nbsp;xQueueReceiveFromISR
<LI><a href="#[3a]">&gt;&gt;</a>&nbsp;&nbsp;&nbsp;xQueueGenericReceive
</UL>

<P><STRONG><a name="[98]"></a>prvSetupTimerInterrupt</STRONG> (ARM, 104 bytes, Stack size 8 bytes, port.o(.text))
<BR><BR>[Stack]<UL><LI>Max Depth = 8<LI>Call Chain = prvSetupTimerInterrupt
</UL>
<BR>[Calls]<UL><LI><a href="#[99]">&gt;&gt;</a>&nbsp;&nbsp;&nbsp;sysEnableInterrupt
</UL>
<BR>[Called By]<UL><LI><a href="#[6f]">&gt;&gt;</a>&nbsp;&nbsp;&nbsp;xPortStartScheduler
</UL>

<P><STRONG><a name="[9c]"></a>prvInsertBlockIntoFreeList</STRONG> (ARM, 188 bytes, Stack size 0 bytes, heap_4.o(.text))
<BR><BR>[Called By]<UL><LI><a href="#[61]">&gt;&gt;</a>&nbsp;&nbsp;&nbsp;vPortFree
<LI><a href="#[53]">&gt;&gt;</a>&nbsp;&nbsp;&nbsp;pvPortMalloc
</UL>

<P><STRONG><a name="[9b]"></a>prvHeapInit</STRONG> (ARM, 180 bytes, Stack size 8 bytes, heap_4.o(.text))
<BR><BR>[Stack]<UL><LI>Max Depth = 8<LI>Call Chain = prvHeapInit
</UL>
<BR>[Called By]<UL><LI><a href="#[53]">&gt;&gt;</a>&nbsp;&nbsp;&nbsp;pvPortMalloc
</UL>

<P><STRONG><a name="[1f]"></a>sysUartISR</STRONG> (ARM, 768 bytes, Stack size 24 bytes, wb_uart.o(.text))
<BR><BR>[Stack]<UL><LI>Max Depth = 24<LI>Call Chain = sysUartISR
</UL>
<BR>[Address Reference Count : 1]<UL><LI> wb_uart.o(.text)
</UL>
<P><STRONG><a name="[b9]"></a>sysSetBaudRate</STRONG> (ARM, 56 bytes, Stack size 16 bytes, wb_uart.o(.text))
<BR><BR>[Stack]<UL><LI>Max Depth = 16 + Unknown Stack Size
<LI>Call Chain = sysSetBaudRate
</UL>
<BR>[Calls]<UL><LI><a href="#[a8]">&gt;&gt;</a>&nbsp;&nbsp;&nbsp;__aeabi_uidivmod
</UL>
<BR>[Called By]<UL><LI><a href="#[45]">&gt;&gt;</a>&nbsp;&nbsp;&nbsp;sysInitializeUART
</UL>

<P><STRONG><a name="[bc]"></a>sysPutRepChar</STRONG> (ARM, 40 bytes, Stack size 12 bytes, wb_uart.o(.text))
<BR><BR>[Stack]<UL><LI>Max Depth = 12<LI>Call Chain = sysPutRepChar
</UL>
<BR>[Calls]<UL><LI><a href="#[bb]">&gt;&gt;</a>&nbsp;&nbsp;&nbsp;_PutChar_f
</UL>
<BR>[Called By]<UL><LI><a href="#[bf]">&gt;&gt;</a>&nbsp;&nbsp;&nbsp;FormatItem
<LI><a href="#[be]">&gt;&gt;</a>&nbsp;&nbsp;&nbsp;sysPutNumber
</UL>

<P><STRONG><a name="[bd]"></a>sysPutStringReverse</STRONG> (ARM, 40 bytes, Stack size 12 bytes, wb_uart.o(.text))
<BR><BR>[Stack]<UL><LI>Max Depth = 12<LI>Call Chain = sysPutStringReverse
</UL>
<BR>[Calls]<UL><LI><a href="#[bb]">&gt;&gt;</a>&nbsp;&nbsp;&nbsp;_PutChar_f
</UL>
<BR>[Called By]<UL><LI><a href="#[be]">&gt;&gt;</a>&nbsp;&nbsp;&nbsp;sysPutNumber
</UL>

<P><STRONG><a name="[be]"></a>sysPutNumber</STRONG> (ARM, 412 bytes, Stack size 80 bytes, wb_uart.o(.text))
<BR><BR>[Stack]<UL><LI>Max Depth = 92 + Unknown Stack Size
<LI>Call Chain = sysPutNumber &rArr; sysPutStringReverse
</UL>
<BR>[Calls]<UL><LI><a href="#[a8]">&gt;&gt;</a>&nbsp;&nbsp;&nbsp;__aeabi_uidivmod
<LI><a href="#[bd]">&gt;&gt;</a>&nbsp;&nbsp;&nbsp;sysPutStringReverse
<LI><a href="#[bc]">&gt;&gt;</a>&nbsp;&nbsp;&nbsp;sysPutRepChar
</UL>
<BR>[Called By]<UL><LI><a href="#[bf]">&gt;&gt;</a>&nbsp;&nbsp;&nbsp;FormatItem
</UL>

<P><STRONG><a name="[bf]"></a>FormatItem</STRONG> (ARM, 540 bytes, Stack size 40 bytes, wb_uart.o(.text))
<BR><BR>[Stack]<UL><LI>Max Depth = 132 + Unknown Stack Size
<LI>Call Chain = FormatItem &rArr; sysPutNumber &rArr; sysPutStringReverse
</UL>
<BR>[Calls]<UL><LI><a href="#[c0]">&gt;&gt;</a>&nbsp;&nbsp;&nbsp;strlen (via BLX)
<LI><a href="#[ba]">&gt;&gt;</a>&nbsp;&nbsp;&nbsp;sysPutString
<LI><a href="#[bb]">&gt;&gt;</a>&nbsp;&nbsp;&nbsp;_PutChar_f
<LI><a href="#[be]">&gt;&gt;</a>&nbsp;&nbsp;&nbsp;sysPutNumber
<LI><a href="#[bc]">&gt;&gt;</a>&nbsp;&nbsp;&nbsp;sysPutRepChar
</UL>
<BR>[Called By]<UL><LI><a href="#[c2]">&gt;&gt;</a>&nbsp;&nbsp;&nbsp;sysPrintf
<LI><a href="#[47]">&gt;&gt;</a>&nbsp;&nbsp;&nbsp;sysprintf
</UL>

<P><STRONG><a name="[4]"></a>UartPort</STRONG> (ARM, 20 bytes, Stack size 4 bytes, wb_uart.o(.text))
<BR><BR>[Stack]<UL><LI>Max Depth = 4<LI>Call Chain = UartPort
</UL>
<BR>[Calls]<UL><LI><a href="#[43]">&gt;&gt;</a>&nbsp;&nbsp;&nbsp;sysUartPort
</UL>
<BR>[Address Reference Count : 1]<UL><LI> wb_uart.o(.data)
</UL>
<P><STRONG><a name="[5]"></a>UartInstallcallback</STRONG> (ARM, 28 bytes, Stack size 12 bytes, wb_uart.o(.text))
<BR><BR>[Stack]<UL><LI>Max Depth = 12<LI>Call Chain = UartInstallcallback
</UL>
<BR>[Calls]<UL><LI><a href="#[c4]">&gt;&gt;</a>&nbsp;&nbsp;&nbsp;sysUartInstallcallback
</UL>
<BR>[Address Reference Count : 1]<UL><LI> wb_uart.o(.data)
</UL>
<P><STRONG><a name="[6]"></a>UartInitialize</STRONG> (ARM, 28 bytes, Stack size 16 bytes, wb_uart.o(.text))
<BR><BR>[Stack]<UL><LI>Max Depth = 72 + Unknown Stack Size
<LI>Call Chain = UartInitialize &rArr; sysInitializeUART &rArr; sysInstallISR &rArr; sysInitializeAIC &rArr; sysFlushCache
</UL>
<BR>[Calls]<UL><LI><a href="#[45]">&gt;&gt;</a>&nbsp;&nbsp;&nbsp;sysInitializeUART
</UL>
<BR>[Address Reference Count : 1]<UL><LI> wb_uart.o(.data)
</UL>
<P><STRONG><a name="[7]"></a>UartEnableInt</STRONG> (ARM, 20 bytes, Stack size 8 bytes, wb_uart.o(.text))
<BR><BR>[Stack]<UL><LI>Max Depth = 8<LI>Call Chain = UartEnableInt
</UL>
<BR>[Calls]<UL><LI><a href="#[c5]">&gt;&gt;</a>&nbsp;&nbsp;&nbsp;sysUartEnableInt
</UL>
<BR>[Address Reference Count : 1]<UL><LI> wb_uart.o(.data)
</UL>
<P><STRONG><a name="[8]"></a>UartTransfer</STRONG> (ARM, 28 bytes, Stack size 12 bytes, wb_uart.o(.text))
<BR><BR>[Stack]<UL><LI>Max Depth = 12<LI>Call Chain = UartTransfer
</UL>
<BR>[Calls]<UL><LI><a href="#[c6]">&gt;&gt;</a>&nbsp;&nbsp;&nbsp;sysUartTransfer
</UL>
<BR>[Address Reference Count : 1]<UL><LI> wb_uart.o(.data)
</UL>
<P><STRONG><a name="[9]"></a>UartPutChar</STRONG> (ARM, 20 bytes, Stack size 4 bytes, wb_uart.o(.text))
<BR><BR>[Stack]<UL><LI>Max Depth = 8<LI>Call Chain = UartPutChar &rArr; sysPutChar
</UL>
<BR>[Calls]<UL><LI><a href="#[c3]">&gt;&gt;</a>&nbsp;&nbsp;&nbsp;sysPutChar
</UL>
<BR>[Address Reference Count : 1]<UL><LI> wb_uart.o(.data)
</UL>
<P><STRONG><a name="[a]"></a>UartGetChar</STRONG> (ARM, 20 bytes, Stack size 4 bytes, wb_uart.o(.text))
<BR><BR>[Stack]<UL><LI>Max Depth = 4<LI>Call Chain = UartGetChar
</UL>
<BR>[Calls]<UL><LI><a href="#[c7]">&gt;&gt;</a>&nbsp;&nbsp;&nbsp;sysGetChar
</UL>
<BR>[Address Reference Count : 1]<UL><LI> wb_uart.o(.data)
</UL>
<P><STRONG><a name="[df]"></a>__arm_div8</STRONG> (ARM, 0 bytes, Stack size unknown bytes, aeabi_sdiv.o(.text))
<BR><BR>[Called By]<UL><LI><a href="#[a8]">&gt;&gt;</a>&nbsp;&nbsp;&nbsp;__aeabi_uidivmod
</UL>

<P><STRONG><a name="[de]"></a>__arm_div5</STRONG> (ARM, 0 bytes, Stack size unknown bytes, aeabi_sdiv.o(.text))
<BR><BR>[Called By]<UL><LI><a href="#[a8]">&gt;&gt;</a>&nbsp;&nbsp;&nbsp;__aeabi_uidivmod
</UL>

<P><STRONG><a name="[dd]"></a>__arm_div2</STRONG> (ARM, 0 bytes, Stack size unknown bytes, aeabi_sdiv.o(.text))
<BR><BR>[Called By]<UL><LI><a href="#[a8]">&gt;&gt;</a>&nbsp;&nbsp;&nbsp;__aeabi_uidivmod
</UL>

<P><STRONG><a name="[e0]"></a>__arm_div_large</STRONG> (ARM, 0 bytes, Stack size unknown bytes, aeabi_sdiv.o(.text))
<BR><BR>[Called By]<UL><LI><a href="#[a8]">&gt;&gt;</a>&nbsp;&nbsp;&nbsp;__aeabi_uidivmod
</UL>
<P>
<H3>
Undefined Global Symbols
</H3>
<P><STRONG><a name="[db]"></a>_call_atexit_fns</STRONG> (ARM, 0 bytes, Stack size 0 bytes, UNDEFINED)
<BR><BR>[Called By]<UL><LI><a href="#[31]">&gt;&gt;</a>&nbsp;&nbsp;&nbsp;exit
</UL>
<HR></body></html>
