<html>
<body>
<pre>
<h1>µVision Build Log</h1>
<h2>Tool Versions:</h2>
IDE-Version: ¦ÌVision V5.14.0.0
Copyright (C) 2015 ARM Ltd and ARM Germany GmbH. All rights reserved.
License Information: Rocky Rocky, DSZ, LIC=S5III-TMZ6M-SE5H0-BEH3D-BYKS0-L6VNL
 
Tool Versions:
Toolchain:       MDK-ARM Professional  Version: 5.14.0.0
Toolchain Path:  d:\Keil_v5\ARM\ARMCC\Bin
C Compiler:      Armcc.exe V5.05 update 1 (build 106)
Assembler:       Armasm.exe V5.05 update 1 (build 106)
Linker/Locator:  ArmLink.exe V5.05 update 1 (build 106)
Library Manager: ArmAr.exe V5.05 update 1 (build 106)
Hex Converter:   FromElf.exe V5.05 update 1 (build 106)
CPU DLL:         SARM.DLL V5.14.0.0
Dialog DLL:      DARMATS9.DLL V1.19
Target DLL:      Segger\JLTAgdi.dll V1.59.0.0
Dialog DLL:      TARMATS9.DLL V1.19
 
<h2>Project:</h2>
F:\program_file\work\shenxian\LCD DEMO\FreeRTOS\Demo\ARM9_N329x\KEIL\RTOSDemo.uvproj
Project File Date:  09/26/2019

<h2>Output:</h2>
Build target 'RTOSDemo_ARM'
assembling wb_init.s...
compiling standalone.c...
compiling multithread.c...
compiling main.c...
compiling PollQ_n329.c...
compiling BlockQ_n329.c...
compiling semtest_n329.c...
compiling dynamic_n329.c...
compiling tasks.c...
compiling list.c...
compiling queue.c...
compiling port.c...
assembling portASM.s...
compiling heap_4.c...
linking...
Program Size: Code=36964 RO-data=64 RW-data=680 ZI-data=560724  
After Build - User command #1: fromelf.exe --bin --output output\conprog.bin Objects\lcd_project.axf
"Objects\lcd_project.axf": Error: Q0122E: Could not open file 'Objects\lcd_project.axf': No such file or directory
Finished: 0 information, 0 warning and 1 error messages.
".\Objects\RTOSDemo.axf" - 0 Error(s), 0 Warning(s).
</pre>
</body>
</html>
